Archive member included to satisfy reference by file (symbol)

D:/ST/STM32CubeIDE_2.0.0/STM32CubeIDE/plugins/com.st.stm32cube.ide.mcu.externaltools.gnu-tools-for-stm32.13.3.rel1.win32_1.0.100.202509120712/tools/bin/../lib/gcc/arm-none-eabi/13.3.1/../../../../arm-none-eabi/lib/thumb/v7e-m+dp/hard\libc_nano.a(libc_a-exit.o)
                              D:/ST/STM32CubeIDE_2.0.0/STM32CubeIDE/plugins/com.st.stm32cube.ide.mcu.externaltools.gnu-tools-for-stm32.13.3.rel1.win32_1.0.100.202509120712/tools/bin/../lib/gcc/arm-none-eabi/13.3.1/../../../../arm-none-eabi/lib/thumb/v7e-m+dp/hard/crt0.o (exit)
D:/ST/STM32CubeIDE_2.0.0/STM32CubeIDE/plugins/com.st.stm32cube.ide.mcu.externaltools.gnu-tools-for-stm32.13.3.rel1.win32_1.0.100.202509120712/tools/bin/../lib/gcc/arm-none-eabi/13.3.1/../../../../arm-none-eabi/lib/thumb/v7e-m+dp/hard\libc_nano.a(libc_a-findfp.o)
                              D:/ST/STM32CubeIDE_2.0.0/STM32CubeIDE/plugins/com.st.stm32cube.ide.mcu.externaltools.gnu-tools-for-stm32.13.3.rel1.win32_1.0.100.202509120712/tools/bin/../lib/gcc/arm-none-eabi/13.3.1/../../../../arm-none-eabi/lib/thumb/v7e-m+dp/hard\libc_nano.a(libc_a-exit.o) (__stdio_exit_handler)
D:/ST/STM32CubeIDE_2.0.0/STM32CubeIDE/plugins/com.st.stm32cube.ide.mcu.externaltools.gnu-tools-for-stm32.13.3.rel1.win32_1.0.100.202509120712/tools/bin/../lib/gcc/arm-none-eabi/13.3.1/../../../../arm-none-eabi/lib/thumb/v7e-m+dp/hard\libc_nano.a(libc_a-fwalk.o)
                              D:/ST/STM32CubeIDE_2.0.0/STM32CubeIDE/plugins/com.st.stm32cube.ide.mcu.externaltools.gnu-tools-for-stm32.13.3.rel1.win32_1.0.100.202509120712/tools/bin/../lib/gcc/arm-none-eabi/13.3.1/../../../../arm-none-eabi/lib/thumb/v7e-m+dp/hard\libc_nano.a(libc_a-findfp.o) (_fwalk_sglue)
D:/ST/STM32CubeIDE_2.0.0/STM32CubeIDE/plugins/com.st.stm32cube.ide.mcu.externaltools.gnu-tools-for-stm32.13.3.rel1.win32_1.0.100.202509120712/tools/bin/../lib/gcc/arm-none-eabi/13.3.1/../../../../arm-none-eabi/lib/thumb/v7e-m+dp/hard\libc_nano.a(libc_a-stdio.o)
                              D:/ST/STM32CubeIDE_2.0.0/STM32CubeIDE/plugins/com.st.stm32cube.ide.mcu.externaltools.gnu-tools-for-stm32.13.3.rel1.win32_1.0.100.202509120712/tools/bin/../lib/gcc/arm-none-eabi/13.3.1/../../../../arm-none-eabi/lib/thumb/v7e-m+dp/hard\libc_nano.a(libc_a-findfp.o) (__sread)
D:/ST/STM32CubeIDE_2.0.0/STM32CubeIDE/plugins/com.st.stm32cube.ide.mcu.externaltools.gnu-tools-for-stm32.13.3.rel1.win32_1.0.100.202509120712/tools/bin/../lib/gcc/arm-none-eabi/13.3.1/../../../../arm-none-eabi/lib/thumb/v7e-m+dp/hard\libc_nano.a(libc_a-memset.o)
                              D:/ST/STM32CubeIDE_2.0.0/STM32CubeIDE/plugins/com.st.stm32cube.ide.mcu.externaltools.gnu-tools-for-stm32.13.3.rel1.win32_1.0.100.202509120712/tools/bin/../lib/gcc/arm-none-eabi/13.3.1/../../../../arm-none-eabi/lib/thumb/v7e-m+dp/hard/crt0.o (memset)
D:/ST/STM32CubeIDE_2.0.0/STM32CubeIDE/plugins/com.st.stm32cube.ide.mcu.externaltools.gnu-tools-for-stm32.13.3.rel1.win32_1.0.100.202509120712/tools/bin/../lib/gcc/arm-none-eabi/13.3.1/../../../../arm-none-eabi/lib/thumb/v7e-m+dp/hard\libc_nano.a(libc_a-closer.o)
                              D:/ST/STM32CubeIDE_2.0.0/STM32CubeIDE/plugins/com.st.stm32cube.ide.mcu.externaltools.gnu-tools-for-stm32.13.3.rel1.win32_1.0.100.202509120712/tools/bin/../lib/gcc/arm-none-eabi/13.3.1/../../../../arm-none-eabi/lib/thumb/v7e-m+dp/hard\libc_nano.a(libc_a-stdio.o) (_close_r)
D:/ST/STM32CubeIDE_2.0.0/STM32CubeIDE/plugins/com.st.stm32cube.ide.mcu.externaltools.gnu-tools-for-stm32.13.3.rel1.win32_1.0.100.202509120712/tools/bin/../lib/gcc/arm-none-eabi/13.3.1/../../../../arm-none-eabi/lib/thumb/v7e-m+dp/hard\libc_nano.a(libc_a-reent.o)
                              D:/ST/STM32CubeIDE_2.0.0/STM32CubeIDE/plugins/com.st.stm32cube.ide.mcu.externaltools.gnu-tools-for-stm32.13.3.rel1.win32_1.0.100.202509120712/tools/bin/../lib/gcc/arm-none-eabi/13.3.1/../../../../arm-none-eabi/lib/thumb/v7e-m+dp/hard\libc_nano.a(libc_a-closer.o) (errno)
D:/ST/STM32CubeIDE_2.0.0/STM32CubeIDE/plugins/com.st.stm32cube.ide.mcu.externaltools.gnu-tools-for-stm32.13.3.rel1.win32_1.0.100.202509120712/tools/bin/../lib/gcc/arm-none-eabi/13.3.1/../../../../arm-none-eabi/lib/thumb/v7e-m+dp/hard\libc_nano.a(libc_a-impure.o)
                              D:/ST/STM32CubeIDE_2.0.0/STM32CubeIDE/plugins/com.st.stm32cube.ide.mcu.externaltools.gnu-tools-for-stm32.13.3.rel1.win32_1.0.100.202509120712/tools/bin/../lib/gcc/arm-none-eabi/13.3.1/../../../../arm-none-eabi/lib/thumb/v7e-m+dp/hard\libc_nano.a(libc_a-reent.o) (_impure_ptr)
D:/ST/STM32CubeIDE_2.0.0/STM32CubeIDE/plugins/com.st.stm32cube.ide.mcu.externaltools.gnu-tools-for-stm32.13.3.rel1.win32_1.0.100.202509120712/tools/bin/../lib/gcc/arm-none-eabi/13.3.1/../../../../arm-none-eabi/lib/thumb/v7e-m+dp/hard\libc_nano.a(libc_a-lseekr.o)
[...]
Memory Configuration

Name             Origin             Length             Attributes
ITCMRAM          0x00000000         0x00010000         xrw
DTCMRAM          0x20000000         0x00020000         xrw
FLASH            0x08000000         0x00100000         xr
RAM_D1           0x24000000         0x00050000         xrw
RAM_D2           0x30000000         0x00008000         xrw
RAM_D3           0x38000000         0x00004000         xrw
*default*        0x00000000         0xffffffff

Linker script and memory map

LOAD D:/ST/STM32CubeIDE_2.0.0/STM32CubeIDE/plugins/com.st.stm32cube.ide.mcu.externaltools.gnu-tools-for-stm32.13.3.rel1.win32_1.0.100.202509120712/tools/bin/../lib/gcc/arm-none-eabi/13.3.1/thumb/v7e-m+dp/hard/crti.o
LOAD D:/ST/STM32CubeIDE_2.0.0/STM32CubeIDE/plugins/com.st.stm32cube.ide.mcu.externaltools.gnu-tools-for-stm32.13.3.rel1.win32_1.0.100.202509120712/tools/bin/../lib/gcc/arm-none-eabi/13.3.1/thumb/v7e-m+dp/hard/crtbegin.o
LOAD D:/ST/STM32CubeIDE_2.0.0/STM32CubeIDE/plugins/com.st.stm32cube.ide.mcu.externaltools.gnu-tools-for-stm32.13.3.rel1.win32_1.0.100.202509120712/tools/bin/../lib/gcc/arm-none-eabi/13.3.1/../../../../arm-none-eabi/lib/thumb/v7e-m+dp/hard/crt0.o
LOAD ./Core/Src/freertos.o
LOAD ./Core/Src/gpio.o
LOAD ./Core/Src/main.o
LOAD ./Core/Src/spi.o
LOAD ./Core/Src/stm32h7xx_hal_msp.o
LOAD ./Core/Src/stm32h7xx_hal_timebase_tim.o
LOAD ./Core/Src/stm32h7xx_it.o
LOAD ./Core/Src/syscalls.o
LOAD ./Core/Src/sysmem.o
LOAD ./Core/Src/system_stm32h7xx.o
LOAD ./Core/Src/tim.o
LOAD ./Core/Startup/startup_stm32h723vgtx.o
LOAD ./Drivers/STM32H7xx_HAL_Driver/Src/stm32h7xx_hal.o
LOAD ./Drivers/STM32H7xx_HAL_Driver/Src/stm32h7xx_hal_cortex.o
LOAD ./Drivers/STM32H7xx_HAL_Driver/Src/stm32h7xx_hal_dma.o
LOAD ./Drivers/STM32H7xx_HAL_Driver/Src/stm32h7xx_hal_dma_ex.o
LOAD ./Drivers/STM32H7xx_HAL_Driver/Src/stm32h7xx_hal_exti.o
LOAD ./Drivers/STM32H7xx_HAL_Driver/Src/stm32h7xx_hal_flash.o
LOAD ./Drivers/STM32H7xx_HAL_Driver/Src/stm32h7xx_hal_flash_ex.o
LOAD ./Drivers/STM32H7xx_HAL_Driver/Src/stm32h7xx_hal_gpio.o
LOAD ./Drivers/STM32H7xx_HAL_Driver/Src/stm32h7xx_hal_hsem.o
LOAD ./Drivers/STM32H7xx_HAL_Driver/Src/stm32h7xx_hal_i2c.o
LOAD ./Drivers/STM32H7xx_HAL_Driver/Src/stm32h7xx_hal_i2c_ex.o
LOAD ./Drivers/STM32H7xx_HAL_Driver/Src/stm32h7xx_hal_mdma.o
LOAD ./Drivers/STM32H7xx_HAL_Driver/Src/stm32h7xx_hal_pcd.o
LOAD ./Drivers/STM32H7xx_HAL_Driver/Src/stm32h7xx_hal_pcd_ex.o
LOAD ./Drivers/STM32H7xx_HAL_Driver/Src/stm32h7xx_hal_pwr.o
LOAD ./Drivers/STM32H7xx_HAL_Driver/Src/stm32h7xx_hal_pwr_ex.o
LOAD ./Drivers/STM32H7xx_HAL_Driver/Src/stm32h7xx_hal_rcc.o
LOAD ./Drivers/STM32H7xx_HAL_Driver/Src/stm32h7xx_hal_rcc_ex.o
LOAD ./Drivers/STM32H7xx_HAL_Driver/Src/stm32h7xx_hal_spi.o
LOAD ./Drivers/STM32H7xx_HAL_Driver/Src/stm32h7xx_hal_spi_ex.o
LOAD ./Drivers/STM32H7xx_HAL_Driver/Src/stm32h7xx_hal_tim.o
LOAD ./Drivers/STM32H7xx_HAL_Driver/Src/stm32h7xx_hal_tim_ex.o
LOAD ./Drivers/STM32H7xx_HAL_Driver/Src/stm32h7xx_ll_usb.o
LOAD ./Middlewares/ST/STM32_USB_Device_Library/Class/CDC/Src/usbd_cdc.o
LOAD ./Middlewares/ST/STM32_USB_Device_Library/Core/Src/usbd_core.o
LOAD ./Middlewares/ST/STM32_USB_Device_Library/Core/Src/usbd_ctlreq.o
LOAD ./Middlewares/ST/STM32_USB_Device_Library/Core/Src/usbd_ioreq.o
LOAD ./Middlewares/Third_Party/FreeRTOS/Source/CMSIS_RTOS/cmsis_os.o
LOAD ./Middlewares/Third_Party/FreeRTOS/Source/croutine.o
LOAD ./Middlewares/Third_Party/FreeRTOS/Source/event_groups.o
LOAD ./Middlewares/Third_Party/FreeRTOS/Source/list.o
LOAD ./Middlewares/Third_Party/FreeRTOS/Source/queue.o
LOAD ./Middlewares/Third_Party/FreeRTOS/Source/stream_buffer.o
LOAD ./Middlewares/Third_Party/FreeRTOS/Source/tasks.o
LOAD ./Middlewares/Third_Party/FreeRTOS/Source/timers.o
LOAD ./Middlewares/Third_Party/FreeRTOS/Source/portable/GCC/ARM_CM4F/port.o
LOAD ./Middlewares/Third_Party/FreeRTOS/Source/portable/MemMang/heap_4.o
LOAD ./USB_DEVICE/App/usb_device.o
LOAD ./USB_DEVICE/App/usbd_cdc_if.o
LOAD ./USB_DEVICE/App/usbd_desc.o
LOAD ./USB_DEVICE/Target/usbd_conf.o
START GROUP
LOAD D:/ST/STM32CubeIDE_2.0.0/STM32CubeIDE/plugins/com.st.stm32cube.ide.mcu.externaltools.gnu-tools-for-stm32.13.3.rel1.win32_1.0.100.202509120712/tools/bin/../lib/gcc/arm-none-eabi/13.3.1/../../../../arm-none-eabi/lib/thumb/v7e-m+dp/hard\libc_nano.a
LOAD D:/ST/STM32CubeIDE_2.0.0/STM32CubeIDE/plugins/com.st.stm32cube.ide.mcu.externaltools.gnu-tools-for-stm32.13.3.rel1.win32_1.0.100.202509120712/tools/bin/../lib/gcc/arm-none-eabi/13.3.1/../../../../arm-none-eabi/lib/thumb/v7e-m+dp/hard\libm.a
END GROUP
START GROUP
LOAD D:/ST/STM32CubeIDE_2.0.0/STM32CubeIDE/plugins/com.st.stm32cube.ide.mcu.externaltools.gnu-tools-for-stm32.13.3.rel1.win32_1.0.100.202509120712/tools/bin/../lib/gcc/arm-none-eabi/13.3.1/thumb/v7e-m+dp/hard\libgcc.a
LOAD D:/ST/STM32CubeIDE_2.0.0/STM32CubeIDE/plugins/com.st.stm32cube.ide.mcu.externaltools.gnu-tools-for-stm32.13.3.rel1.win32_1.0.100.202509120712/tools/bin/../lib/gcc/arm-none-eabi/13.3.1/../../../../arm-none-eabi/lib/thumb/v7e-m+dp/hard\libc_nano.a
END GROUP
START GROUP
LOAD D:/ST/STM32CubeIDE_2.0.0/STM32CubeIDE/plugins/com.st.stm32cube.ide.mcu.externaltools.gnu-tools-for-stm32.13.3.rel1.win32_1.0.100.202509120712/tools/bin/../lib/gcc/arm-none-eabi/13.3.1/thumb/v7e-m+dp/hard\libgcc.a
LOAD D:/ST/STM32CubeIDE_2.0.0/STM32CubeIDE/plugins/com.st.stm32cube.ide.mcu.externaltools.gnu-tools-for-stm32.13.3.rel1.win32_1.0.100.202509120712/tools/bin/../lib/gcc/arm-none-eabi/13.3.1/../../../../arm-none-eabi/lib/thumb/v7e-m+dp/hard\libc_nano.a
LOAD D:/ST/STM32CubeIDE_2.0.0/STM32CubeIDE/plugins/com.st.stm32cube.ide.mcu.externaltools.gnu-tools-for-stm32.13.3.rel1.win32_1.0.100.202509120712/tools/bin/../lib/gcc/arm-none-eabi/13.3.1/../../../../arm-none-eabi/lib/thumb/v7e-m+dp/hard\libnosys.a
END GROUP
START GROUP
LOAD D:/ST/STM32CubeIDE_2.0.0/STM32CubeIDE/plugins/com.st.stm32cube.ide.mcu.externaltools.gnu-tools-for-stm32.13.3.rel1.win32_1.0.100.202509120712/tools/bin/../lib/gcc/arm-none-eabi/13.3.1/thumb/v7e-m+dp/hard\libgcc.a
LOAD D:/ST/STM32CubeIDE_2.0.0/STM32CubeIDE/plugins/com.st.stm32cube.ide.mcu.externaltools.gnu-tools-for-stm32.13.3.rel1.win32_1.0.100.202509120712/tools/bin/../lib/gcc/arm-none-eabi/13.3.1/../../../../arm-none-eabi/lib/thumb/v7e-m+dp/hard\libc_nano.a
LOAD D:/ST/STM32CubeIDE_2.0.0/STM32CubeIDE/plugins/com.st.stm32cube.ide.mcu.externaltools.gnu-tools-for-stm32.13.3.rel1.win32_1.0.100.202509120712/tools/bin/../lib/gcc/arm-none-eabi/13.3.1/../../../../arm-none-eabi/lib/thumb/v7e-m+dp/hard\libnosys.a
END GROUP
LOAD D:/ST/STM32CubeIDE_2.0.0/STM32CubeIDE/plugins/com.st.stm32cube.ide.mcu.externaltools.gnu-tools-for-stm32.13.3.rel1.win32_1.0.100.202509120712/tools/bin/../lib/gcc/arm-none-eabi/13.3.1/thumb/v7e-m+dp/hard/crtend.o
LOAD D:/ST/STM32CubeIDE_2.0.0/STM32CubeIDE/plugins/com.st.stm32cube.ide.mcu.externaltools.gnu-tools-for-stm32.13.3.rel1.win32_1.0.100.202509120712/tools/bin/../lib/gcc/arm-none-eabi/13.3.1/thumb/v7e-m+dp/hard/crtn.o
                0x24050000                        _estack = (ORIGIN (RAM_D1) + LENGTH (RAM_D1))
                0x00000200                        _Min_Heap_Size = 0x200
                0x00000800                        _Min_Stack_Size = 0x800

.isr_vector     0x08000000      0x2cc
                0x08000000                        . = ALIGN (0x4)
 *(.isr_vector)
 .isr_vector    0x08000000      0x2cc ./Core/Startup/startup_stm32h723vgtx.o
                0x08000000                g_pfnVectors
                0x080002cc                        . = ALIGN (0x4)

.text           0x080002d0     0xd200
                0x080002d0                        . = ALIGN (0x4)
 *(.text)
 .text          0x080002d0       0x40 D:/ST/STM32CubeIDE_2.0.0/STM32CubeIDE/plugins/com.st.stm32cube.ide.mcu.externaltools.gnu-tools-for-stm32.13.3.rel1.win32_1.0.100.202509120712/tools/bin/../lib/gcc/arm-none-eabi/13.3.1/thumb/v7e-m+dp/hard/crtbegin.o
 *(.text*)
 .text.vApplicationGetIdleTaskMemory
                0x08000310       0x34 ./Core/Src/freertos.o
                0x08000310                vApplicationGetIdleTaskMemory
 .text.vApplicationGetTimerTaskMemory
                0x08000344       0x34 ./Core/Src/freertos.o
                0x08000344                vApplicationGetTimerTaskMemory
 .text.MX_FREERTOS_Init
                0x08000378       0x94 ./Core/Src/freertos.o
                0x08000378                MX_FREERTOS_Init
 .text.StartDefaultTask
                0x0800040c       0x14 ./Core/Src/freertos.o
                0x0800040c                StartDefaultTask
 .text.Imu_Task_Entry
                0x08000420       0x10 ./Core/Src/freertos.o
                0x08000420                Imu_Task_Entry
 .text.Boat_Task_Entry
                0x08000430       0x10 ./Core/Src/freertos.o
                0x08000430                Boat_Task_Entry
 .text.MX_GPIO_Init
                0x08000440      0x13c ./Core/Src/gpio.o
                0x08000440                MX_GPIO_Init
 .text.main     0x0800057c       0x30 ./Core/Src/main.o
                0x0800057c                main
 .text.SystemClock_Config
                0x080005ac       0xf4 ./Core/Src/main.o
                0x080005ac                SystemClock_Config
 .text.HAL_TIM_PeriodElapsedCallback
                0x080006a0       0x24 ./Core/Src/main.o
                0x080006a0                HAL_TIM_PeriodElapsedCallback
 .text.Error_Handler
                0x080006c4        0xc ./Core/Src/main.o
                0x080006c4                Error_Handler
 .text.MX_SPI2_Init
                0x080006d0       0xb0 ./Core/Src/spi.o
                0x080006d0                MX_SPI2_Init
 .text.MX_SPI6_Init
                0x08000780       0xb0 ./Core/Src/spi.o
                0x08000780                MX_SPI6_Init
 .text.HAL_SPI_MspInit
                0x08000830      0x208 ./Core/Src/spi.o
                0x08000830                HAL_SPI_MspInit
 .text.HAL_MspInit
                0x08000a38       0x3c ./Core/Src/stm32h7xx_hal_msp.o
                0x08000a38                HAL_MspInit
 .text.HAL_InitTick
                0x08000a74       0xc4 ./Core/Src/stm32h7xx_hal_timebase_tim.o
                0x08000a74                HAL_InitTick
 .text.NMI_Handler
                0x08000b38        0x8 ./Core/Src/stm32h7xx_it.o
                0x08000b38                NMI_Handler
 .text.HardFault_Handler
                0x08000b40        0x8 ./Core/Src/stm32h7xx_it.o
                0x08000b40                HardFault_Handler
 .text.MemManage_Handler
                0x08000b48        0x8 ./Core/Src/stm32h7xx_it.o
                0x08000b48                MemManage_Handler
 .text.BusFault_Handler
                0x08000b50        0x8 ./Core/Src/stm32h7xx_it.o
                0x08000b50                BusFault_Handler
 .text.UsageFault_Handler
                0x08000b58        0x8 ./Core/Src/stm32h7xx_it.o
                0x08000b58                UsageFault_Handler
 .text.DebugMon_Handler
                0x08000b60        0xe ./Core/Src/stm32h7xx_it.o
                0x08000b60                DebugMon_Handler
 *fill*         0x08000b6e        0x2 
 .text.OTG_HS_IRQHandler
                0x08000b70       0x14 ./Core/Src/stm32h7xx_it.o
                0x08000b70                OTG_HS_IRQHandler
 .text.TIM23_IRQHandler
                0x08000b84       0x14 ./Core/Src/stm32h7xx_it.o
                0x08000b84                TIM23_IRQHandler
 .text.SystemInit
                0x08000b98       0xf0 ./Core/Src/system_stm32h7xx.o
                0x08000b98                SystemInit
 .text.MX_TIM1_Init
                0x08000c88      0x170 ./Core/Src/tim.o
                0x08000c88                MX_TIM1_Init
 .text.MX_TIM2_Init
                0x08000df8      0x104 ./Core/Src/tim.o
                0x08000df8                MX_TIM2_Init
 .text.MX_TIM3_Init
                0x08000efc       0xf0 ./Core/Src/tim.o
                0x08000efc                MX_TIM3_Init
 .text.HAL_TIM_Base_MspInit
                0x08000fec       0x9c ./Core/Src/tim.o
                0x08000fec                HAL_TIM_Base_MspInit
 .text.HAL_TIM_MspPostInit
                0x08001088      0x118 ./Core/Src/tim.o
                0x08001088                HAL_TIM_MspPostInit
 .text.Reset_Handler
                0x080011a0       0x50 ./Core/Startup/startup_stm32h723vgtx.o
                0x080011a0                Reset_Handler
 .text.Default_Handler
                0x080011f0        0x2 ./Core/Startup/startup_stm32h723vgtx.o
                0x080011f0                RTC_Alarm_IRQHandler
                0x080011f0                EXTI2_IRQHandler
                0x080011f0                TIM8_CC_IRQHandler
                0x080011f0                UART8_IRQHandler
                0x080011f0                SPI4_IRQHandler
                0x080011f0                FDCAN3_IT0_IRQHandler
                0x080011f0                TIM1_CC_IRQHandler
                0x080011f0                BDMA_Channel6_IRQHandler
                0x080011f0                DMA2_Stream5_IRQHandler
                0x080011f0                DMA1_Stream5_IRQHandler
                0x080011f0                CORDIC_IRQHandler
                0x080011f0                BDMA_Channel1_IRQHandler
                0x080011f0                TAMP_STAMP_IRQHandler
                0x080011f0                EXTI3_IRQHandler
                0x080011f0                LPTIM4_IRQHandler
                0x080011f0                TIM8_TRG_COM_TIM14_IRQHandler
                0x080011f0                LPTIM2_IRQHandler
                0x080011f0                DFSDM1_FLT1_IRQHandler
                0x080011f0                DMAMUX2_OVR_IRQHandler
                0x080011f0                TIM8_UP_TIM13_IRQHandler
                0x080011f0                I2C3_ER_IRQHandler
                0x080011f0                DFSDM1_FLT2_IRQHandler
                0x080011f0                I2C5_EV_IRQHandler
                0x080011f0                USART10_IRQHandler
                0x080011f0                MDMA_IRQHandler
                0x080011f0                LPTIM3_IRQHandler
                0x080011f0                HSEM1_IRQHandler
                0x080011f0                EXTI0_IRQHandler
                0x080011f0                I2C2_EV_IRQHandler
                0x080011f0                DMA1_Stream2_IRQHandler
                0x080011f0                FPU_IRQHandler
                0x080011f0                OTG_HS_WKUP_IRQHandler
                0x080011f0                FDCAN1_IT1_IRQHandler
                0x080011f0                LTDC_ER_IRQHandler
                0x080011f0                DMA2_Stream2_IRQHandler
                0x080011f0                SPI1_IRQHandler
                0x080011f0                OCTOSPI1_IRQHandler
                0x080011f0                TIM6_DAC_IRQHandler
                0x080011f0                DMA2_Stream3_IRQHandler
                0x080011f0                OCTOSPI2_IRQHandler
                0x080011f0                DFSDM1_FLT3_IRQHandler
                0x080011f0                USART6_IRQHandler
                0x080011f0                TIM17_IRQHandler
                0x080011f0                USART3_IRQHandler
                0x080011f0                BDMA_Channel7_IRQHandler
                0x080011f0                LPTIM5_IRQHandler
                0x080011f0                UART5_IRQHandler
                0x080011f0                ADC3_IRQHandler
                0x080011f0                DMA2_Stream0_IRQHandler
                0x080011f0                TIM4_IRQHandler
                0x080011f0                BDMA_Channel2_IRQHandler
                0x080011f0                I2C1_EV_IRQHandler
                0x080011f0                DMA1_Stream6_IRQHandler
                0x080011f0                DMAMUX1_OVR_IRQHandler
                0x080011f0                DMA1_Stream1_IRQHandler
                0x080011f0                TIM16_IRQHandler
                0x080011f0                UART4_IRQHandler
                0x080011f0                BDMA_Channel5_IRQHandler
                0x080011f0                TIM3_IRQHandler
                0x080011f0                RCC_IRQHandler
                0x080011f0                UART9_IRQHandler
                0x080011f0                TIM8_BRK_TIM12_IRQHandler
                0x080011f0                TIM1_TRG_COM_IRQHandler
                0x080011f0                Default_Handler
                0x080011f0                ECC_IRQHandler
                0x080011f0                FMAC_IRQHandler
                0x080011f0                CEC_IRQHandler
                0x080011f0                EXTI15_10_IRQHandler
                0x080011f0                BDMA_Channel0_IRQHandler
                0x080011f0                ADC_IRQHandler
                0x080011f0                I2C5_ER_IRQHandler
                0x080011f0                DMA1_Stream7_IRQHandler
                0x080011f0                SPI5_IRQHandler
                0x080011f0                TIM7_IRQHandler
                0x080011f0                FDCAN3_IT1_IRQHandler
                0x080011f0                SDMMC1_IRQHandler
                0x080011f0                TIM5_IRQHandler
                0x080011f0                DMA2_Stream7_IRQHandler
                0x080011f0                TIM15_IRQHandler
                0x080011f0                PVD_AVD_IRQHandler
                0x080011f0                I2C3_EV_IRQHandler
                0x080011f0                EXTI9_5_IRQHandler
                0x080011f0                RTC_WKUP_IRQHandler
                0x080011f0                LTDC_IRQHandler
                0x080011f0                ETH_WKUP_IRQHandler
                0x080011f0                SPDIF_RX_IRQHandler
                0x080011f0                SPI2_IRQHandler
                0x080011f0                OTG_HS_EP1_IN_IRQHandler
                0x080011f0                DMA1_Stream0_IRQHandler
                0x080011f0                TIM24_IRQHandler
                0x080011f0                CRS_IRQHandler
                0x080011f0                EXTI4_IRQHandler
                0x080011f0                RNG_IRQHandler
                0x080011f0                FDCAN2_IT1_IRQHandler
                0x080011f0                ETH_IRQHandler
                0x080011f0                TIM1_UP_IRQHandler
                0x080011f0                BDMA_Channel4_IRQHandler
                0x080011f0                OTG_HS_EP1_OUT_IRQHandler
                0x080011f0                WWDG_IRQHandler
                0x080011f0                SPI6_IRQHandler
                0x080011f0                MDIOS_IRQHandler
                0x080011f0                I2C4_EV_IRQHandler
                0x080011f0                FDCAN2_IT0_IRQHandler
                0x080011f0                LPUART1_IRQHandler
                0x080011f0                FDCAN1_IT0_IRQHandler
                0x080011f0                TIM2_IRQHandler
                0x080011f0                DMA2D_IRQHandler
                0x080011f0                TIM1_BRK_IRQHandler
                0x080011f0                EXTI1_IRQHandler
                0x080011f0                SDMMC2_IRQHandler
                0x080011f0                BDMA_Channel3_IRQHandler
                0x080011f0                DTS_IRQHandler
                0x080011f0                UART7_IRQHandler
                0x080011f0                MDIOS_WKUP_IRQHandler
                0x080011f0                USART2_IRQHandler
                0x080011f0                DFSDM1_FLT0_IRQHandler
                0x080011f0                SAI4_IRQHandler
                0x080011f0                I2C2_ER_IRQHandler
                0x080011f0                DMA2_Stream1_IRQHandler
                0x080011f0                FLASH_IRQHandler
                0x080011f0                DMA2_Stream4_IRQHandler
                0x080011f0                USART1_IRQHandler
                0x080011f0                SPI3_IRQHandler
                0x080011f0                WAKEUP_PIN_IRQHandler
                0x080011f0                DMA1_Stream4_IRQHandler
                0x080011f0                I2C1_ER_IRQHandler
                0x080011f0                FMC_IRQHandler
                0x080011f0                FDCAN_CAL_IRQHandler
                0x080011f0                SWPMI1_IRQHandler
                0x080011f0                COMP1_IRQHandler
                0x080011f0                LPTIM1_IRQHandler
                0x080011f0                DCMI_PSSI_IRQHandler
                0x080011f0                I2C4_ER_IRQHandler
                0x080011f0                DMA2_Stream6_IRQHandler
                0x080011f0                SAI1_IRQHandler
                0x080011f0                DMA1_Stream3_IRQHandler
 *fill*         0x080011f2        0x2 
 .text.HAL_Init
                0x080011f4       0x78 ./Drivers/STM32H7xx_HAL_Driver/Src/stm32h7xx_hal.o
                0x080011f4                HAL_Init
 .text.HAL_IncTick
                0x0800126c       0x28 ./Drivers/STM32H7xx_HAL_Driver/Src/stm32h7xx_hal.o
                0x0800126c                HAL_IncTick
 .text.HAL_GetTick
                0x08001294       0x18 ./Drivers/STM32H7xx_HAL_Driver/Src/stm32h7xx_hal.o
                0x08001294                HAL_GetTick
 .text.HAL_Delay
                0x080012ac       0x48 ./Drivers/STM32H7xx_HAL_Driver/Src/stm32h7xx_hal.o
                0x080012ac                HAL_Delay
 .text.HAL_SYSCFG_AnalogSwitchConfig
                0x080012f4       0x2c ./Drivers/STM32H7xx_HAL_Driver/Src/stm32h7xx_hal.o
                0x080012f4                HAL_SYSCFG_AnalogSwitchConfig
 .text.__NVIC_SetPriorityGrouping
                0x08001320       0x48 ./Drivers/STM32H7xx_HAL_Driver/Src/stm32h7xx_hal_cortex.o
 .text.__NVIC_GetPriorityGrouping
                0x08001368       0x1c ./Drivers/STM32H7xx_HAL_Driver/Src/stm32h7xx_hal_cortex.o
 .text.__NVIC_EnableIRQ
                0x08001384       0x3c ./Drivers/STM32H7xx_HAL_Driver/Src/stm32h7xx_hal_cortex.o
 .text.__NVIC_SetPriority
                0x080013c0       0x54 ./Drivers/STM32H7xx_HAL_Driver/Src/stm32h7xx_hal_cortex.o
 .text.NVIC_EncodePriority
                0x08001414       0x66 ./Drivers/STM32H7xx_HAL_Driver/Src/stm32h7xx_hal_cortex.o
 .text.HAL_NVIC_SetPriorityGrouping
                0x0800147a       0x16 ./Drivers/STM32H7xx_HAL_Driver/Src/stm32h7xx_hal_cortex.o
                0x0800147a                HAL_NVIC_SetPriorityGrouping
 .text.HAL_NVIC_SetPriority
                0x08001490       0x34 ./Drivers/STM32H7xx_HAL_Driver/Src/stm32h7xx_hal_cortex.o
                0x08001490                HAL_NVIC_SetPriority
 .text.HAL_NVIC_EnableIRQ
                0x080014c4       0x1c ./Drivers/STM32H7xx_HAL_Driver/Src/stm32h7xx_hal_cortex.o
                0x080014c4                HAL_NVIC_EnableIRQ
 .text.HAL_GPIO_Init
                0x080014e0      0x350 ./Drivers/STM32H7xx_HAL_Driver/Src/stm32h7xx_hal_gpio.o
                0x080014e0                HAL_GPIO_Init
 .text.HAL_GPIO_WritePin
                0x08001830       0x32 ./Drivers/STM32H7xx_HAL_Driver/Src/stm32h7xx_hal_gpio.o
                0x08001830                HAL_GPIO_WritePin
 .text.HAL_PCD_Init
                0x08001862      0x218 ./Drivers/STM32H7xx_HAL_Driver/Src/stm32h7xx_hal_pcd.o
                0x08001862                HAL_PCD_Init
 .text.HAL_PCD_Start
                0x08001a7a       0x6a ./Drivers/STM32H7xx_HAL_Driver/Src/stm32h7xx_hal_pcd.o
                0x08001a7a                HAL_PCD_Start
 .text.HAL_PCD_IRQHandler
                0x08001ae4      0x99c ./Drivers/STM32H7xx_HAL_Driver/Src/stm32h7xx_hal_pcd.o
                0x08001ae4                HAL_PCD_IRQHandler
 .text.HAL_PCD_SetAddress
                0x08002480       0x48 ./Drivers/STM32H7xx_HAL_Driver/Src/stm32h7xx_hal_pcd.o
                0x08002480                HAL_PCD_SetAddress
 .text.HAL_PCD_EP_Open
                0x080024c8       0xd4 ./Drivers/STM32H7xx_HAL_Driver/Src/stm32h7xx_hal_pcd.o
                0x080024c8                HAL_PCD_EP_Open
 .text.HAL_PCD_EP_Close
                0x0800259c       0x94 ./Drivers/STM32H7xx_HAL_Driver/Src/stm32h7xx_hal_pcd.o
                0x0800259c                HAL_PCD_EP_Close
 .text.HAL_PCD_EP_Receive
                0x08002630       0x76 ./Drivers/STM32H7xx_HAL_Driver/Src/stm32h7xx_hal_pcd.o
                0x08002630                HAL_PCD_EP_Receive
 .text.HAL_PCD_EP_GetRxCount
                0x080026a6       0x30 ./Drivers/STM32H7xx_HAL_Driver/Src/stm32h7xx_hal_pcd.o
                0x080026a6                HAL_PCD_EP_GetRxCount
 .text.HAL_PCD_EP_Transmit
                0x080026d6       0x74 ./Drivers/STM32H7xx_HAL_Driver/Src/stm32h7xx_hal_pcd.o
                0x080026d6                HAL_PCD_EP_Transmit
 .text.HAL_PCD_EP_SetStall
                0x0800274a       0xc6 ./Drivers/STM32H7xx_HAL_Driver/Src/stm32h7xx_hal_pcd.o
                0x0800274a                HAL_PCD_EP_SetStall
 .text.HAL_PCD_EP_ClrStall
                0x08002810       0xac ./Drivers/STM32H7xx_HAL_Driver/Src/stm32h7xx_hal_pcd.o
                0x08002810                HAL_PCD_EP_ClrStall
 .text.HAL_PCD_EP_Abort
                0x080028bc       0x62 ./Drivers/STM32H7xx_HAL_Driver/Src/stm32h7xx_hal_pcd.o
                0x080028bc                HAL_PCD_EP_Abort
 .text.PCD_WriteEmptyTxFifo
                0x0800291e      0x118 ./Drivers/STM32H7xx_HAL_Driver/Src/stm32h7xx_hal_pcd.o
 *fill*         0x08002a36        0x2 
 .text.PCD_EP_OutXfrComplete_int
                0x08002a38      0x1d0 ./Drivers/STM32H7xx_HAL_Driver/Src/stm32h7xx_hal_pcd.o
 .text.PCD_EP_OutSetupPacket_int
                0x08002c08       0x8c ./Drivers/STM32H7xx_HAL_Driver/Src/stm32h7xx_hal_pcd.o
 .text.HAL_PCDEx_SetTxFiFo
                0x08002c94       0x8e ./Drivers/STM32H7xx_HAL_Driver/Src/stm32h7xx_hal_pcd_ex.o
                0x08002c94                HAL_PCDEx_SetTxFiFo
 .text.HAL_PCDEx_SetRxFiFo
                0x08002d22       0x22 ./Drivers/STM32H7xx_HAL_Driver/Src/stm32h7xx_hal_pcd_ex.o
                0x08002d22                HAL_PCDEx_SetRxFiFo
 .text.HAL_PCDEx_ActivateLPM
                0x08002d44       0x48 ./Drivers/STM32H7xx_HAL_Driver/Src/stm32h7xx_hal_pcd_ex.o
                0x08002d44                HAL_PCDEx_ActivateLPM
 .text.HAL_PCDEx_LPM_Callback
                0x08002d8c       0x18 ./Drivers/STM32H7xx_HAL_Driver/Src/stm32h7xx_hal_pcd_ex.o
                0x08002d8c                HAL_PCDEx_LPM_Callback
 .text.HAL_PWREx_ConfigSupply
                0x08002da4       0x74 ./Drivers/STM32H7xx_HAL_Driver/Src/stm32h7xx_hal_pwr_ex.o
                0x08002da4                HAL_PWREx_ConfigSupply
 .text.HAL_PWREx_EnableUSBVoltageDetector
                0x08002e18       0x20 ./Drivers/STM32H7xx_HAL_Driver/Src/stm32h7xx_hal_pwr_ex.o
                0x08002e18                HAL_PWREx_EnableUSBVoltageDetector
 .text.HAL_RCC_OscConfig
                0x08002e38      0x7b4 ./Drivers/STM32H7xx_HAL_Driver/Src/stm32h7xx_hal_rcc.o
                0x08002e38                HAL_RCC_OscConfig
 .text.HAL_RCC_ClockConfig
                0x080035ec      0x36c ./Drivers/STM32H7xx_HAL_Driver/Src/stm32h7xx_hal_rcc.o
                0x080035ec                HAL_RCC_ClockConfig
 .text.HAL_RCC_MCOConfig
                0x08003958       0xd4 ./Drivers/STM32H7xx_HAL_Driver/Src/stm32h7xx_hal_rcc.o
                0x08003958                HAL_RCC_MCOConfig
 .text.HAL_RCC_GetSysClockFreq
                0x08003a2c      0x2f4 ./Drivers/STM32H7xx_HAL_Driver/Src/stm32h7xx_hal_rcc.o
                0x08003a2c                HAL_RCC_GetSysClockFreq
 .text.HAL_RCC_GetHCLKFreq
                0x08003d20       0x60 ./Drivers/STM32H7xx_HAL_Driver/Src/stm32h7xx_hal_rcc.o
                0x08003d20                HAL_RCC_GetHCLKFreq
 .text.HAL_RCC_GetPCLK2Freq
                0x08003d80       0x2c ./Drivers/STM32H7xx_HAL_Driver/Src/stm32h7xx_hal_rcc.o
                0x08003d80                HAL_RCC_GetPCLK2Freq
 .text.HAL_RCC_GetClockConfig
                0x08003dac       0x84 ./Drivers/STM32H7xx_HAL_Driver/Src/stm32h7xx_hal_rcc.o
                0x08003dac                HAL_RCC_GetClockConfig
 .text.HAL_RCCEx_PeriphCLKConfig
                0x08003e30     0x1340 ./Drivers/STM32H7xx_HAL_Driver/Src/stm32h7xx_hal_rcc_ex.o
                0x08003e30                HAL_RCCEx_PeriphCLKConfig
 .text.RCCEx_PLL2_Config
                0x08005170      0x164 ./Drivers/STM32H7xx_HAL_Driver/Src/stm32h7xx_hal_rcc_ex.o
 .text.RCCEx_PLL3_Config
                0x080052d4      0x164 ./Drivers/STM32H7xx_HAL_Driver/Src/stm32h7xx_hal_rcc_ex.o
 .text.HAL_SPI_Init
                0x08005438      0x248 ./Drivers/STM32H7xx_HAL_Driver/Src/stm32h7xx_hal_spi.o
                0x08005438                HAL_SPI_Init
 .text.SPI_GetPacketSize
                0x08005680       0x36 ./Drivers/STM32H7xx_HAL_Driver/Src/stm32h7xx_hal_spi.o
 .text.HAL_TIM_Base_Init
                0x080056b6       0xae ./Drivers/STM32H7xx_HAL_Driver/Src/stm32h7xx_hal_tim.o
                0x080056b6                HAL_TIM_Base_Init
 .text.HAL_TIM_Base_Start_IT
                0x08005764      0x10c ./Drivers/STM32H7xx_HAL_Driver/Src/stm32h7xx_hal_tim.o
                0x08005764                HAL_TIM_Base_Start_IT
 .text.HAL_TIM_PWM_Init
                0x08005870       0xae ./Drivers/STM32H7xx_HAL_Driver/Src/stm32h7xx_hal_tim.o
                0x08005870                HAL_TIM_PWM_Init
 .text.HAL_TIM_PWM_MspInit
                0x0800591e       0x14 ./Drivers/STM32H7xx_HAL_Driver/Src/stm32h7xx_hal_tim.o
                0x0800591e                HAL_TIM_PWM_MspInit
 .text.HAL_TIM_IRQHandler
                0x08005932      0x20e ./Drivers/STM32H7xx_HAL_Driver/Src/stm32h7xx_hal_tim.o
                0x08005932                HAL_TIM_IRQHandler
 .text.HAL_TIM_PWM_ConfigChannel
                0x08005b40      0x228 ./Drivers/STM32H7xx_HAL_Driver/Src/stm32h7xx_hal_tim.o
                0x08005b40                HAL_TIM_PWM_ConfigChannel
 .text.HAL_TIM_ConfigClockSource
                0x08005d68      0x1f0 ./Drivers/STM32H7xx_HAL_Driver/Src/stm32h7xx_hal_tim.o
                0x08005d68                HAL_TIM_ConfigClockSource
 .text.HAL_TIM_OC_DelayElapsedCallback
                0x08005f58       0x14 ./Drivers/STM32H7xx_HAL_Driver/Src/stm32h7xx_hal_tim.o
                0x08005f58                HAL_TIM_OC_DelayElapsedCallback
 .text.HAL_TIM_IC_CaptureCallback
                0x08005f6c       0x14 ./Drivers/STM32H7xx_HAL_Driver/Src/stm32h7xx_hal_tim.o
                0x08005f6c                HAL_TIM_IC_CaptureCallback
 .text.HAL_TIM_PWM_PulseFinishedCallback
                0x08005f80       0x14 ./Drivers/STM32H7xx_HAL_Driver/Src/stm32h7xx_hal_tim.o
                0x08005f80                HAL_TIM_PWM_PulseFinishedCallback
 .text.HAL_TIM_TriggerCallback
                0x08005f94       0x14 ./Drivers/STM32H7xx_HAL_Driver/Src/stm32h7xx_hal_tim.o
                0x08005f94                HAL_TIM_TriggerCallback
 .text.TIM_Base_SetConfig
                0x08005fa8      0x158 ./Drivers/STM32H7xx_HAL_Driver/Src/stm32h7xx_hal_tim.o
                0x08005fa8                TIM_Base_SetConfig
 .text.TIM_OC1_SetConfig
                0x08006100      0x120 ./Drivers/STM32H7xx_HAL_Driver/Src/stm32h7xx_hal_tim.o
 .text.TIM_OC2_SetConfig
                0x08006220      0x114 ./Drivers/STM32H7xx_HAL_Driver/Src/stm32h7xx_hal_tim.o
                0x08006220                TIM_OC2_SetConfig
 .text.TIM_OC3_SetConfig
                0x08006334      0x110 ./Drivers/STM32H7xx_HAL_Driver/Src/stm32h7xx_hal_tim.o
 .text.TIM_OC4_SetConfig
                0x08006444       0xd4 ./Drivers/STM32H7xx_HAL_Driver/Src/stm32h7xx_hal_tim.o
 .text.TIM_OC5_SetConfig
                0x08006518       0xc8 ./Drivers/STM32H7xx_HAL_Driver/Src/stm32h7xx_hal_tim.o
 .text.TIM_OC6_SetConfig
                0x080065e0       0xcc ./Drivers/STM32H7xx_HAL_Driver/Src/stm32h7xx_hal_tim.o
 .text.TIM_TI1_ConfigInputStage
                0x080066ac       0x5e ./Drivers/STM32H7xx_HAL_Driver/Src/stm32h7xx_hal_tim.o
 .text.TIM_TI2_ConfigInputStage
                0x0800670a       0x60 ./Drivers/STM32H7xx_HAL_Driver/Src/stm32h7xx_hal_tim.o
 *fill*         0x0800676a        0x2 
 .text.TIM_ITRx_SetConfig
                0x0800676c       0x3c ./Drivers/STM32H7xx_HAL_Driver/Src/stm32h7xx_hal_tim.o
 .text.TIM_ETR_SetConfig
                0x080067a8       0x40 ./Drivers/STM32H7xx_HAL_Driver/Src/stm32h7xx_hal_tim.o
                0x080067a8                TIM_ETR_SetConfig
 .text.HAL_TIMEx_MasterConfigSynchronization
                0x080067e8      0x138 ./Drivers/STM32H7xx_HAL_Driver/Src/stm32h7xx_hal_tim_ex.o
                0x080067e8                HAL_TIMEx_MasterConfigSynchronization
 .text.HAL_TIMEx_ConfigBreakDeadTime
                0x08006920      0x118 ./Drivers/STM32H7xx_HAL_Driver/Src/stm32h7xx_hal_tim_ex.o
                0x08006920                HAL_TIMEx_ConfigBreakDeadTime
 .text.HAL_TIMEx_CommutCallback
                0x08006a38       0x14 ./Drivers/STM32H7xx_HAL_Driver/Src/stm32h7xx_hal_tim_ex.o
                0x08006a38                HAL_TIMEx_CommutCallback
 .text.HAL_TIMEx_BreakCallback
                0x08006a4c       0x14 ./Drivers/STM32H7xx_HAL_Driver/Src/stm32h7xx_hal_tim_ex.o
                0x08006a4c                HAL_TIMEx_BreakCallback
 .text.HAL_TIMEx_Break2Callback
                0x08006a60       0x14 ./Drivers/STM32H7xx_HAL_Driver/Src/stm32h7xx_hal_tim_ex.o
                0x08006a60                HAL_TIMEx_Break2Callback
 .text.USB_CoreInit
                0x08006a74       0xe4 ./Drivers/STM32H7xx_HAL_Driver/Src/stm32h7xx_ll_usb.o
                0x08006a74                USB_CoreInit
 .text.USB_SetTurnaroundTime
                0x08006b58      0x144 ./Drivers/STM32H7xx_HAL_Driver/Src/stm32h7xx_ll_usb.o
                0x08006b58                USB_SetTurnaroundTime
 .text.USB_EnableGlobalInt
                0x08006c9c       0x22 ./Drivers/STM32H7xx_HAL_Driver/Src/stm32h7xx_ll_usb.o
                0x08006c9c                USB_EnableGlobalInt
 .text.USB_DisableGlobalInt
                0x08006cbe       0x22 ./Drivers/STM32H7xx_HAL_Driver/Src/stm32h7xx_ll_usb.o
                0x08006cbe                USB_DisableGlobalInt
 .text.USB_SetCurrentMode
                0x08006ce0       0x98 ./Drivers/STM32H7xx_HAL_Driver/Src/stm32h7xx_ll_usb.o
                0x08006ce0                USB_SetCurrentMode
 .text.USB_DevInit
                0x08006d78      0x2bc ./Drivers/STM32H7xx_HAL_Driver/Src/stm32h7xx_ll_usb.o
                0x08006d78                USB_DevInit
 .text.USB_FlushTxFifo
                0x08007034       0x64 ./Drivers/STM32H7xx_HAL_Driver/Src/stm32h7xx_ll_usb.o
                0x08007034                USB_FlushTxFifo
 .text.USB_FlushRxFifo
                0x08007098       0x5c ./Drivers/STM32H7xx_HAL_Driver/Src/stm32h7xx_ll_usb.o
                0x08007098                USB_FlushRxFifo
 .text.USB_SetDevSpeed
                0x080070f4       0x32 ./Drivers/STM32H7xx_HAL_Driver/Src/stm32h7xx_ll_usb.o
                0x080070f4                USB_SetDevSpeed
 .text.USB_GetDevSpeed
                0x08007126       0x4a ./Drivers/STM32H7xx_HAL_Driver/Src/stm32h7xx_ll_usb.o
                0x08007126                USB_GetDevSpeed
 .text.USB_ActivateEndpoint
                0x08007170      0x110 ./Drivers/STM32H7xx_HAL_Driver/Src/stm32h7xx_ll_usb.o
                0x08007170                USB_ActivateEndpoint
 .text.USB_DeactivateEndpoint
                0x08007280      0x1b8 ./Drivers/STM32H7xx_HAL_Driver/Src/stm32h7xx_ll_usb.o
                0x08007280                USB_DeactivateEndpoint
 .text.USB_EPStartXfer
                0x08007438      0x548 ./Drivers/STM32H7xx_HAL_Driver/Src/stm32h7xx_ll_usb.o
                0x08007438                USB_EPStartXfer
 .text.USB_EPStopXfer
                0x08007980      0x154 ./Drivers/STM32H7xx_HAL_Driver/Src/stm32h7xx_ll_usb.o
                0x08007980                USB_EPStopXfer
 .text.USB_WritePacket
                0x08007ad4       0x7c ./Drivers/STM32H7xx_HAL_Driver/Src/stm32h7xx_ll_usb.o
                0x08007ad4                USB_WritePacket
 .text.USB_ReadPacket
                0x08007b50       0xb0 ./Drivers/STM32H7xx_HAL_Driver/Src/stm32h7xx_ll_usb.o
                0x08007b50                USB_ReadPacket
 .text.USB_EPSetStall
                0x08007c00       0xdc ./Drivers/STM32H7xx_HAL_Driver/Src/stm32h7xx_ll_usb.o
                0x08007c00                USB_EPSetStall
 .text.USB_EPClearStall
                0x08007cdc       0xcc ./Drivers/STM32H7xx_HAL_Driver/Src/stm32h7xx_ll_usb.o
                0x08007cdc                USB_EPClearStall
 .text.USB_SetDevAddress
                0x08007da8       0x4c ./Drivers/STM32H7xx_HAL_Driver/Src/stm32h7xx_ll_usb.o
                0x08007da8                USB_SetDevAddress
 .text.USB_DevConnect
                0x08007df4       0x42 ./Drivers/STM32H7xx_HAL_Driver/Src/stm32h7xx_ll_usb.o
                0x08007df4                USB_DevConnect
 .text.USB_DevDisconnect
                0x08007e36       0x42 ./Drivers/STM32H7xx_HAL_Driver/Src/stm32h7xx_ll_usb.o
                0x08007e36                USB_DevDisconnect
 .text.USB_ReadInterrupts
                0x08007e78       0x26 ./Drivers/STM32H7xx_HAL_Driver/Src/stm32h7xx_ll_usb.o
                0x08007e78                USB_ReadInterrupts
 .text.USB_ReadDevAllOutEpInterrupt
                0x08007e9e       0x34 ./Drivers/STM32H7xx_HAL_Driver/Src/stm32h7xx_ll_usb.o
                0x08007e9e                USB_ReadDevAllOutEpInterrupt
 .text.USB_ReadDevAllInEpInterrupt
                0x08007ed2       0x34 ./Drivers/STM32H7xx_HAL_Driver/Src/stm32h7xx_ll_usb.o
                0x08007ed2                USB_ReadDevAllInEpInterrupt
 .text.USB_ReadDevOutEPInterrupt
                0x08007f06       0x3c ./Drivers/STM32H7xx_HAL_Driver/Src/stm32h7xx_ll_usb.o
                0x08007f06                USB_ReadDevOutEPInterrupt
 .text.USB_ReadDevInEPInterrupt
                0x08007f42       0x5c ./Drivers/STM32H7xx_HAL_Driver/Src/stm32h7xx_ll_usb.o
                0x08007f42                USB_ReadDevInEPInterrupt
 .text.USB_GetMode
                0x08007f9e       0x1c ./Drivers/STM32H7xx_HAL_Driver/Src/stm32h7xx_ll_usb.o
                0x08007f9e                USB_GetMode
 *fill*         0x08007fba        0x2 
 .text.USB_ActivateSetup
                0x08007fbc       0x48 ./Drivers/STM32H7xx_HAL_Driver/Src/stm32h7xx_ll_usb.o
                0x08007fbc                USB_ActivateSetup
 .text.USB_EP0_OutStart
                0x08008004       0xbc ./Drivers/STM32H7xx_HAL_Driver/Src/stm32h7xx_ll_usb.o
                0x08008004                USB_EP0_OutStart
 .text.USB_CoreReset
                0x080080c0       0x62 ./Drivers/STM32H7xx_HAL_Driver/Src/stm32h7xx_ll_usb.o
 *fill*         0x08008122        0x2 
 .text.USBD_CDC_Init
                0x08008124      0x1f0 ./Middlewares/ST/STM32_USB_Device_Library/Class/CDC/Src/usbd_cdc.o
 .text.USBD_CDC_DeInit
                0x08008314      0x104 ./Middlewares/ST/STM32_USB_Device_Library/Class/CDC/Src/usbd_cdc.o
 .text.USBD_CDC_Setup
                0x08008418      0x1b8 ./Middlewares/ST/STM32_USB_Device_Library/Class/CDC/Src/usbd_cdc.o
 .text.USBD_CDC_DataIn
                0x080085d0       0xfe ./Middlewares/ST/STM32_USB_Device_Library/Class/CDC/Src/usbd_cdc.o
 .text.USBD_CDC_DataOut
                0x080086ce       0x70 ./Middlewares/ST/STM32_USB_Device_Library/Class/CDC/Src/usbd_cdc.o
 .text.USBD_CDC_EP0_RxReady
                0x0800873e       0x74 ./Middlewares/ST/STM32_USB_Device_Library/Class/CDC/Src/usbd_cdc.o
 *fill*         0x080087b2        0x2 
 .text.USBD_CDC_GetFSCfgDesc
                0x080087b4       0x70 ./Middlewares/ST/STM32_USB_Device_Library/Class/CDC/Src/usbd_cdc.o
 .text.USBD_CDC_GetHSCfgDesc
                0x08008824       0x70 ./Middlewares/ST/STM32_USB_Device_Library/Class/CDC/Src/usbd_cdc.o
 .text.USBD_CDC_GetOtherSpeedCfgDesc
                0x08008894       0x70 ./Middlewares/ST/STM32_USB_Device_Library/Class/CDC/Src/usbd_cdc.o
 .text.USBD_CDC_GetDeviceQualifierDescriptor
                0x08008904       0x20 ./Middlewares/ST/STM32_USB_Device_Library/Class/CDC/Src/usbd_cdc.o
                0x08008904                USBD_CDC_GetDeviceQualifierDescriptor
 .text.USBD_CDC_RegisterInterface
                0x08008924       0x34 ./Middlewares/ST/STM32_USB_Device_Library/Class/CDC/Src/usbd_cdc.o
                0x08008924                USBD_CDC_RegisterInterface
 .text.USBD_CDC_SetTxBuffer
                0x08008958       0x44 ./Middlewares/ST/STM32_USB_Device_Library/Class/CDC/Src/usbd_cdc.o
                0x08008958                USBD_CDC_SetTxBuffer
 .text.USBD_CDC_SetRxBuffer
                0x0800899c       0x3a ./Middlewares/ST/STM32_USB_Device_Library/Class/CDC/Src/usbd_cdc.o
                0x0800899c                USBD_CDC_SetRxBuffer
 *fill*         0x080089d6        0x2 
 .text.USBD_CDC_ReceivePacket
                0x080089d8       0x6c ./Middlewares/ST/STM32_USB_Device_Library/Class/CDC/Src/usbd_cdc.o
                0x080089d8                USBD_CDC_ReceivePacket
 .text.USBD_Init
                0x08008a44       0x60 ./Middlewares/ST/STM32_USB_Device_Library/Core/Src/usbd_core.o
                0x08008a44                USBD_Init
 .text.USBD_RegisterClass
                0x08008aa4       0x6c ./Middlewares/ST/STM32_USB_Device_Library/Core/Src/usbd_core.o
                0x08008aa4                USBD_RegisterClass
 .text.USBD_Start
                0x08008b10       0x18 ./Middlewares/ST/STM32_USB_Device_Library/Core/Src/usbd_core.o
                0x08008b10                USBD_Start
 .text.USBD_RunTestMode
                0x08008b28       0x16 ./Middlewares/ST/STM32_USB_Device_Library/Core/Src/usbd_core.o
                0x08008b28                USBD_RunTestMode
 .text.USBD_SetClassConfig
                0x08008b3e       0x38 ./Middlewares/ST/STM32_USB_Device_Library/Core/Src/usbd_core.o
                0x08008b3e                USBD_SetClassConfig
 .text.USBD_ClrClassConfig
                0x08008b76       0x34 ./Middlewares/ST/STM32_USB_Device_Library/Core/Src/usbd_core.o
                0x08008b76                USBD_ClrClassConfig
 .text.USBD_LL_SetupStage
                0x08008baa       0xaa ./Middlewares/ST/STM32_USB_Device_Library/Core/Src/usbd_core.o
                0x08008baa                USBD_LL_SetupStage
 .text.USBD_LL_DataOutStage
                0x08008c54      0x166 ./Middlewares/ST/STM32_USB_Device_Library/Core/Src/usbd_core.o
                0x08008c54                USBD_LL_DataOutStage
 .text.USBD_LL_DataInStage
                0x08008dba      0x164 ./Middlewares/ST/STM32_USB_Device_Library/Core/Src/usbd_core.o
                0x08008dba                USBD_LL_DataInStage
 .text.USBD_LL_Reset
                0x08008f1e       0xa4 ./Middlewares/ST/STM32_USB_Device_Library/Core/Src/usbd_core.o
                0x08008f1e                USBD_LL_Reset
 .text.USBD_LL_SetSpeed
                0x08008fc2       0x20 ./Middlewares/ST/STM32_USB_Device_Library/Core/Src/usbd_core.o
                0x08008fc2                USBD_LL_SetSpeed
 .text.USBD_LL_Suspend
                0x08008fe2       0x38 ./Middlewares/ST/STM32_USB_Device_Library/Core/Src/usbd_core.o
                0x08008fe2                USBD_LL_Suspend
 .text.USBD_LL_Resume
                0x0800901a       0x30 ./Middlewares/ST/STM32_USB_Device_Library/Core/Src/usbd_core.o
                0x0800901a                USBD_LL_Resume
 .text.USBD_LL_SOF
                0x0800904a       0x40 ./Middlewares/ST/STM32_USB_Device_Library/Core/Src/usbd_core.o
                0x0800904a                USBD_LL_SOF
 .text.USBD_LL_IsoINIncomplete
                0x0800908a       0x64 ./Middlewares/ST/STM32_USB_Device_Library/Core/Src/usbd_core.o
                0x0800908a                USBD_LL_IsoINIncomplete
 .text.USBD_LL_IsoOUTIncomplete
                0x080090ee       0x64 ./Middlewares/ST/STM32_USB_Device_Library/Core/Src/usbd_core.o
                0x080090ee                USBD_LL_IsoOUTIncomplete
 .text.USBD_LL_DevConnected
                0x08009152       0x16 ./Middlewares/ST/STM32_USB_Device_Library/Core/Src/usbd_core.o
                0x08009152                USBD_LL_DevConnected
 .text.USBD_LL_DevDisconnected
                0x08009168       0x46 ./Middlewares/ST/STM32_USB_Device_Library/Core/Src/usbd_core.o
                0x08009168                USBD_LL_DevDisconnected
 .text.USBD_CoreFindIF
                0x080091ae       0x1a ./Middlewares/ST/STM32_USB_Device_Library/Core/Src/usbd_core.o
                0x080091ae                USBD_CoreFindIF
 .text.USBD_CoreFindEP
                0x080091c8       0x1a ./Middlewares/ST/STM32_USB_Device_Library/Core/Src/usbd_core.o
                0x080091c8                USBD_CoreFindEP
 .text.USBD_GetEpDesc
                0x080091e2       0x70 ./Middlewares/ST/STM32_USB_Device_Library/Core/Src/usbd_core.o
                0x080091e2                USBD_GetEpDesc
 .text.USBD_GetNextDesc
                0x08009252       0x38 ./Middlewares/ST/STM32_USB_Device_Library/Core/Src/usbd_core.o
                0x08009252                USBD_GetNextDesc
 .text.SWAPBYTE
                0x0800928a       0x3e ./Middlewares/ST/STM32_USB_Device_Library/Core/Src/usbd_ctlreq.o
 .text.USBD_StdDevReq
                0x080092c8       0xe4 ./Middlewares/ST/STM32_USB_Device_Library/Core/Src/usbd_ctlreq.o
                0x080092c8                USBD_StdDevReq
 .text.USBD_StdItfReq
                0x080093ac       0xd8 ./Middlewares/ST/STM32_USB_Device_Library/Core/Src/usbd_ctlreq.o
                0x080093ac                USBD_StdItfReq
 .text.USBD_StdEPReq
                0x08009484      0x33a ./Middlewares/ST/STM32_USB_Device_Library/Core/Src/usbd_ctlreq.o
                0x08009484                USBD_StdEPReq
 *fill*         0x080097be        0x2 
 .text.USBD_GetDescriptor
                0x080097c0      0x328 ./Middlewares/ST/STM32_USB_Device_Library/Core/Src/usbd_ctlreq.o
 .text.USBD_SetAddress
                0x08009ae8       0x88 ./Middlewares/ST/STM32_USB_Device_Library/Core/Src/usbd_ctlreq.o
 .text.USBD_SetConfig
                0x08009b70      0x154 ./Middlewares/ST/STM32_USB_Device_Library/Core/Src/usbd_ctlreq.o
 .text.USBD_GetConfig
                0x08009cc4       0x6c ./Middlewares/ST/STM32_USB_Device_Library/Core/Src/usbd_ctlreq.o
 .text.USBD_GetStatus
                0x08009d30       0x68 ./Middlewares/ST/STM32_USB_Device_Library/Core/Src/usbd_ctlreq.o
 .text.USBD_SetFeature
                0x08009d98       0x52 ./Middlewares/ST/STM32_USB_Device_Library/Core/Src/usbd_ctlreq.o
 .text.USBD_ClrFeature
                0x08009dea       0x44 ./Middlewares/ST/STM32_USB_Device_Library/Core/Src/usbd_ctlreq.o
 .text.USBD_ParseSetupRequest
                0x08009e2e       0x74 ./Middlewares/ST/STM32_USB_Device_Library/Core/Src/usbd_ctlreq.o
                0x08009e2e                USBD_ParseSetupRequest
 .text.USBD_CtlError
                0x08009ea2       0x22 ./Middlewares/ST/STM32_USB_Device_Library/Core/Src/usbd_ctlreq.o
                0x08009ea2                USBD_CtlError
 .text.USBD_GetString
                0x08009ec4       0xa4 ./Middlewares/ST/STM32_USB_Device_Library/Core/Src/usbd_ctlreq.o
                0x08009ec4                USBD_GetString
 .text.USBD_GetLen
                0x08009f68       0x34 ./Middlewares/ST/STM32_USB_Device_Library/Core/Src/usbd_ctlreq.o
 .text.USBD_CtlSendData
                0x08009f9c       0x36 ./Middlewares/ST/STM32_USB_Device_Library/Core/Src/usbd_ioreq.o
                0x08009f9c                USBD_CtlSendData
 .text.USBD_CtlContinueSendData
                0x08009fd2       0x22 ./Middlewares/ST/STM32_USB_Device_Library/Core/Src/usbd_ioreq.o
                0x08009fd2                USBD_CtlContinueSendData
 .text.USBD_CtlPrepareRx
                0x08009ff4       0x3a ./Middlewares/ST/STM32_USB_Device_Library/Core/Src/usbd_ioreq.o
                0x08009ff4                USBD_CtlPrepareRx
 .text.USBD_CtlContinueRx
                0x0800a02e       0x22 ./Middlewares/ST/STM32_USB_Device_Library/Core/Src/usbd_ioreq.o
                0x0800a02e                USBD_CtlContinueRx
 .text.USBD_CtlSendStatus
                0x0800a050       0x26 ./Middlewares/ST/STM32_USB_Device_Library/Core/Src/usbd_ioreq.o
                0x0800a050                USBD_CtlSendStatus
 .text.USBD_CtlReceiveStatus
                0x0800a076       0x26 ./Middlewares/ST/STM32_USB_Device_Library/Core/Src/usbd_ioreq.o
                0x0800a076                USBD_CtlReceiveStatus
 .text.makeFreeRtosPriority
                0x0800a09c       0x30 ./Middlewares/Third_Party/FreeRTOS/Source/CMSIS_RTOS/cmsis_os.o
 .text.osKernelStart
                0x0800a0cc        0xe ./Middlewares/Third_Party/FreeRTOS/Source/CMSIS_RTOS/cmsis_os.o
                0x0800a0cc                osKernelStart
 .text.osThreadCreate
                0x0800a0da       0x98 ./Middlewares/Third_Party/FreeRTOS/Source/CMSIS_RTOS/cmsis_os.o
                0x0800a0da                osThreadCreate
 .text.osDelay  0x0800a172       0x28 ./Middlewares/Third_Party/FreeRTOS/Source/CMSIS_RTOS/cmsis_os.o
                0x0800a172                osDelay
 .text.vListInitialise
                0x0800a19a       0x40 ./Middlewares/Third_Party/FreeRTOS/Source/list.o
                0x0800a19a                vListInitialise
 .text.vListInitialiseItem
                0x0800a1da       0x1a ./Middlewares/Third_Party/FreeRTOS/Source/list.o
                0x0800a1da                vListInitialiseItem
 .text.vListInsertEnd
                0x0800a1f4       0x48 ./Middlewares/Third_Party/FreeRTOS/Source/list.o
                0x0800a1f4                vListInsertEnd
 .text.vListInsert
                0x0800a23c       0x72 ./Middlewares/Third_Party/FreeRTOS/Source/list.o
                0x0800a23c                vListInsert
 .text.uxListRemove
                0x0800a2ae       0x54 ./Middlewares/Third_Party/FreeRTOS/Source/list.o
                0x0800a2ae                uxListRemove
 *fill*         0x0800a302        0x2 
 .text.xQueueGenericReset
                0x0800a304       0xd4 ./Middlewares/Third_Party/FreeRTOS/Source/queue.o
                0x0800a304                xQueueGenericReset
 .text.xQueueGenericCreateStatic
                0x0800a3d8       0xfa ./Middlewares/Third_Party/FreeRTOS/Source/queue.o
                0x0800a3d8                xQueueGenericCreateStatic
 .text.prvInitialiseNewQueue
                0x0800a4d2       0x46 ./Middlewares/Third_Party/FreeRTOS/Source/queue.o
 .text.xQueueGenericSend
                0x0800a518      0x204 ./Middlewares/Third_Party/FreeRTOS/Source/queue.o
                0x0800a518                xQueueGenericSend
 .text.xQueueGenericSendFromISR
                0x0800a71c      0x13c ./Middlewares/Third_Party/FreeRTOS/Source/queue.o
                0x0800a71c                xQueueGenericSendFromISR
 .text.xQueueReceive
                0x0800a858      0x1c4 ./Middlewares/Third_Party/FreeRTOS/Source/queue.o
                0x0800a858                xQueueReceive
 .text.prvCopyDataToQueue
                0x0800aa1c       0xd4 ./Middlewares/Third_Party/FreeRTOS/Source/queue.o
 .text.prvCopyDataFromQueue
                0x0800aaf0       0x4c ./Middlewares/Third_Party/FreeRTOS/Source/queue.o
 .text.prvUnlockQueue
                0x0800ab3c       0xa4 ./Middlewares/Third_Party/FreeRTOS/Source/queue.o
 .text.prvIsQueueEmpty
                0x0800abe0       0x2c ./Middlewares/Third_Party/FreeRTOS/Source/queue.o
 .text.prvIsQueueFull
                0x0800ac0c       0x30 ./Middlewares/Third_Party/FreeRTOS/Source/queue.o
 .text.vQueueAddToRegistry
                0x0800ac3c       0x54 ./Middlewares/Third_Party/FreeRTOS/Source/queue.o
                0x0800ac3c                vQueueAddToRegistry
 .text.vQueueWaitForMessageRestricted
                0x0800ac90       0x68 ./Middlewares/Third_Party/FreeRTOS/Source/queue.o
                0x0800ac90                vQueueWaitForMessageRestricted
 .text.xTaskCreateStatic
                0x0800acf8       0xc0 ./Middlewares/Third_Party/FreeRTOS/Source/tasks.o
                0x0800acf8                xTaskCreateStatic
 .text.xTaskCreate
                0x0800adb8       0x8a ./Middlewares/Third_Party/FreeRTOS/Source/tasks.o
                0x0800adb8                xTaskCreate
 .text.prvInitialiseNewTask
                0x0800ae42      0x120 ./Middlewares/Third_Party/FreeRTOS/Source/tasks.o
 *fill*         0x0800af62        0x2 
 .text.prvAddNewTaskToReadyList
                0x0800af64       0xdc ./Middlewares/Third_Party/FreeRTOS/Source/tasks.o
 .text.vTaskDelay
                0x0800b040       0x6c ./Middlewares/Third_Party/FreeRTOS/Source/tasks.o
                0x0800b040                vTaskDelay
 .text.vTaskStartScheduler
                0x0800b0ac       0xd0 ./Middlewares/Third_Party/FreeRTOS/Source/tasks.o
                0x0800b0ac                vTaskStartScheduler
 .text.vTaskSuspendAll
                0x0800b17c       0x1c ./Middlewares/Third_Party/FreeRTOS/Source/tasks.o
                0x0800b17c                vTaskSuspendAll
 .text.xTaskResumeAll
                0x0800b198      0x13c ./Middlewares/Third_Party/FreeRTOS/Source/tasks.o
                0x0800b198                xTaskResumeAll
 .text.xTaskGetTickCount
                0x0800b2d4       0x20 ./Middlewares/Third_Party/FreeRTOS/Source/tasks.o
                0x0800b2d4                xTaskGetTickCount
 .text.xTaskIncrementTick
                0x0800b2f4      0x174 ./Middlewares/Third_Party/FreeRTOS/Source/tasks.o
                0x0800b2f4                xTaskIncrementTick
 .text.vTaskSwitchContext
                0x0800b468       0xb8 ./Middlewares/Third_Party/FreeRTOS/Source/tasks.o
                0x0800b468                vTaskSwitchContext
 .text.vTaskPlaceOnEventList
                0x0800b520       0x4c ./Middlewares/Third_Party/FreeRTOS/Source/tasks.o
                0x0800b520                vTaskPlaceOnEventList
 .text.vTaskPlaceOnEventListRestricted
                0x0800b56c       0x58 ./Middlewares/Third_Party/FreeRTOS/Source/tasks.o
                0x0800b56c                vTaskPlaceOnEventListRestricted
 .text.xTaskRemoveFromEventList
                0x0800b5c4       0xc8 ./Middlewares/Third_Party/FreeRTOS/Source/tasks.o
                0x0800b5c4                xTaskRemoveFromEventList
 .text.vTaskInternalSetTimeOutState
                0x0800b68c       0x2c ./Middlewares/Third_Party/FreeRTOS/Source/tasks.o
                0x0800b68c                vTaskInternalSetTimeOutState
 .text.xTaskCheckForTimeOut
                0x0800b6b8       0xc8 ./Middlewares/Third_Party/FreeRTOS/Source/tasks.o
                0x0800b6b8                xTaskCheckForTimeOut
 .text.vTaskMissedYield
                0x0800b780       0x18 ./Middlewares/Third_Party/FreeRTOS/Source/tasks.o
                0x0800b780                vTaskMissedYield
 .text.prvIdleTask
                0x0800b798       0x30 ./Middlewares/Third_Party/FreeRTOS/Source/tasks.o
 .text.prvInitialiseTaskLists
                0x0800b7c8       0x80 ./Middlewares/Third_Party/FreeRTOS/Source/tasks.o
 .text.prvCheckTasksWaitingTermination
                0x0800b848       0x5c ./Middlewares/Third_Party/FreeRTOS/Source/tasks.o
 .text.prvDeleteTCB
                0x0800b8a4       0x60 ./Middlewares/Third_Party/FreeRTOS/Source/tasks.o
 .text.prvResetNextTaskUnblockTime
                0x0800b904       0x40 ./Middlewares/Third_Party/FreeRTOS/Source/tasks.o
 .text.xTaskGetSchedulerState
                0x0800b944       0x3c ./Middlewares/Third_Party/FreeRTOS/Source/tasks.o
                0x0800b944                xTaskGetSchedulerState
 .text.xTaskPriorityDisinherit
                0x0800b980      0x110 ./Middlewares/Third_Party/FreeRTOS/Source/tasks.o
                0x0800b980                xTaskPriorityDisinherit
 .text.prvAddCurrentTaskToDelayedList
                0x0800ba90       0xcc ./Middlewares/Third_Party/FreeRTOS/Source/tasks.o
 .text.xTimerCreateTimerTask
                0x0800bb5c       0x94 ./Middlewares/Third_Party/FreeRTOS/Source/timers.o
                0x0800bb5c                xTimerCreateTimerTask
 .text.xTimerGenericCommand
                0x0800bbf0       0x9c ./Middlewares/Third_Party/FreeRTOS/Source/timers.o
                0x0800bbf0                xTimerGenericCommand
 .text.prvProcessExpiredTimer
                0x0800bc8c       0x9c ./Middlewares/Third_Party/FreeRTOS/Source/timers.o
 .text.prvTimerTask
                0x0800bd28       0x26 ./Middlewares/Third_Party/FreeRTOS/Source/timers.o
 *fill*         0x0800bd4e        0x2 
 .text.prvProcessTimerOrBlockTask
                0x0800bd50       0x9c ./Middlewares/Third_Party/FreeRTOS/Source/timers.o
 .text.prvGetNextExpireTime
                0x0800bdec       0x48 ./Middlewares/Third_Party/FreeRTOS/Source/timers.o
 .text.prvSampleTimeNow
                0x0800be34       0x40 ./Middlewares/Third_Party/FreeRTOS/Source/timers.o
 .text.prvInsertTimerInActiveList
                0x0800be74       0x84 ./Middlewares/Third_Party/FreeRTOS/Source/timers.o
 .text.prvProcessReceivedCommands
                0x0800bef8      0x194 ./Middlewares/Third_Party/FreeRTOS/Source/timers.o
 .text.prvSwitchTimerLists
                0x0800c08c       0xcc ./Middlewares/Third_Party/FreeRTOS/Source/timers.o
 .text.prvCheckForValidListAndQueue
                0x0800c158       0x80 ./Middlewares/Third_Party/FreeRTOS/Source/timers.o
 .text.pxPortInitialiseStack
                0x0800c1d8       0x68 ./Middlewares/Third_Party/FreeRTOS/Source/portable/GCC/ARM_CM4F/port.o
                0x0800c1d8                pxPortInitialiseStack
 .text.prvTaskExitError
                0x0800c240       0x5c ./Middlewares/Third_Party/FreeRTOS/Source/portable/GCC/ARM_CM4F/port.o
 *fill*         0x0800c29c        0x4 
 .text.SVC_Handler
                0x0800c2a0       0x28 ./Middlewares/Third_Party/FreeRTOS/Source/portable/GCC/ARM_CM4F/port.o
                0x0800c2a0                SVC_Handler
 .text.prvPortStartFirstTask
                0x0800c2c8       0x28 ./Middlewares/Third_Party/FreeRTOS/Source/portable/GCC/ARM_CM4F/port.o
 .text.xPortStartScheduler
                0x0800c2f0      0x148 ./Middlewares/Third_Party/FreeRTOS/Source/portable/GCC/ARM_CM4F/port.o
                0x0800c2f0                xPortStartScheduler
 .text.vPortEnterCritical
                0x0800c438       0x64 ./Middlewares/Third_Party/FreeRTOS/Source/portable/GCC/ARM_CM4F/port.o
                0x0800c438                vPortEnterCritical
 .text.vPortExitCritical
                0x0800c49c       0x54 ./Middlewares/Third_Party/FreeRTOS/Source/portable/GCC/ARM_CM4F/port.o
                0x0800c49c                vPortExitCritical
 .text.PendSV_Handler
                0x0800c4f0       0x68 ./Middlewares/Third_Party/FreeRTOS/Source/portable/GCC/ARM_CM4F/port.o
                0x0800c4f0                PendSV_Handler
 .text.SysTick_Handler
                0x0800c558       0x44 ./Middlewares/Third_Party/FreeRTOS/Source/portable/GCC/ARM_CM4F/port.o
                0x0800c558                SysTick_Handler
 .text.vPortSetupTimerInterrupt
                0x0800c59c       0x48 ./Middlewares/Third_Party/FreeRTOS/Source/portable/GCC/ARM_CM4F/port.o
                0x0800c59c                vPortSetupTimerInterrupt
 .text.vPortEnableVFP
                0x0800c5e4       0x14 ./Middlewares/Third_Party/FreeRTOS/Source/portable/GCC/ARM_CM4F/port.o
 .text.vPortValidateInterruptPriority
                0x0800c5f8       0x84 ./Middlewares/Third_Party/FreeRTOS/Source/portable/GCC/ARM_CM4F/port.o
                0x0800c5f8                vPortValidateInterruptPriority
 .text.pvPortMalloc
                0x0800c67c      0x19c ./Middlewares/Third_Party/FreeRTOS/Source/portable/MemMang/heap_4.o
                0x0800c67c                pvPortMalloc
 .text.vPortFree
                0x0800c818       0xc8 ./Middlewares/Third_Party/FreeRTOS/Source/portable/MemMang/heap_4.o
                0x0800c818                vPortFree
 .text.prvHeapInit
                0x0800c8e0       0xc4 ./Middlewares/Third_Party/FreeRTOS/Source/portable/MemMang/heap_4.o
 .text.prvInsertBlockIntoFreeList
                0x0800c9a4       0xb4 ./Middlewares/Third_Party/FreeRTOS/Source/portable/MemMang/heap_4.o
 .text.MX_USB_DEVICE_Init
                0x0800ca58       0x64 ./USB_DEVICE/App/usb_device.o
                0x0800ca58                MX_USB_DEVICE_Init
 .text.CDC_Init_HS
                0x0800cabc       0x28 ./USB_DEVICE/App/usbd_cdc_if.o
 .text.CDC_DeInit_HS
                0x0800cae4       0x10 ./USB_DEVICE/App/usbd_cdc_if.o
 .text.CDC_Control_HS
                0x0800caf4       0xbc ./USB_DEVICE/App/usbd_cdc_if.o
 .text.CDC_Receive_HS
                0x0800cbb0       0x38 ./USB_DEVICE/App/usbd_cdc_if.o
 .text.CDC_TransmitCplt_HS
                0x0800cbe8       0x22 ./USB_DEVICE/App/usbd_cdc_if.o
 *fill*         0x0800cc0a        0x2 
 .text.USBD_HS_DeviceDescriptor
                0x0800cc0c       0x24 ./USB_DEVICE/App/usbd_desc.o
                0x0800cc0c                USBD_HS_DeviceDescriptor
 .text.USBD_HS_LangIDStrDescriptor
                0x0800cc30       0x24 ./USB_DEVICE/App/usbd_desc.o
                0x0800cc30                USBD_HS_LangIDStrDescriptor
 .text.USBD_HS_ProductStrDescriptor
                0x0800cc54       0x3c ./USB_DEVICE/App/usbd_desc.o
                0x0800cc54                USBD_HS_ProductStrDescriptor
 .text.USBD_HS_ManufacturerStrDescriptor
                0x0800cc90       0x28 ./USB_DEVICE/App/usbd_desc.o
                0x0800cc90                USBD_HS_ManufacturerStrDescriptor
 .text.USBD_HS_SerialStrDescriptor
                0x0800ccb8       0x24 ./USB_DEVICE/App/usbd_desc.o
                0x0800ccb8                USBD_HS_SerialStrDescriptor
 .text.USBD_HS_ConfigStrDescriptor
                0x0800ccdc       0x3c ./USB_DEVICE/App/usbd_desc.o
                0x0800ccdc                USBD_HS_ConfigStrDescriptor
 .text.USBD_HS_InterfaceStrDescriptor
                0x0800cd18       0x3c ./USB_DEVICE/App/usbd_desc.o
                0x0800cd18                USBD_HS_InterfaceStrDescriptor
 .text.Get_SerialNum
                0x0800cd54       0x58 ./USB_DEVICE/App/usbd_desc.o
 .text.IntToUnicode
                0x0800cdac       0x7e ./USB_DEVICE/App/usbd_desc.o
 *fill*         0x0800ce2a        0x2 
 .text.HAL_PCD_MspInit
                0x0800ce2c       0x8c ./USB_DEVICE/Target/usbd_conf.o
                0x0800ce2c                HAL_PCD_MspInit
 .text.HAL_PCD_SetupStageCallback
                0x0800ceb8       0x24 ./USB_DEVICE/Target/usbd_conf.o
                0x0800ceb8                HAL_PCD_SetupStageCallback
 .text.HAL_PCD_DataOutStageCallback
                0x0800cedc       0x36 ./USB_DEVICE/Target/usbd_conf.o
                0x0800cedc                HAL_PCD_DataOutStageCallback
 .text.HAL_PCD_DataInStageCallback
                0x0800cf12       0x34 ./USB_DEVICE/Target/usbd_conf.o
                0x0800cf12                HAL_PCD_DataInStageCallback
 .text.HAL_PCD_SOFCallback
                0x0800cf46       0x1c ./USB_DEVICE/Target/usbd_conf.o
                0x0800cf46                HAL_PCD_SOFCallback
 .text.HAL_PCD_ResetCallback
                0x0800cf62       0x50 ./USB_DEVICE/Target/usbd_conf.o
                0x0800cf62                HAL_PCD_ResetCallback
 *fill*         0x0800cfb2        0x2 
 .text.HAL_PCD_SuspendCallback
                0x0800cfb4       0x4c ./USB_DEVICE/Target/usbd_conf.o
                0x0800cfb4                HAL_PCD_SuspendCallback
 .text.HAL_PCD_ResumeCallback
                0x0800d000       0x1c ./USB_DEVICE/Target/usbd_conf.o
                0x0800d000                HAL_PCD_ResumeCallback
 .text.HAL_PCD_ISOOUTIncompleteCallback
                0x0800d01c       0x24 ./USB_DEVICE/Target/usbd_conf.o
                0x0800d01c                HAL_PCD_ISOOUTIncompleteCallback
 .text.HAL_PCD_ISOINIncompleteCallback
                0x0800d040       0x24 ./USB_DEVICE/Target/usbd_conf.o
                0x0800d040                HAL_PCD_ISOINIncompleteCallback
 .text.HAL_PCD_ConnectCallback
                0x0800d064       0x1c ./USB_DEVICE/Target/usbd_conf.o
                0x0800d064                HAL_PCD_ConnectCallback
 .text.HAL_PCD_DisconnectCallback
                0x0800d080       0x1c ./USB_DEVICE/Target/usbd_conf.o
                0x0800d080                HAL_PCD_DisconnectCallback
 .text.USBD_LL_Init
                0x0800d09c       0xa4 ./USB_DEVICE/Target/usbd_conf.o
                0x0800d09c                USBD_LL_Init
 .text.USBD_LL_Start
                0x0800d140       0x36 ./USB_DEVICE/Target/usbd_conf.o
                0x0800d140                USBD_LL_Start
 .text.USBD_LL_OpenEP
                0x0800d176       0x4c ./USB_DEVICE/Target/usbd_conf.o
                0x0800d176                USBD_LL_OpenEP
 .text.USBD_LL_CloseEP
                0x0800d1c2       0x3e ./USB_DEVICE/Target/usbd_conf.o
                0x0800d1c2                USBD_LL_CloseEP
 .text.USBD_LL_StallEP
                0x0800d200       0x3e ./USB_DEVICE/Target/usbd_conf.o
                0x0800d200                USBD_LL_StallEP
 .text.USBD_LL_ClearStallEP
                0x0800d23e       0x3e ./USB_DEVICE/Target/usbd_conf.o
                0x0800d23e                USBD_LL_ClearStallEP
 .text.USBD_LL_IsStallEP
                0x0800d27c       0x58 ./USB_DEVICE/Target/usbd_conf.o
                0x0800d27c                USBD_LL_IsStallEP
 .text.USBD_LL_SetUSBAddress
                0x0800d2d4       0x3e ./USB_DEVICE/Target/usbd_conf.o
                0x0800d2d4                USBD_LL_SetUSBAddress
 .text.USBD_LL_Transmit
                0x0800d312       0x42 ./USB_DEVICE/Target/usbd_conf.o
                0x0800d312                USBD_LL_Transmit
 .text.USBD_LL_PrepareReceive
                0x0800d354       0x42 ./USB_DEVICE/Target/usbd_conf.o
                0x0800d354                USBD_LL_PrepareReceive
 .text.USBD_LL_GetRxDataSize
                0x0800d396       0x26 ./USB_DEVICE/Target/usbd_conf.o
                0x0800d396                USBD_LL_GetRxDataSize
 .text.USBD_static_malloc
                0x0800d3bc       0x1c ./USB_DEVICE/Target/usbd_conf.o
                0x0800d3bc                USBD_static_malloc
 .text.USBD_static_free
                0x0800d3d8       0x14 ./USB_DEVICE/Target/usbd_conf.o
                0x0800d3d8                USBD_static_free
 .text.USBD_Get_USB_Status
                0x0800d3ec       0x58 ./USB_DEVICE/Target/usbd_conf.o
                0x0800d3ec                USBD_Get_USB_Status
 .text.memset   0x0800d444       0x10 D:/ST/STM32CubeIDE_2.0.0/STM32CubeIDE/plugins/com.st.stm32cube.ide.mcu.externaltools.gnu-tools-for-stm32.13.3.rel1.win32_1.0.100.202509120712/tools/bin/../lib/gcc/arm-none-eabi/13.3.1/../../../../arm-none-eabi/lib/thumb/v7e-m+dp/hard\libc_nano.a(libc_a-memset.o)
                0x0800d444                memset
 .text.__libc_init_array
                0x0800d454       0x48 D:/ST/STM32CubeIDE_2.0.0/STM32CubeIDE/plugins/com.st.stm32cube.ide.mcu.externaltools.gnu-tools-for-stm32.13.3.rel1.win32_1.0.100.202509120712/tools/bin/../lib/gcc/arm-none-eabi/13.3.1/../../../../arm-none-eabi/lib/thumb/v7e-m+dp/hard\libc_nano.a(libc_a-init.o)
                0x0800d454                __libc_init_array
 .text.memcpy   0x0800d49c       0x1c D:/ST/STM32CubeIDE_2.0.0/STM32CubeIDE/plugins/com.st.stm32cube.ide.mcu.externaltools.gnu-tools-for-stm32.13.3.rel1.win32_1.0.100.202509120712/tools/bin/../lib/gcc/arm-none-eabi/13.3.1/../../../../arm-none-eabi/lib/thumb/v7e-m+dp/hard\libc_nano.a(libc_a-memcpy-stub.o)
                0x0800d49c                memcpy
 *(.glue_7)
 .glue_7        0x0800d4b8        0x0 linker stubs
 *(.glue_7t)
 .glue_7t       0x0800d4b8        0x0 linker stubs
 *(.eh_frame)
 .eh_frame      0x0800d4b8        0x0 D:/ST/STM32CubeIDE_2.0.0/STM32CubeIDE/plugins/com.st.stm32cube.ide.mcu.externaltools.gnu-tools-for-stm32.13.3.rel1.win32_1.0.100.202509120712/tools/bin/../lib/gcc/arm-none-eabi/13.3.1/thumb/v7e-m+dp/hard/crtbegin.o
 *(.init)
 .init          0x0800d4b8        0x4 D:/ST/STM32CubeIDE_2.0.0/STM32CubeIDE/plugins/com.st.stm32cube.ide.mcu.externaltools.gnu-tools-for-stm32.13.3.rel1.win32_1.0.100.202509120712/tools/bin/../lib/gcc/arm-none-eabi/13.3.1/thumb/v7e-m+dp/hard/crti.o
                0x0800d4b8                _init
 .init          0x0800d4bc        0x8 D:/ST/STM32CubeIDE_2.0.0/STM32CubeIDE/plugins/com.st.stm32cube.ide.mcu.externaltools.gnu-tools-for-stm32.13.3.rel1.win32_1.0.100.202509120712/tools/bin/../lib/gcc/arm-none-eabi/13.3.1/thumb/v7e-m+dp/hard/crtn.o
 *(.fini)
 .fini          0x0800d4c4        0x4 D:/ST/STM32CubeIDE_2.0.0/STM32CubeIDE/plugins/com.st.stm32cube.ide.mcu.externaltools.gnu-tools-for-stm32.13.3.rel1.win32_1.0.100.202509120712/tools/bin/../lib/gcc/arm-none-eabi/13.3.1/thumb/v7e-m+dp/hard/crti.o
                0x0800d4c4                _fini
 .fini          0x0800d4c8        0x8 D:/ST/STM32CubeIDE_2.0.0/STM32CubeIDE/plugins/com.st.stm32cube.ide.mcu.externaltools.gnu-tools-for-stm32.13.3.rel1.win32_1.0.100.202509120712/tools/bin/../lib/gcc/arm-none-eabi/13.3.1/thumb/v7e-m+dp/hard/crtn.o
                0x0800d4d0                        . = ALIGN (0x4)
                0x0800d4d0                        _etext = .

.vfp11_veneer   0x0800d4d0        0x0
 .vfp11_veneer  0x0800d4d0        0x0 linker stubs

.v4_bx          0x0800d4d0        0x0
 .v4_bx         0x0800d4d0        0x0 linker stubs

.iplt           0x0800d4d0        0x0
 .iplt          0x0800d4d0        0x0 D:/ST/STM32CubeIDE_2.0.0/STM32CubeIDE/plugins/com.st.stm32cube.ide.mcu.externaltools.gnu-tools-for-stm32.13.3.rel1.win32_1.0.100.202509120712/tools/bin/../lib/gcc/arm-none-eabi/13.3.1/thumb/v7e-m+dp/hard/crtbegin.o

.rodata         0x0800d4d0       0xe8
                0x0800d4d0                        . = ALIGN (0x4)
 *(.rodata)
 .rodata        0x0800d4d0       0x78 ./Core/Src/freertos.o
 .rodata        0x0800d548        0x5 ./Middlewares/Third_Party/FreeRTOS/Source/tasks.o
 *fill*         0x0800d54d        0x3 
 .rodata        0x0800d550        0xd ./Middlewares/Third_Party/FreeRTOS/Source/timers.o
 *fill*         0x0800d55d        0x3 
 .rodata        0x0800d560       0x46 ./USB_DEVICE/App/usbd_desc.o
 *(.rodata*)
 *fill*         0x0800d5a6        0x2 
 .rodata.D1CorePrescTable
                0x0800d5a8       0x10 ./Core/Src/system_stm32h7xx.o
                0x0800d5a8                D1CorePrescTable
                0x0800d5b8                        . = ALIGN (0x4)

.ARM.extab
 *(.ARM.extab* .gnu.linkonce.armextab.*)

.ARM            0x0800d5b8        0x0
                0x0800d5b8                        __exidx_start = .
 *(.ARM.exidx*)
                0x0800d5b8                        __exidx_end = .

.preinit_array  0x0800d5b8        0x0
                0x0800d5b8                        PROVIDE (__preinit_array_start = .)
 *(.preinit_array*)
                0x0800d5b8                        PROVIDE (__preinit_array_end = .)

.init_array     0x0800d5b8        0x4
                0x0800d5b8                        PROVIDE (__init_array_start = .)
 *(SORT_BY_NAME(.init_array.*))
 *(.init_array*)
 .init_array    0x0800d5b8        0x4 D:/ST/STM32CubeIDE_2.0.0/STM32CubeIDE/plugins/com.st.stm32cube.ide.mcu.externaltools.gnu-tools-for-stm32.13.3.rel1.win32_1.0.100.202509120712/tools/bin/../lib/gcc/arm-none-eabi/13.3.1/thumb/v7e-m+dp/hard/crtbegin.o
                0x0800d5bc                        PROVIDE (__init_array_end = .)

.fini_array     0x0800d5bc        0x4
                [!provide]                        PROVIDE (__fini_array_start = .)
 *(SORT_BY_NAME(.fini_array.*))
 *(.fini_array*)
 .fini_array    0x0800d5bc        0x4 D:/ST/STM32CubeIDE_2.0.0/STM32CubeIDE/plugins/com.st.stm32cube.ide.mcu.externaltools.gnu-tools-for-stm32.13.3.rel1.win32_1.0.100.202509120712/tools/bin/../lib/gcc/arm-none-eabi/13.3.1/thumb/v7e-m+dp/hard/crtbegin.o
                [!provide]                        PROVIDE (__fini_array_end = .)
                0x0800d5c0                        _sidata = LOADADDR (.data)

.rel.dyn        0x0800d5c0        0x0
 .rel.iplt      0x0800d5c0        0x0 D:/ST/STM32CubeIDE_2.0.0/STM32CubeIDE/plugins/com.st.stm32cube.ide.mcu.externaltools.gnu-tools-for-stm32.13.3.rel1.win32_1.0.100.202509120712/tools/bin/../lib/gcc/arm-none-eabi/13.3.1/thumb/v7e-m+dp/hard/crtbegin.o

.data           0x24000000      0x108 load address 0x0800d5c0
                0x24000000                        . = ALIGN (0x4)
                0x24000000                        _sdata = .
 *(.data)
 *(.data*)
 .data.SystemCoreClock
                0x24000000        0x4 ./Core/Src/system_stm32h7xx.o
                0x24000000                SystemCoreClock
 .data.SystemD2Clock
                0x24000004        0x4 ./Core/Src/system_stm32h7xx.o
                0x24000004                SystemD2Clock
 .data.uwTickPrio
                0x24000008        0x4 ./Drivers/STM32H7xx_HAL_Driver/Src/stm32h7xx_hal.o
                0x24000008                uwTickPrio
 .data.uwTickFreq
                0x2400000c        0x1 ./Drivers/STM32H7xx_HAL_Driver/Src/stm32h7xx_hal.o
                0x2400000c                uwTickFreq
 *fill*         0x2400000d        0x3 
 .data.USBD_CDC_DeviceQualifierDesc
                0x24000010        0xa ./Middlewares/ST/STM32_USB_Device_Library/Class/CDC/Src/usbd_cdc.o
 *fill*         0x2400001a        0x2 
 .data.USBD_CDC
                0x2400001c       0x38 ./Middlewares/ST/STM32_USB_Device_Library/Class/CDC/Src/usbd_cdc.o
                0x2400001c                USBD_CDC
 .data.USBD_CDC_CfgDesc
                0x24000054       0x43 ./Middlewares/ST/STM32_USB_Device_Library/Class/CDC/Src/usbd_cdc.o
 .data.CDCInEpAdd
                0x24000097        0x1 ./Middlewares/ST/STM32_USB_Device_Library/Class/CDC/Src/usbd_cdc.o
 .data.CDCOutEpAdd
                0x24000098        0x1 ./Middlewares/ST/STM32_USB_Device_Library/Class/CDC/Src/usbd_cdc.o
 .data.CDCCmdEpAdd
                0x24000099        0x1 ./Middlewares/ST/STM32_USB_Device_Library/Class/CDC/Src/usbd_cdc.o
 *fill*         0x2400009a        0x2 
 .data.uxCriticalNesting
                0x2400009c        0x4 ./Middlewares/Third_Party/FreeRTOS/Source/portable/GCC/ARM_CM4F/port.o
 .data.USBD_Interface_fops_HS
                0x240000a0       0x14 ./USB_DEVICE/App/usbd_cdc_if.o
                0x240000a0                USBD_Interface_fops_HS
 .data.HS_Desc  0x240000b4       0x20 ./USB_DEVICE/App/usbd_desc.o
                0x240000b4                HS_Desc
 .data.USBD_HS_DeviceDesc
                0x240000d4       0x12 ./USB_DEVICE/App/usbd_desc.o
                0x240000d4                USBD_HS_DeviceDesc
 *fill*         0x240000e6        0x2 
 .data.USBD_LangIDDesc
                0x240000e8        0x4 ./USB_DEVICE/App/usbd_desc.o
                0x240000e8                USBD_LangIDDesc
 .data.USBD_StringSerial
                0x240000ec       0x1a ./USB_DEVICE/App/usbd_desc.o
                0x240000ec                USBD_StringSerial
 *(.RamFunc)
 *(.RamFunc*)
                0x24000108                        . = ALIGN (0x4)
 *fill*         0x24000106        0x2 
                0x24000108                        _edata = .

.igot.plt       0x24000108        0x0 load address 0x0800d6c8
 .igot.plt      0x24000108        0x0 D:/ST/STM32CubeIDE_2.0.0/STM32CubeIDE/plugins/com.st.stm32cube.ide.mcu.externaltools.gnu-tools-for-stm32.13.3.rel1.win32_1.0.100.202509120712/tools/bin/../lib/gcc/arm-none-eabi/13.3.1/thumb/v7e-m+dp/hard/crtbegin.o
                0x24000108                        . = ALIGN (0x4)

.bss            0x24000108     0x9460 load address 0x0800d6c8
                0x24000108                        _sbss = .
                0x24000108                        __bss_start__ = _sbss
 *(.bss)
 .bss           0x24000108       0x1c D:/ST/STM32CubeIDE_2.0.0/STM32CubeIDE/plugins/com.st.stm32cube.ide.mcu.externaltools.gnu-tools-for-stm32.13.3.rel1.win32_1.0.100.202509120712/tools/bin/../lib/gcc/arm-none-eabi/13.3.1/thumb/v7e-m+dp/hard/crtbegin.o
 *(.bss*)
 .bss.defaultTaskHandle
                0x24000124        0x4 ./Core/Src/freertos.o
                0x24000124                defaultTaskHandle
 .bss.Imu_TaskHandle
                0x24000128        0x4 ./Core/Src/freertos.o
                0x24000128                Imu_TaskHandle
 .bss.Imu_TaskBuffer
                0x2400012c     0x2000 ./Core/Src/freertos.o
                0x2400012c                Imu_TaskBuffer
 .bss.Imu_TaskControlBlock
                0x2400212c       0x5c ./Core/Src/freertos.o
                0x2400212c                Imu_TaskControlBlock
 .bss.Boat_TaskHandle
                0x24002188        0x4 ./Core/Src/freertos.o
                0x24002188                Boat_TaskHandle
 .bss.Boat_TaskBuffer
                0x2400218c     0x1000 ./Core/Src/freertos.o
                0x2400218c                Boat_TaskBuffer
 .bss.Boat_TaskControlBlock
                0x2400318c       0x5c ./Core/Src/freertos.o
                0x2400318c                Boat_TaskControlBlock
 .bss.xIdleTaskTCBBuffer
                0x240031e8       0x5c ./Core/Src/freertos.o
 .bss.xIdleStack
                0x24003244      0x200 ./Core/Src/freertos.o
 .bss.xTimerTaskTCBBuffer
                0x24003444       0x5c ./Core/Src/freertos.o
 .bss.xTimerStack
                0x240034a0      0x400 ./Core/Src/freertos.o
 .bss.hspi2     0x240038a0       0x88 ./Core/Src/spi.o
                0x240038a0                hspi2
 .bss.hspi6     0x24003928       0x88 ./Core/Src/spi.o
                0x24003928                hspi6
 .bss.htim23    0x240039b0       0x4c ./Core/Src/stm32h7xx_hal_timebase_tim.o
                0x240039b0                htim23
 .bss.htim1     0x240039fc       0x4c ./Core/Src/tim.o
                0x240039fc                htim1
 .bss.htim2     0x24003a48       0x4c ./Core/Src/tim.o
                0x24003a48                htim2
 .bss.htim3     0x24003a94       0x4c ./Core/Src/tim.o
                0x24003a94                htim3
 .bss.uwTick    0x24003ae0        0x4 ./Drivers/STM32H7xx_HAL_Driver/Src/stm32h7xx_hal.o
                0x24003ae0                uwTick
 .bss.cfgidx.0  0x24003ae4        0x1 ./Middlewares/ST/STM32_USB_Device_Library/Core/Src/usbd_ctlreq.o
 *fill*         0x24003ae5        0x3 
 .bss.xQueueRegistry
                0x24003ae8       0x40 ./Middlewares/Third_Party/FreeRTOS/Source/queue.o
                0x24003ae8                xQueueRegistry
 .bss.pxCurrentTCB
                0x24003b28        0x4 ./Middlewares/Third_Party/FreeRTOS/Source/tasks.o
                0x24003b28                pxCurrentTCB
 .bss.pxReadyTasksLists
                0x24003b2c       0x8c ./Middlewares/Third_Party/FreeRTOS/Source/tasks.o
 .bss.xDelayedTaskList1
                0x24003bb8       0x14 ./Middlewares/Third_Party/FreeRTOS/Source/tasks.o
 .bss.xDelayedTaskList2
                0x24003bcc       0x14 ./Middlewares/Third_Party/FreeRTOS/Source/tasks.o
 .bss.pxDelayedTaskList
                0x24003be0        0x4 ./Middlewares/Third_Party/FreeRTOS/Source/tasks.o
 .bss.pxOverflowDelayedTaskList
                0x24003be4        0x4 ./Middlewares/Third_Party/FreeRTOS/Source/tasks.o
 .bss.xPendingReadyList
                0x24003be8       0x14 ./Middlewares/Third_Party/FreeRTOS/Source/tasks.o
 .bss.xTasksWaitingTermination
                0x24003bfc       0x14 ./Middlewares/Third_Party/FreeRTOS/Source/tasks.o
 .bss.uxDeletedTasksWaitingCleanUp
                0x24003c10        0x4 ./Middlewares/Third_Party/FreeRTOS/Source/tasks.o
 .bss.xSuspendedTaskList
                0x24003c14       0x14 ./Middlewares/Third_Party/FreeRTOS/Source/tasks.o
 .bss.uxCurrentNumberOfTasks
                0x24003c28        0x4 ./Middlewares/Third_Party/FreeRTOS/Source/tasks.o
 .bss.xTickCount
                0x24003c2c        0x4 ./Middlewares/Third_Party/FreeRTOS/Source/tasks.o
 .bss.uxTopReadyPriority
                0x24003c30        0x4 ./Middlewares/Third_Party/FreeRTOS/Source/tasks.o
 .bss.xSchedulerRunning
                0x24003c34        0x4 ./Middlewares/Third_Party/FreeRTOS/Source/tasks.o
 .bss.xPendedTicks
                0x24003c38        0x4 ./Middlewares/Third_Party/FreeRTOS/Source/tasks.o
 .bss.xYieldPending
                0x24003c3c        0x4 ./Middlewares/Third_Party/FreeRTOS/Source/tasks.o
 .bss.xNumOfOverflows
                0x24003c40        0x4 ./Middlewares/Third_Party/FreeRTOS/Source/tasks.o
 .bss.uxTaskNumber
                0x24003c44        0x4 ./Middlewares/Third_Party/FreeRTOS/Source/tasks.o
 .bss.xNextTaskUnblockTime
                0x24003c48        0x4 ./Middlewares/Third_Party/FreeRTOS/Source/tasks.o
 .bss.xIdleTaskHandle
                0x24003c4c        0x4 ./Middlewares/Third_Party/FreeRTOS/Source/tasks.o
 .bss.uxSchedulerSuspended
                0x24003c50        0x4 ./Middlewares/Third_Party/FreeRTOS/Source/tasks.o
 .bss.xActiveTimerList1
                0x24003c54       0x14 ./Middlewares/Third_Party/FreeRTOS/Source/timers.o
 .bss.xActiveTimerList2
                0x24003c68       0x14 ./Middlewares/Third_Party/FreeRTOS/Source/timers.o
 .bss.pxCurrentTimerList
                0x24003c7c        0x4 ./Middlewares/Third_Party/FreeRTOS/Source/timers.o
 .bss.pxOverflowTimerList
                0x24003c80        0x4 ./Middlewares/Third_Party/FreeRTOS/Source/timers.o
 .bss.xTimerQueue
                0x24003c84        0x4 ./Middlewares/Third_Party/FreeRTOS/Source/timers.o
 .bss.xTimerTaskHandle
                0x24003c88        0x4 ./Middlewares/Third_Party/FreeRTOS/Source/timers.o
 .bss.xLastTime.2
                0x24003c8c        0x4 ./Middlewares/Third_Party/FreeRTOS/Source/timers.o
 .bss.ucStaticTimerQueueStorage.1
                0x24003c90       0x78 ./Middlewares/Third_Party/FreeRTOS/Source/timers.o
 .bss.xStaticTimerQueue.0
                0x24003d08       0x50 ./Middlewares/Third_Party/FreeRTOS/Source/timers.o
 .bss.ucMaxSysCallPriority
                0x24003d58        0x1 ./Middlewares/Third_Party/FreeRTOS/Source/portable/GCC/ARM_CM4F/port.o
 *fill*         0x24003d59        0x3 
 .bss.ulMaxPRIGROUPValue
                0x24003d5c        0x4 ./Middlewares/Third_Party/FreeRTOS/Source/portable/GCC/ARM_CM4F/port.o
 .bss.ucHeap    0x24003d60     0x3c00 ./Middlewares/Third_Party/FreeRTOS/Source/portable/MemMang/heap_4.o
 .bss.xStart    0x24007960        0x8 ./Middlewares/Third_Party/FreeRTOS/Source/portable/MemMang/heap_4.o
 .bss.pxEnd     0x24007968        0x4 ./Middlewares/Third_Party/FreeRTOS/Source/portable/MemMang/heap_4.o
 .bss.xFreeBytesRemaining
                0x2400796c        0x4 ./Middlewares/Third_Party/FreeRTOS/Source/portable/MemMang/heap_4.o
 .bss.xMinimumEverFreeBytesRemaining
                0x24007970        0x4 ./Middlewares/Third_Party/FreeRTOS/Source/portable/MemMang/heap_4.o
 .bss.xNumberOfSuccessfulAllocations
                0x24007974        0x4 ./Middlewares/Third_Party/FreeRTOS/Source/portable/MemMang/heap_4.o
 .bss.xNumberOfSuccessfulFrees
                0x24007978        0x4 ./Middlewares/Third_Party/FreeRTOS/Source/portable/MemMang/heap_4.o
 .bss.xBlockAllocatedBit
                0x2400797c        0x4 ./Middlewares/Third_Party/FreeRTOS/Source/portable/MemMang/heap_4.o
 .bss.hUsbDeviceHS
                0x24007980      0x2dc ./USB_DEVICE/App/usb_device.o
                0x24007980                hUsbDeviceHS
 .bss.Rpi_buffer
                0x24007c5c        0x5 ./USB_DEVICE/App/usbd_cdc_if.o
                0x24007c5c                Rpi_buffer
 *fill*         0x24007c61        0x3 
 .bss.UserRxBufferHS
                0x24007c64      0x800 ./USB_DEVICE/App/usbd_cdc_if.o
                0x24007c64                UserRxBufferHS
 .bss.UserTxBufferHS
                0x24008464      0x800 ./USB_DEVICE/App/usbd_cdc_if.o
                0x24008464                UserTxBufferHS
 .bss.USBD_StrDesc
                0x24008c64      0x200 ./USB_DEVICE/App/usbd_desc.o
                0x24008c64                USBD_StrDesc
 .bss.hpcd_USB_OTG_HS
                0x24008e64      0x4e4 ./USB_DEVICE/Target/usbd_conf.o
                0x24008e64                hpcd_USB_OTG_HS
 .bss.mem.0     0x24009348      0x220 ./USB_DEVICE/Target/usbd_conf.o
 *(COMMON)
                0x24009568                        . = ALIGN (0x4)
                0x24009568                        _ebss = .
                0x24009568                        __bss_end__ = _ebss

._user_heap_stack
                0x24009568      0xa00 load address 0x0800d6c8
                0x24009568                        . = ALIGN (0x8)
                [!provide]                        PROVIDE (end = .)
                0x24009568                        PROVIDE (_end = .)
                0x24009768                        . = (. + _Min_Heap_Size)
 *fill*         0x24009568      0x200 
                0x24009f68                        . = (. + _Min_Stack_Size)
 *fill*         0x24009768      0x800 
                0x24009f68                        . = ALIGN (0x8)

/DISCARD/
 libc.a(*)
 libm.a(*)
 libgcc.a(*)

.ARM.attributes
                0x00000000       0x2e
 *(.ARM.attributes)
 .ARM.attributes
                0x00000000       0x20 D:/ST/STM32CubeIDE_2.0.0/STM32CubeIDE/plugins/com.st.stm32cube.ide.mcu.externaltools.gnu-tools-for-stm32.13.3.rel1.win32_1.0.100.202509120712/tools/bin/../lib/gcc/arm-none-eabi/13.3.1/thumb/v7e-m+dp/hard/crti.o
 .ARM.attributes
                0x00000020       0x32 D:/ST/STM32CubeIDE_2.0.0/STM32CubeIDE/plugins/com.st.stm32cube.ide.mcu.externaltools.gnu-tools-for-stm32.13.3.rel1.win32_1.0.100.202509120712/tools/bin/../lib/gcc/arm-none-eabi/13.3.1/thumb/v7e-m+dp/hard/crtbegin.o
 .ARM.attributes
                0x00000052       0x32 ./Core/Src/freertos.o
 .ARM.attributes
                0x00000084       0x32 ./Core/Src/gpio.o
 .ARM.attributes
                0x000000b6       0x32 ./Core/Src/main.o
 .ARM.attributes
                0x000000e8       0x32 ./Core/Src/spi.o
 .ARM.attributes
                0x0000011a       0x32 ./Core/Src/stm32h7xx_hal_msp.o
 .ARM.attributes
                0x0000014c       0x32 ./Core/Src/stm32h7xx_hal_timebase_tim.o
 .ARM.attributes
                0x0000017e       0x32 ./Core/Src/stm32h7xx_it.o
 .ARM.attributes
                0x000001b0       0x32 ./Core/Src/system_stm32h7xx.o
 .ARM.attributes
                0x000001e2       0x32 ./Core/Src/tim.o
 .ARM.attributes
                0x00000214       0x21 ./Core/Startup/startup_stm32h723vgtx.o
 .ARM.attributes
                0x00000235       0x32 ./Drivers/STM32H7xx_HAL_Driver/Src/stm32h7xx_hal.o
 .ARM.attributes
                0x00000267       0x32 ./Drivers/STM32H7xx_HAL_Driver/Src/stm32h7xx_hal_cortex.o
 .ARM.attributes
                0x00000299       0x32 ./Drivers/STM32H7xx_HAL_Driver/Src/stm32h7xx_hal_gpio.o
 .ARM.attributes
                0x000002cb       0x32 ./Drivers/STM32H7xx_HAL_Driver/Src/stm32h7xx_hal_pcd.o
 .ARM.attributes
                0x000002fd       0x32 ./Drivers/STM32H7xx_HAL_Driver/Src/stm32h7xx_hal_pcd_ex.o
 .ARM.attributes
                0x0000032f       0x32 ./Drivers/STM32H7xx_HAL_Driver/Src/stm32h7xx_hal_pwr_ex.o
 .ARM.attributes
                0x00000361       0x32 ./Drivers/STM32H7xx_HAL_Driver/Src/stm32h7xx_hal_rcc.o
 .ARM.attributes
                0x00000393       0x32 ./Drivers/STM32H7xx_HAL_Driver/Src/stm32h7xx_hal_rcc_ex.o
 .ARM.attributes
                0x000003c5       0x32 ./Drivers/STM32H7xx_HAL_Driver/Src/stm32h7xx_hal_spi.o
 .ARM.attributes
                0x000003f7       0x32 ./Drivers/STM32H7xx_HAL_Driver/Src/stm32h7xx_hal_tim.o
 .ARM.attributes
                0x00000429       0x32 ./Drivers/STM32H7xx_HAL_Driver/Src/stm32h7xx_hal_tim_ex.o
 .ARM.attributes
                0x0000045b       0x32 ./Drivers/STM32H7xx_HAL_Driver/Src/stm32h7xx_ll_usb.o
 .ARM.attributes
                0x0000048d       0x32 ./Middlewares/ST/STM32_USB_Device_Library/Class/CDC/Src/usbd_cdc.o
 .ARM.attributes
                0x000004bf       0x32 ./Middlewares/ST/STM32_USB_Device_Library/Core/Src/usbd_core.o
 .ARM.attributes
                0x000004f1       0x32 ./Middlewares/ST/STM32_USB_Device_Library/Core/Src/usbd_ctlreq.o
 .ARM.attributes
                0x00000523       0x32 ./Middlewares/ST/STM32_USB_Device_Library/Core/Src/usbd_ioreq.o
 .ARM.attributes
                0x00000555       0x32 ./Middlewares/Third_Party/FreeRTOS/Source/CMSIS_RTOS/cmsis_os.o
 .ARM.attributes
                0x00000587       0x32 ./Middlewares/Third_Party/FreeRTOS/Source/list.o
 .ARM.attributes
                0x000005b9       0x32 ./Middlewares/Third_Party/FreeRTOS/Source/queue.o
 .ARM.attributes
                0x000005eb       0x32 ./Middlewares/Third_Party/FreeRTOS/Source/tasks.o
 .ARM.attributes
                0x0000061d       0x32 ./Middlewares/Third_Party/FreeRTOS/Source/timers.o
 .ARM.attributes
                0x0000064f       0x32 ./Middlewares/Third_Party/FreeRTOS/Source/portable/GCC/ARM_CM4F/port.o
 .ARM.attributes
                0x00000681       0x32 ./Middlewares/Third_Party/FreeRTOS/Source/portable/MemMang/heap_4.o
 .ARM.attributes
                0x000006b3       0x32 ./USB_DEVICE/App/usb_device.o
 .ARM.attributes
                0x000006e5       0x32 ./USB_DEVICE/App/usbd_cdc_if.o
 .ARM.attributes
                0x00000717       0x32 ./USB_DEVICE/App/usbd_desc.o
 .ARM.attributes
                0x00000749       0x32 ./USB_DEVICE/Target/usbd_conf.o
 .ARM.attributes
                0x0000077b       0x32 D:/ST/STM32CubeIDE_2.0.0/STM32CubeIDE/plugins/com.st.stm32cube.ide.mcu.externaltools.gnu-tools-for-stm32.13.3.rel1.win32_1.0.100.202509120712/tools/bin/../lib/gcc/arm-none-eabi/13.3.1/../../../../arm-none-eabi/lib/thumb/v7e-m+dp/hard\libc_nano.a(libc_a-memset.o)
 .ARM.attributes
                0x000007ad       0x32 D:/ST/STM32CubeIDE_2.0.0/STM32CubeIDE/plugins/com.st.stm32cube.ide.mcu.externaltools.gnu-tools-for-stm32.13.3.rel1.win32_1.0.100.202509120712/tools/bin/../lib/gcc/arm-none-eabi/13.3.1/../../../../arm-none-eabi/lib/thumb/v7e-m+dp/hard\libc_nano.a(libc_a-init.o)
 .ARM.attributes
                0x000007df       0x32 D:/ST/STM32CubeIDE_2.0.0/STM32CubeIDE/plugins/com.st.stm32cube.ide.mcu.externaltools.gnu-tools-for-stm32.13.3.rel1.win32_1.0.100.202509120712/tools/bin/../lib/gcc/arm-none-eabi/13.3.1/../../../../arm-none-eabi/lib/thumb/v7e-m+dp/hard\libc_nano.a(libc_a-memcpy-stub.o)
 .ARM.attributes
                0x00000811       0x20 D:/ST/STM32CubeIDE_2.0.0/STM32CubeIDE/plugins/com.st.stm32cube.ide.mcu.externaltools.gnu-tools-for-stm32.13.3.rel1.win32_1.0.100.202509120712/tools/bin/../lib/gcc/arm-none-eabi/13.3.1/thumb/v7e-m+dp/hard/crtn.o
OUTPUT(HNU_RM_DM02.elf elf32-littlearm)
LOAD linker stubs
LOAD D:/ST/STM32CubeIDE_2.0.0/STM32CubeIDE/plugins/com.st.stm32cube.ide.mcu.externaltools.gnu-tools-for-stm32.13.3.rel1.win32_1.0.100.202509120712/tools/bin/../lib/gcc/arm-none-eabi/13.3.1/../../../../arm-none-eabi/lib/thumb/v7e-m+dp/hard\libc.a
LOAD D:/ST/STM32CubeIDE_2.0.0/STM32CubeIDE/plugins/com.st.stm32cube.ide.mcu.externaltools.gnu-tools-for-stm32.13.3.rel1.win32_1.0.100.202509120712/tools/bin/../lib/gcc/arm-none-eabi/13.3.1/../../../../arm-none-eabi/lib/thumb/v7e-m+dp/hard\libm.a
LOAD D:/ST/STM32CubeIDE_2.0.0/STM32CubeIDE/plugins/com.st.stm32cube.ide.mcu.externaltools.gnu-tools-for-stm32.13.3.rel1.win32_1.0.100.202509120712/tools/bin/../lib/gcc/arm-none-eabi/13.3.1/thumb/v7e-m+dp/hard\libgcc.a

.debug_info     0x00000000    0x24312
 .debug_info    0x00000000      0x638 ./Core/Src/freertos.o
 .debug_info    0x00000638      0x67e ./Core/Src/gpio.o
 .debug_info    0x00000cb6      0xbf0 ./Core/Src/main.o
 .debug_info    0x000018a6     0x1109 ./Core/Src/spi.o
 .debug_info    0x000029af      0x808 ./Core/Src/stm32h7xx_hal_msp.o
 .debug_info    0x000031b7     0x108e ./Core/Src/stm32h7xx_hal_timebase_tim.o
 .debug_info    0x00004245      0xd40 ./Core/Src/stm32h7xx_it.o
 .debug_info    0x00004f85      0xb2e ./Core/Src/system_stm32h7xx.o
 .debug_info    0x00005ab3     0x115b ./Core/Src/tim.o
 .debug_info    0x00006c0e       0x30 ./Core/Startup/startup_stm32h723vgtx.o
 .debug_info    0x00006c3e     0x1698 ./Drivers/STM32H7xx_HAL_Driver/Src/stm32h7xx_hal.o
 .debug_info    0x000082d6     0x10a5 ./Drivers/STM32H7xx_HAL_Driver/Src/stm32h7xx_hal_cortex.o
 .debug_info    0x0000937b      0xc6b ./Drivers/STM32H7xx_HAL_Driver/Src/stm32h7xx_hal_gpio.o
 .debug_info    0x00009fe6     0x1561 ./Drivers/STM32H7xx_HAL_Driver/Src/stm32h7xx_hal_pcd.o
 .debug_info    0x0000b547      0x8b3 ./Drivers/STM32H7xx_HAL_Driver/Src/stm32h7xx_hal_pcd_ex.o
 .debug_info    0x0000bdfa      0xdce ./Drivers/STM32H7xx_HAL_Driver/Src/stm32h7xx_hal_pwr_ex.o
 .debug_info    0x0000cbc8      0xd82 ./Drivers/STM32H7xx_HAL_Driver/Src/stm32h7xx_hal_rcc.o
 .debug_info    0x0000d94a     0x120b ./Drivers/STM32H7xx_HAL_Driver/Src/stm32h7xx_hal_rcc_ex.o
 .debug_info    0x0000eb55     0x144a ./Drivers/STM32H7xx_HAL_Driver/Src/stm32h7xx_hal_spi.o
 .debug_info    0x0000ff9f     0x2bae ./Drivers/STM32H7xx_HAL_Driver/Src/stm32h7xx_hal_tim.o
 .debug_info    0x00012b4d     0x18c1 ./Drivers/STM32H7xx_HAL_Driver/Src/stm32h7xx_hal_tim_ex.o
 .debug_info    0x0001440e     0x1a1e ./Drivers/STM32H7xx_HAL_Driver/Src/stm32h7xx_ll_usb.o
 .debug_info    0x00015e2c     0x133d ./Middlewares/ST/STM32_USB_Device_Library/Class/CDC/Src/usbd_cdc.o
 .debug_info    0x00017169      0xe20 ./Middlewares/ST/STM32_USB_Device_Library/Core/Src/usbd_core.o
 .debug_info    0x00017f89      0xaf9 ./Middlewares/ST/STM32_USB_Device_Library/Core/Src/usbd_ctlreq.o
 .debug_info    0x00018a82      0x770 ./Middlewares/ST/STM32_USB_Device_Library/Core/Src/usbd_ioreq.o
 .debug_info    0x000191f2     0x1cf5 ./Middlewares/Third_Party/FreeRTOS/Source/CMSIS_RTOS/cmsis_os.o
 .debug_info    0x0001aee7      0x2af ./Middlewares/Third_Party/FreeRTOS/Source/list.o
 .debug_info    0x0001b196     0x1adf ./Middlewares/Third_Party/FreeRTOS/Source/queue.o
 .debug_info    0x0001cc75     0x2104 ./Middlewares/Third_Party/FreeRTOS/Source/tasks.o
 .debug_info    0x0001ed79     0x12d4 ./Middlewares/Third_Party/FreeRTOS/Source/timers.o
 .debug_info    0x0002004d      0x4de ./Middlewares/Third_Party/FreeRTOS/Source/portable/GCC/ARM_CM4F/port.o
 .debug_info    0x0002052b      0x4d5 ./Middlewares/Third_Party/FreeRTOS/Source/portable/MemMang/heap_4.o
 .debug_info    0x00020a00      0x725 ./USB_DEVICE/App/usb_device.o
 .debug_info    0x00021125      0x935 ./USB_DEVICE/App/usbd_cdc_if.o
 .debug_info    0x00021a5a      0x4c5 ./USB_DEVICE/App/usbd_desc.o
 .debug_info    0x00021f1f     0x23f3 ./USB_DEVICE/Target/usbd_conf.o

.debug_abbrev   0x00000000     0x5648
 .debug_abbrev  0x00000000      0x1a0 ./Core/Src/freertos.o
 .debug_abbrev  0x000001a0      0x18a ./Core/Src/gpio.o