Archive member included to satisfy reference by file (symbol)

D:/Program Files (x86)/Arm GNU Toolchain arm-none-eabi/13.3 rel1/bin/../lib/gcc/arm-none-eabi/13.3.1/thumb/v7e-m+fp/hard\libgcc.a(_arm_addsubdf3.o)
                              CMakeFiles/HNU_RM_DM02.elf.dir/App/Algorithm/MahonyAHRS.c.obj (__aeabi_f2d)
D:/Program Files (x86)/Arm GNU Toolchain arm-none-eabi/13.3 rel1/bin/../lib/gcc/arm-none-eabi/13.3.1/thumb/v7e-m+fp/hard\libgcc.a(_arm_truncdfsf2.o)
                              CMakeFiles/HNU_RM_DM02.elf.dir/App/Algorithm/MahonyAHRS.c.obj (__aeabi_d2f)
D:/Program Files (x86)/Arm GNU Toolchain arm-none-eabi/13.3 rel1/bin/../lib/gcc/arm-none-eabi/13.3.1/thumb/v7e-m+fp/hard\libg.a(libc_a-exit.o)
                              D:/Program Files (x86)/Arm GNU Toolchain arm-none-eabi/13.3 rel1/bin/../lib/gcc/arm-none-eabi/13.3.1/thumb/v7e-m+fp/hard/crt0.o (exit)
D:/Program Files (x86)/Arm GNU Toolchain arm-none-eabi/13.3 rel1/bin/../lib/gcc/arm-none-eabi/13.3.1/thumb/v7e-m+fp/hard\libg.a(libc_a-findfp.o)
                              D:/Program Files (x86)/Arm GNU Toolchain arm-none-eabi/13.3 rel1/bin/../lib/gcc/arm-none-eabi/13.3.1/thumb/v7e-m+fp/hard\libg.a(libc_a-exit.o) (__stdio_exit_handler)
D:/Program Files (x86)/Arm GNU Toolchain arm-none-eabi/13.3 rel1/bin/../lib/gcc/arm-none-eabi/13.3.1/thumb/v7e-m+fp/hard\libg.a(libc_a-fwalk.o)
                              D:/Program Files (x86)/Arm GNU Toolchain arm-none-eabi/13.3 rel1/bin/../lib/gcc/arm-none-eabi/13.3.1/thumb/v7e-m+fp/hard\libg.a(libc_a-findfp.o) (_fwalk_sglue)
D:/Program Files (x86)/Arm GNU Toolchain arm-none-eabi/13.3 rel1/bin/../lib/gcc/arm-none-eabi/13.3.1/thumb/v7e-m+fp/hard\libg.a(libc_a-stdio.o)
                              D:/Program Files (x86)/Arm GNU Toolchain arm-none-eabi/13.3 rel1/bin/../lib/gcc/arm-none-eabi/13.3.1/thumb/v7e-m+fp/hard\libg.a(libc_a-findfp.o) (__sread)
D:/Program Files (x86)/Arm GNU Toolchain arm-none-eabi/13.3 rel1/bin/../lib/gcc/arm-none-eabi/13.3.1/thumb/v7e-m+fp/hard\libg.a(libc_a-memset.o)
                              D:/Program Files (x86)/Arm GNU Toolchain arm-none-eabi/13.3 rel1/bin/../lib/gcc/arm-none-eabi/13.3.1/thumb/v7e-m+fp/hard/crt0.o (memset)
D:/Program Files (x86)/Arm GNU Toolchain arm-none-eabi/13.3 rel1/bin/../lib/gcc/arm-none-eabi/13.3.1/thumb/v7e-m+fp/hard\libg.a(libc_a-closer.o)
                              D:/Program Files (x86)/Arm GNU Toolchain arm-none-eabi/13.3 rel1/bin/../lib/gcc/arm-none-eabi/13.3.1/thumb/v7e-m+fp/hard\libg.a(libc_a-stdio.o) (_close_r)
D:/Program Files (x86)/Arm GNU Toolchain arm-none-eabi/13.3 rel1/bin/../lib/gcc/arm-none-eabi/13.3.1/thumb/v7e-m+fp/hard\libg.a(libc_a-reent.o)
                              D:/Program Files (x86)/Arm GNU Toolchain arm-none-eabi/13.3 rel1/bin/../lib/gcc/arm-none-eabi/13.3.1/thumb/v7e-m+fp/hard\libg.a(libc_a-closer.o) (errno)
D:/Program Files (x86)/Arm GNU Toolchain arm-none-eabi/13.3 rel1/bin/../lib/gcc/arm-none-eabi/13.3.1/thumb/v7e-m+fp/hard\libg.a(libc_a-impure.o)
                              D:/Program Files (x86)/Arm GNU Toolchain arm-none-eabi/13.3 rel1/bin/../lib/gcc/arm-none-eabi/13.3.1/thumb/v7e-m+fp/hard\libg.a(libc_a-reent.o) (_impure_ptr)
D:/Program Files (x86)/Arm GNU Toolchain arm-none-eabi/13.3 rel1/bin/../lib/gcc/arm-none-eabi/13.3.1/thumb/v7e-m+fp/hard\libg.a(libc_a-lseekr.o)
                              D:/Program Files (x86)/Arm GNU Toolchain arm-none-eabi/13.3 rel1/bin/../lib/gcc/arm-none-eabi/13.3.1/thumb/v7e-m+fp/hard\libg.a(libc_a-stdio.o) (_lseek_r)
D:/Program Files (x86)/Arm GNU Toolchain arm-none-eabi/13.3 rel1/bin/../lib/gcc/arm-none-eabi/13.3.1/thumb/v7e-m+fp/hard\libg.a(libc_a-readr.o)
                              D:/Program Files (x86)/Arm GNU Toolchain arm-none-eabi/13.3 rel1/bin/../lib/gcc/arm-none-eabi/13.3.1/thumb/v7e-m+fp/hard\libg.a(libc_a-stdio.o) (_read_r)
D:/Program Files (x86)/Arm GNU Toolchain arm-none-eabi/13.3 rel1/bin/../lib/gcc/arm-none-eabi/13.3.1/thumb/v7e-m+fp/hard\libg.a(libc_a-writer.o)
                              D:/Program Files (x86)/Arm GNU Toolchain arm-none-eabi/13.3 rel1/bin/../lib/gcc/arm-none-eabi/13.3.1/thumb/v7e-m+fp/hard\libg.a(libc_a-stdio.o) (_write_r)
D:/Program Files (x86)/Arm GNU Toolchain arm-none-eabi/13.3 rel1/bin/../lib/gcc/arm-none-eabi/13.3.1/thumb/v7e-m+fp/hard\libg.a(libc_a-errno.o)
                              CMakeFiles/HNU_RM_DM02.elf.dir/Core/Src/syscalls.c.obj (__errno)
D:/Program Files (x86)/Arm GNU Toolchain arm-none-eabi/13.3 rel1/bin/../lib/gcc/arm-none-eabi/13.3.1/thumb/v7e-m+fp/hard\libg.a(libc_a-init.o)
                              D:/Program Files (x86)/Arm GNU Toolchain arm-none-eabi/13.3 rel1/bin/../lib/gcc/arm-none-eabi/13.3.1/thumb/v7e-m+fp/hard/crt0.o (__libc_init_array)
D:/Program Files (x86)/Arm GNU Toolchain arm-none-eabi/13.3 rel1/bin/../lib/gcc/arm-none-eabi/13.3.1/thumb/v7e-m+fp/hard\libg.a(libc_a-lock.o)
[...]
Memory Configuration

Name             Origin             Length             Attributes
ITCMRAM          0x00000000         0x00010000         xrw
DTCMRAM          0x20000000         0x00020000         xrw
FLASH            0x08000000         0x00100000         xr
RAM_D1           0x24000000         0x00050000         xrw
RAM_D2           0x30000000         0x00008000         xrw
RAM_D3           0x38000000         0x00004000         xrw
*default*        0x00000000         0xffffffff

Linker script and memory map

LOAD D:/Program Files (x86)/Arm GNU Toolchain arm-none-eabi/13.3 rel1/bin/../lib/gcc/arm-none-eabi/13.3.1/thumb/v7e-m+fp/hard/crti.o
LOAD D:/Program Files (x86)/Arm GNU Toolchain arm-none-eabi/13.3 rel1/bin/../lib/gcc/arm-none-eabi/13.3.1/thumb/v7e-m+fp/hard/crtbegin.o
LOAD D:/Program Files (x86)/Arm GNU Toolchain arm-none-eabi/13.3 rel1/bin/../lib/gcc/arm-none-eabi/13.3.1/thumb/v7e-m+fp/hard/crt0.o
LOAD CMakeFiles/HNU_RM_DM02.elf.dir/App/Algorithm/MahonyAHRS.c.obj
LOAD CMakeFiles/HNU_RM_DM02.elf.dir/App/Bsp/BMI088Middleware.c.obj
LOAD CMakeFiles/HNU_RM_DM02.elf.dir/App/Bsp/BMI088driver.c.obj
LOAD CMakeFiles/HNU_RM_DM02.elf.dir/App/Task/imu_task.c.obj
LOAD CMakeFiles/HNU_RM_DM02.elf.dir/Core/Src/freertos.c.obj
LOAD CMakeFiles/HNU_RM_DM02.elf.dir/Core/Src/gpio.c.obj
LOAD CMakeFiles/HNU_RM_DM02.elf.dir/Core/Src/main.c.obj
LOAD CMakeFiles/HNU_RM_DM02.elf.dir/Core/Src/memorymap.c.obj
LOAD CMakeFiles/HNU_RM_DM02.elf.dir/Core/Src/spi.c.obj
LOAD CMakeFiles/HNU_RM_DM02.elf.dir/Core/Src/stm32h7xx_hal_msp.c.obj
LOAD CMakeFiles/HNU_RM_DM02.elf.dir/Core/Src/stm32h7xx_hal_timebase_tim.c.obj
LOAD CMakeFiles/HNU_RM_DM02.elf.dir/Core/Src/stm32h7xx_it.c.obj
LOAD CMakeFiles/HNU_RM_DM02.elf.dir/Core/Src/syscalls.c.obj
LOAD CMakeFiles/HNU_RM_DM02.elf.dir/Core/Src/sysmem.c.obj
LOAD CMakeFiles/HNU_RM_DM02.elf.dir/Core/Src/system_stm32h7xx.c.obj
LOAD CMakeFiles/HNU_RM_DM02.elf.dir/Core/Src/tim.c.obj
LOAD CMakeFiles/HNU_RM_DM02.elf.dir/Core/Startup/startup_stm32h723vgtx.s.obj
LOAD CMakeFiles/HNU_RM_DM02.elf.dir/Drivers/STM32H7xx_HAL_Driver/Src/stm32h7xx_hal.c.obj
LOAD CMakeFiles/HNU_RM_DM02.elf.dir/Drivers/STM32H7xx_HAL_Driver/Src/stm32h7xx_hal_cortex.c.obj
LOAD CMakeFiles/HNU_RM_DM02.elf.dir/Drivers/STM32H7xx_HAL_Driver/Src/stm32h7xx_hal_dma.c.obj
LOAD CMakeFiles/HNU_RM_DM02.elf.dir/Drivers/STM32H7xx_HAL_Driver/Src/stm32h7xx_hal_dma_ex.c.obj
LOAD CMakeFiles/HNU_RM_DM02.elf.dir/Drivers/STM32H7xx_HAL_Driver/Src/stm32h7xx_hal_exti.c.obj
LOAD CMakeFiles/HNU_RM_DM02.elf.dir/Drivers/STM32H7xx_HAL_Driver/Src/stm32h7xx_hal_flash.c.obj
LOAD CMakeFiles/HNU_RM_DM02.elf.dir/Drivers/STM32H7xx_HAL_Driver/Src/stm32h7xx_hal_flash_ex.c.obj
LOAD CMakeFiles/HNU_RM_DM02.elf.dir/Drivers/STM32H7xx_HAL_Driver/Src/stm32h7xx_hal_gpio.c.obj
LOAD CMakeFiles/HNU_RM_DM02.elf.dir/Drivers/STM32H7xx_HAL_Driver/Src/stm32h7xx_hal_hsem.c.obj
LOAD CMakeFiles/HNU_RM_DM02.elf.dir/Drivers/STM32H7xx_HAL_Driver/Src/stm32h7xx_hal_i2c.c.obj
LOAD CMakeFiles/HNU_RM_DM02.elf.dir/Drivers/STM32H7xx_HAL_Driver/Src/stm32h7xx_hal_i2c_ex.c.obj
LOAD CMakeFiles/HNU_RM_DM02.elf.dir/Drivers/STM32H7xx_HAL_Driver/Src/stm32h7xx_hal_mdma.c.obj
LOAD CMakeFiles/HNU_RM_DM02.elf.dir/Drivers/STM32H7xx_HAL_Driver/Src/stm32h7xx_hal_pwr.c.obj
LOAD CMakeFiles/HNU_RM_DM02.elf.dir/Drivers/STM32H7xx_HAL_Driver/Src/stm32h7xx_hal_pwr_ex.c.obj
LOAD CMakeFiles/HNU_RM_DM02.elf.dir/Drivers/STM32H7xx_HAL_Driver/Src/stm32h7xx_hal_rcc.c.obj
LOAD CMakeFiles/HNU_RM_DM02.elf.dir/Drivers/STM32H7xx_HAL_Driver/Src/stm32h7xx_hal_rcc_ex.c.obj
LOAD CMakeFiles/HNU_RM_DM02.elf.dir/Drivers/STM32H7xx_HAL_Driver/Src/stm32h7xx_hal_spi.c.obj
LOAD CMakeFiles/HNU_RM_DM02.elf.dir/Drivers/STM32H7xx_HAL_Driver/Src/stm32h7xx_hal_spi_ex.c.obj
LOAD CMakeFiles/HNU_RM_DM02.elf.dir/Drivers/STM32H7xx_HAL_Driver/Src/stm32h7xx_hal_tim.c.obj
LOAD CMakeFiles/HNU_RM_DM02.elf.dir/Drivers/STM32H7xx_HAL_Driver/Src/stm32h7xx_hal_tim_ex.c.obj
LOAD CMakeFiles/HNU_RM_DM02.elf.dir/Middlewares/Third_Party/FreeRTOS/Source/CMSIS_RTOS/cmsis_os.c.obj
LOAD CMakeFiles/HNU_RM_DM02.elf.dir/Middlewares/Third_Party/FreeRTOS/Source/croutine.c.obj
LOAD CMakeFiles/HNU_RM_DM02.elf.dir/Middlewares/Third_Party/FreeRTOS/Source/event_groups.c.obj
LOAD CMakeFiles/HNU_RM_DM02.elf.dir/Middlewares/Third_Party/FreeRTOS/Source/list.c.obj
LOAD CMakeFiles/HNU_RM_DM02.elf.dir/Middlewares/Third_Party/FreeRTOS/Source/portable/GCC/ARM_CM4F/port.c.obj
LOAD CMakeFiles/HNU_RM_DM02.elf.dir/Middlewares/Third_Party/FreeRTOS/Source/portable/MemMang/heap_4.c.obj
LOAD CMakeFiles/HNU_RM_DM02.elf.dir/Middlewares/Third_Party/FreeRTOS/Source/queue.c.obj
LOAD CMakeFiles/HNU_RM_DM02.elf.dir/Middlewares/Third_Party/FreeRTOS/Source/stream_buffer.c.obj
LOAD CMakeFiles/HNU_RM_DM02.elf.dir/Middlewares/Third_Party/FreeRTOS/Source/tasks.c.obj
LOAD CMakeFiles/HNU_RM_DM02.elf.dir/Middlewares/Third_Party/FreeRTOS/Source/timers.c.obj
START GROUP
LOAD D:/Program Files (x86)/Arm GNU Toolchain arm-none-eabi/13.3 rel1/bin/../lib/gcc/arm-none-eabi/13.3.1/thumb/v7e-m+fp/hard\libgcc.a
LOAD D:/Program Files (x86)/Arm GNU Toolchain arm-none-eabi/13.3 rel1/bin/../lib/gcc/arm-none-eabi/13.3.1/thumb/v7e-m+fp/hard\libg.a
LOAD D:/Program Files (x86)/Arm GNU Toolchain arm-none-eabi/13.3 rel1/bin/../lib/gcc/arm-none-eabi/13.3.1/thumb/v7e-m+fp/hard\libc.a
END GROUP
LOAD D:/Program Files (x86)/Arm GNU Toolchain arm-none-eabi/13.3 rel1/bin/../lib/gcc/arm-none-eabi/13.3.1/thumb/v7e-m+fp/hard/crtend.o
LOAD D:/Program Files (x86)/Arm GNU Toolchain arm-none-eabi/13.3 rel1/bin/../lib/gcc/arm-none-eabi/13.3.1/thumb/v7e-m+fp/hard/crtn.o
                0x24050000                        _estack = (ORIGIN (RAM_D1) + LENGTH (RAM_D1))
                0x00000200                        _Min_Heap_Size = 0x200
                0x00000800                        _Min_Stack_Size = 0x800

.isr_vector     0x08000000      0x2cc
                0x08000000                        . = ALIGN (0x4)
 *(.isr_vector)
 .isr_vector    0x08000000      0x2cc CMakeFiles/HNU_RM_DM02.elf.dir/Core/Startup/startup_stm32h723vgtx.s.obj
                0x08000000                g_pfnVectors
                0x080002cc                        . = ALIGN (0x4)

.text           0x080002d0     0x65ac
                0x080002d0                        . = ALIGN (0x4)
 *(.text)
 .text          0x080002d0      0x134 D:/Program Files (x86)/Arm GNU Toolchain arm-none-eabi/13.3 rel1/bin/../lib/gcc/arm-none-eabi/13.3.1/thumb/v7e-m+fp/hard\libg.a(libc_a-memcpy.o)
                0x080002d0                memcpy
 *(.text*)
 .text.deregister_tm_clones
                0x08000404       0x1c D:/Program Files (x86)/Arm GNU Toolchain arm-none-eabi/13.3 rel1/bin/../lib/gcc/arm-none-eabi/13.3.1/thumb/v7e-m+fp/hard/crtbegin.o
 .text.register_tm_clones
                0x08000420       0x24 D:/Program Files (x86)/Arm GNU Toolchain arm-none-eabi/13.3 rel1/bin/../lib/gcc/arm-none-eabi/13.3.1/thumb/v7e-m+fp/hard/crtbegin.o
 .text.__do_global_dtors_aux
                0x08000444       0x28 D:/Program Files (x86)/Arm GNU Toolchain arm-none-eabi/13.3 rel1/bin/../lib/gcc/arm-none-eabi/13.3.1/thumb/v7e-m+fp/hard/crtbegin.o
 .text.frame_dummy
                0x0800046c       0x24 D:/Program Files (x86)/Arm GNU Toolchain arm-none-eabi/13.3 rel1/bin/../lib/gcc/arm-none-eabi/13.3.1/thumb/v7e-m+fp/hard/crtbegin.o
 .text.invSqrt  0x08000490       0x30 CMakeFiles/HNU_RM_DM02.elf.dir/App/Algorithm/MahonyAHRS.c.obj
                0x08000490                invSqrt
 .text.MahonyAHRSupdateIMU
                0x080004c0      0x274 CMakeFiles/HNU_RM_DM02.elf.dir/App/Algorithm/MahonyAHRS.c.obj
                0x080004c0                MahonyAHRSupdateIMU
 .text.BMI088_GPIO_init
                0x08000734        0x2 CMakeFiles/HNU_RM_DM02.elf.dir/App/Bsp/BMI088Middleware.c.obj
                0x08000734                BMI088_GPIO_init
 .text.BMI088_com_init
                0x08000736        0x2 CMakeFiles/HNU_RM_DM02.elf.dir/App/Bsp/BMI088Middleware.c.obj
                0x08000736                BMI088_com_init
 .text.BMI088_delay_us
                0x08000738       0x3a CMakeFiles/HNU_RM_DM02.elf.dir/App/Bsp/BMI088Middleware.c.obj
                0x08000738                BMI088_delay_us
 .text.BMI088_delay_ms
                0x08000772       0x18 CMakeFiles/HNU_RM_DM02.elf.dir/App/Bsp/BMI088Middleware.c.obj
                0x08000772                BMI088_delay_ms
 *fill*         0x0800078a        0x2 
 .text.BMI088_ACCEL_NS_L
                0x0800078c       0x14 CMakeFiles/HNU_RM_DM02.elf.dir/App/Bsp/BMI088Middleware.c.obj
                0x0800078c                BMI088_ACCEL_NS_L
 .text.BMI088_ACCEL_NS_H
                0x080007a0       0x14 CMakeFiles/HNU_RM_DM02.elf.dir/App/Bsp/BMI088Middleware.c.obj
                0x080007a0                BMI088_ACCEL_NS_H
 .text.BMI088_GYRO_NS_L
                0x080007b4       0x14 CMakeFiles/HNU_RM_DM02.elf.dir/App/Bsp/BMI088Middleware.c.obj
                0x080007b4                BMI088_GYRO_NS_L
 .text.BMI088_GYRO_NS_H
                0x080007c8       0x14 CMakeFiles/HNU_RM_DM02.elf.dir/App/Bsp/BMI088Middleware.c.obj
                0x080007c8                BMI088_GYRO_NS_H
 .text.BMI088_read_write_byte
                0x080007dc       0x2c CMakeFiles/HNU_RM_DM02.elf.dir/App/Bsp/BMI088Middleware.c.obj
                0x080007dc                BMI088_read_write_byte
 .text.BMI088_write_single_reg
                0x08000808       0x10 CMakeFiles/HNU_RM_DM02.elf.dir/App/Bsp/BMI088driver.c.obj
 .text.BMI088_read_single_reg
                0x08000818       0x16 CMakeFiles/HNU_RM_DM02.elf.dir/App/Bsp/BMI088driver.c.obj
 .text.BMI088_read_muli_reg
                0x0800082e       0x24 CMakeFiles/HNU_RM_DM02.elf.dir/App/Bsp/BMI088driver.c.obj
 *fill*         0x08000852        0x2 
 .text.bmi088_accel_init
                0x08000854      0x10c CMakeFiles/HNU_RM_DM02.elf.dir/App/Bsp/BMI088driver.c.obj
                0x08000854                bmi088_accel_init
 .text.bmi088_gyro_init
                0x08000960       0xf0 CMakeFiles/HNU_RM_DM02.elf.dir/App/Bsp/BMI088driver.c.obj
                0x08000960                bmi088_gyro_init
 .text.BMI088_init
                0x08000a50       0x1a CMakeFiles/HNU_RM_DM02.elf.dir/App/Bsp/BMI088driver.c.obj
                0x08000a50                BMI088_init
 *fill*         0x08000a6a        0x2 
 .text.BMI088_read
                0x08000a6c      0x164 CMakeFiles/HNU_RM_DM02.elf.dir/App/Bsp/BMI088driver.c.obj
                0x08000a6c                BMI088_read
 .text.AHRS_init
                0x08000bd0       0x10 CMakeFiles/HNU_RM_DM02.elf.dir/App/Task/imu_task.c.obj
                0x08000bd0                AHRS_init
 .text.AHRS_update
                0x08000be0       0x20 CMakeFiles/HNU_RM_DM02.elf.dir/App/Task/imu_task.c.obj
                0x08000be0                AHRS_update
 .text.GetAngle
                0x08000c00       0xbc CMakeFiles/HNU_RM_DM02.elf.dir/App/Task/imu_task.c.obj
                0x08000c00                GetAngle
 .text.Imu_Task_Entry
                0x08000cbc      0x214 CMakeFiles/HNU_RM_DM02.elf.dir/App/Task/imu_task.c.obj
                0x08000cbc                Imu_Task_Entry
 .text.StartDefaultTask
                0x08000ed0        0xa CMakeFiles/HNU_RM_DM02.elf.dir/Core/Src/freertos.c.obj
                0x08000ed0                StartDefaultTask
 *fill*         0x08000eda        0x2 
 .text.vApplicationGetIdleTaskMemory
                0x08000edc       0x18 CMakeFiles/HNU_RM_DM02.elf.dir/Core/Src/freertos.c.obj
                0x08000edc                vApplicationGetIdleTaskMemory
 .text.vApplicationGetTimerTaskMemory
                0x08000ef4       0x18 CMakeFiles/HNU_RM_DM02.elf.dir/Core/Src/freertos.c.obj
                0x08000ef4                vApplicationGetTimerTaskMemory
 .text.MX_FREERTOS_Init
                0x08000f0c       0x5c CMakeFiles/HNU_RM_DM02.elf.dir/Core/Src/freertos.c.obj
                0x08000f0c                MX_FREERTOS_Init
 .text.MX_GPIO_Init
                0x08000f68       0xdc CMakeFiles/HNU_RM_DM02.elf.dir/Core/Src/gpio.c.obj
                0x08000f68                MX_GPIO_Init
 .text.HAL_TIM_PeriodElapsedCallback
                0x08001044       0x18 CMakeFiles/HNU_RM_DM02.elf.dir/Core/Src/main.c.obj
                0x08001044                HAL_TIM_PeriodElapsedCallback
 .text.Error_Handler
                0x0800105c        0x4 CMakeFiles/HNU_RM_DM02.elf.dir/Core/Src/main.c.obj
                0x0800105c                Error_Handler
 .text.SystemClock_Config
                0x08001060       0xb8 CMakeFiles/HNU_RM_DM02.elf.dir/Core/Src/main.c.obj
                0x08001060                SystemClock_Config
 .text.main     0x08001118       0x20 CMakeFiles/HNU_RM_DM02.elf.dir/Core/Src/main.c.obj
                0x08001118                main
 .text.MX_SPI2_Init
                0x08001138       0x60 CMakeFiles/HNU_RM_DM02.elf.dir/Core/Src/spi.c.obj
                0x08001138                MX_SPI2_Init
 .text.HAL_SPI_MspInit
                0x08001198       0xd0 CMakeFiles/HNU_RM_DM02.elf.dir/Core/Src/spi.c.obj
                0x08001198                HAL_SPI_MspInit
 .text.HAL_MspInit
                0x08001268       0x34 CMakeFiles/HNU_RM_DM02.elf.dir/Core/Src/stm32h7xx_hal_msp.c.obj
                0x08001268                HAL_MspInit
 .text.HAL_InitTick
                0x0800129c       0x90 CMakeFiles/HNU_RM_DM02.elf.dir/Core/Src/stm32h7xx_hal_timebase_tim.c.obj
                0x0800129c                HAL_InitTick
 .text.NMI_Handler
                0x0800132c        0x2 CMakeFiles/HNU_RM_DM02.elf.dir/Core/Src/stm32h7xx_it.c.obj
                0x0800132c                NMI_Handler
 .text.HardFault_Handler
                0x0800132e        0x2 CMakeFiles/HNU_RM_DM02.elf.dir/Core/Src/stm32h7xx_it.c.obj
                0x0800132e                HardFault_Handler
 .text.MemManage_Handler
                0x08001330        0x2 CMakeFiles/HNU_RM_DM02.elf.dir/Core/Src/stm32h7xx_it.c.obj
                0x08001330                MemManage_Handler
 .text.BusFault_Handler
                0x08001332        0x2 CMakeFiles/HNU_RM_DM02.elf.dir/Core/Src/stm32h7xx_it.c.obj
                0x08001332                BusFault_Handler
 .text.UsageFault_Handler
                0x08001334        0x2 CMakeFiles/HNU_RM_DM02.elf.dir/Core/Src/stm32h7xx_it.c.obj
                0x08001334                UsageFault_Handler
 .text.DebugMon_Handler
                0x08001336        0x2 CMakeFiles/HNU_RM_DM02.elf.dir/Core/Src/stm32h7xx_it.c.obj
                0x08001336                DebugMon_Handler
 .text.TIM23_IRQHandler
                0x08001338       0x10 CMakeFiles/HNU_RM_DM02.elf.dir/Core/Src/stm32h7xx_it.c.obj
                0x08001338                TIM23_IRQHandler
 .text.SystemInit
                0x08001348       0xac CMakeFiles/HNU_RM_DM02.elf.dir/Core/Src/system_stm32h7xx.c.obj
                0x08001348                SystemInit
 .text.HAL_TIM_Base_MspInit
                0x080013f4       0x34 CMakeFiles/HNU_RM_DM02.elf.dir/Core/Src/tim.c.obj
                0x080013f4                HAL_TIM_Base_MspInit
 .text.HAL_TIM_MspPostInit
                0x08001428       0x58 CMakeFiles/HNU_RM_DM02.elf.dir/Core/Src/tim.c.obj
                0x08001428                HAL_TIM_MspPostInit
 .text.MX_TIM3_Init
                0x08001480       0xb4 CMakeFiles/HNU_RM_DM02.elf.dir/Core/Src/tim.c.obj
                0x08001480                MX_TIM3_Init
 .text.Reset_Handler
                0x08001534       0x50 CMakeFiles/HNU_RM_DM02.elf.dir/Core/Startup/startup_stm32h723vgtx.s.obj
                0x08001534                Reset_Handler
 .text.Default_Handler
                0x08001584        0x2 CMakeFiles/HNU_RM_DM02.elf.dir/Core/Startup/startup_stm32h723vgtx.s.obj
                0x08001584                RTC_Alarm_IRQHandler
                0x08001584                EXTI2_IRQHandler
                0x08001584                TIM8_CC_IRQHandler
                0x08001584                UART8_IRQHandler
                0x08001584                SPI4_IRQHandler
                0x08001584                FDCAN3_IT0_IRQHandler
                0x08001584                TIM1_CC_IRQHandler
                0x08001584                BDMA_Channel6_IRQHandler
                0x08001584                DMA2_Stream5_IRQHandler
                0x08001584                DMA1_Stream5_IRQHandler
                0x08001584                CORDIC_IRQHandler
                0x08001584                BDMA_Channel1_IRQHandler
                0x08001584                TAMP_STAMP_IRQHandler
                0x08001584                EXTI3_IRQHandler
                0x08001584                LPTIM4_IRQHandler
                0x08001584                TIM8_TRG_COM_TIM14_IRQHandler
                0x08001584                LPTIM2_IRQHandler
                0x08001584                DFSDM1_FLT1_IRQHandler
                0x08001584                DMAMUX2_OVR_IRQHandler
                0x08001584                TIM8_UP_TIM13_IRQHandler
                0x08001584                I2C3_ER_IRQHandler
                0x08001584                DFSDM1_FLT2_IRQHandler
                0x08001584                I2C5_EV_IRQHandler
                0x08001584                USART10_IRQHandler
                0x08001584                MDMA_IRQHandler
                0x08001584                LPTIM3_IRQHandler
                0x08001584                HSEM1_IRQHandler
                0x08001584                EXTI0_IRQHandler
                0x08001584                I2C2_EV_IRQHandler
                0x08001584                DMA1_Stream2_IRQHandler
                0x08001584                FPU_IRQHandler
                0x08001584                OTG_HS_WKUP_IRQHandler
                0x08001584                FDCAN1_IT1_IRQHandler
                0x08001584                LTDC_ER_IRQHandler
                0x08001584                DMA2_Stream2_IRQHandler
                0x08001584                SPI1_IRQHandler
                0x08001584                OCTOSPI1_IRQHandler
                0x08001584                TIM6_DAC_IRQHandler
                0x08001584                DMA2_Stream3_IRQHandler
                0x08001584                OCTOSPI2_IRQHandler
                0x08001584                DFSDM1_FLT3_IRQHandler
                0x08001584                USART6_IRQHandler
                0x08001584                TIM17_IRQHandler
                0x08001584                USART3_IRQHandler
                0x08001584                BDMA_Channel7_IRQHandler
                0x08001584                LPTIM5_IRQHandler
                0x08001584                UART5_IRQHandler
                0x08001584                ADC3_IRQHandler
                0x08001584                DMA2_Stream0_IRQHandler
                0x08001584                TIM4_IRQHandler
                0x08001584                BDMA_Channel2_IRQHandler
                0x08001584                I2C1_EV_IRQHandler
                0x08001584                DMA1_Stream6_IRQHandler
                0x08001584                DMAMUX1_OVR_IRQHandler
                0x08001584                DMA1_Stream1_IRQHandler
                0x08001584                TIM16_IRQHandler
                0x08001584                UART4_IRQHandler
                0x08001584                BDMA_Channel5_IRQHandler
                0x08001584                TIM3_IRQHandler
                0x08001584                RCC_IRQHandler
                0x08001584                UART9_IRQHandler
                0x08001584                TIM8_BRK_TIM12_IRQHandler
                0x08001584                TIM1_TRG_COM_IRQHandler
                0x08001584                Default_Handler
                0x08001584                ECC_IRQHandler
                0x08001584                FMAC_IRQHandler
                0x08001584                CEC_IRQHandler
                0x08001584                EXTI15_10_IRQHandler
                0x08001584                BDMA_Channel0_IRQHandler
                0x08001584                ADC_IRQHandler
                0x08001584                I2C5_ER_IRQHandler
                0x08001584                DMA1_Stream7_IRQHandler
                0x08001584                SPI5_IRQHandler
                0x08001584                TIM7_IRQHandler
                0x08001584                FDCAN3_IT1_IRQHandler
                0x08001584                SDMMC1_IRQHandler
                0x08001584                TIM5_IRQHandler
                0x08001584                DMA2_Stream7_IRQHandler
                0x08001584                TIM15_IRQHandler
                0x08001584                PVD_AVD_IRQHandler
                0x08001584                I2C3_EV_IRQHandler
                0x08001584                EXTI9_5_IRQHandler
                0x08001584                RTC_WKUP_IRQHandler
                0x08001584                LTDC_IRQHandler
                0x08001584                ETH_WKUP_IRQHandler
                0x08001584                SPDIF_RX_IRQHandler
                0x08001584                SPI2_IRQHandler
                0x08001584                OTG_HS_EP1_IN_IRQHandler
                0x08001584                DMA1_Stream0_IRQHandler
                0x08001584                TIM24_IRQHandler
                0x08001584                CRS_IRQHandler
                0x08001584                EXTI4_IRQHandler
                0x08001584                RNG_IRQHandler
                0x08001584                FDCAN2_IT1_IRQHandler
                0x08001584                ETH_IRQHandler
                0x08001584                TIM1_UP_IRQHandler
                0x08001584                BDMA_Channel4_IRQHandler
                0x08001584                OTG_HS_EP1_OUT_IRQHandler
                0x08001584                WWDG_IRQHandler
                0x08001584                SPI6_IRQHandler
                0x08001584                MDIOS_IRQHandler
                0x08001584                I2C4_EV_IRQHandler
                0x08001584                FDCAN2_IT0_IRQHandler
                0x08001584                LPUART1_IRQHandler
                0x08001584                FDCAN1_IT0_IRQHandler
                0x08001584                TIM2_IRQHandler
                0x08001584                OTG_HS_IRQHandler
                0x08001584                DMA2D_IRQHandler
                0x08001584                TIM1_BRK_IRQHandler
                0x08001584                EXTI1_IRQHandler
                0x08001584                SDMMC2_IRQHandler
                0x08001584                BDMA_Channel3_IRQHandler
                0x08001584                DTS_IRQHandler
                0x08001584                UART7_IRQHandler
                0x08001584                MDIOS_WKUP_IRQHandler
                0x08001584                USART2_IRQHandler
                0x08001584                DFSDM1_FLT0_IRQHandler
                0x08001584                SAI4_IRQHandler
                0x08001584                I2C2_ER_IRQHandler
                0x08001584                DMA2_Stream1_IRQHandler
                0x08001584                FLASH_IRQHandler
                0x08001584                DMA2_Stream4_IRQHandler
                0x08001584                USART1_IRQHandler
                0x08001584                SPI3_IRQHandler
                0x08001584                WAKEUP_PIN_IRQHandler
                0x08001584                DMA1_Stream4_IRQHandler
                0x08001584                I2C1_ER_IRQHandler
                0x08001584                FMC_IRQHandler
                0x08001584                FDCAN_CAL_IRQHandler
                0x08001584                SWPMI1_IRQHandler
                0x08001584                COMP1_IRQHandler
                0x08001584                LPTIM1_IRQHandler
                0x08001584                DCMI_PSSI_IRQHandler
                0x08001584                I2C4_ER_IRQHandler
                0x08001584                DMA2_Stream6_IRQHandler
                0x08001584                SAI1_IRQHandler
                0x08001584                DMA1_Stream3_IRQHandler
 *fill*         0x08001586        0x2 
 .text.HAL_Init
                0x08001588       0x5c CMakeFiles/HNU_RM_DM02.elf.dir/Drivers/STM32H7xx_HAL_Driver/Src/stm32h7xx_hal.c.obj
                0x08001588                HAL_Init
 .text.HAL_IncTick
                0x080015e4       0x18 CMakeFiles/HNU_RM_DM02.elf.dir/Drivers/STM32H7xx_HAL_Driver/Src/stm32h7xx_hal.c.obj
                0x080015e4                HAL_IncTick
 .text.HAL_GetTick
                0x080015fc        0xc CMakeFiles/HNU_RM_DM02.elf.dir/Drivers/STM32H7xx_HAL_Driver/Src/stm32h7xx_hal.c.obj
                0x080015fc                HAL_GetTick
 .text.__NVIC_EnableIRQ
                0x08001608       0x1c CMakeFiles/HNU_RM_DM02.elf.dir/Drivers/STM32H7xx_HAL_Driver/Src/stm32h7xx_hal_cortex.c.obj
 .text.__NVIC_SetPriority
                0x08001624       0x24 CMakeFiles/HNU_RM_DM02.elf.dir/Drivers/STM32H7xx_HAL_Driver/Src/stm32h7xx_hal_cortex.c.obj
 .text.NVIC_EncodePriority
                0x08001648       0x3e CMakeFiles/HNU_RM_DM02.elf.dir/Drivers/STM32H7xx_HAL_Driver/Src/stm32h7xx_hal_cortex.c.obj
 *fill*         0x08001686        0x2 
 .text.HAL_NVIC_SetPriorityGrouping
                0x08001688       0x24 CMakeFiles/HNU_RM_DM02.elf.dir/Drivers/STM32H7xx_HAL_Driver/Src/stm32h7xx_hal_cortex.c.obj
                0x08001688                HAL_NVIC_SetPriorityGrouping
 .text.HAL_NVIC_SetPriority
                0x080016ac       0x20 CMakeFiles/HNU_RM_DM02.elf.dir/Drivers/STM32H7xx_HAL_Driver/Src/stm32h7xx_hal_cortex.c.obj
                0x080016ac                HAL_NVIC_SetPriority
 .text.HAL_NVIC_EnableIRQ
                0x080016cc        0x8 CMakeFiles/HNU_RM_DM02.elf.dir/Drivers/STM32H7xx_HAL_Driver/Src/stm32h7xx_hal_cortex.c.obj
                0x080016cc                HAL_NVIC_EnableIRQ
 .text.HAL_GPIO_Init
                0x080016d4      0x214 CMakeFiles/HNU_RM_DM02.elf.dir/Drivers/STM32H7xx_HAL_Driver/Src/stm32h7xx_hal_gpio.c.obj
                0x080016d4                HAL_GPIO_Init
 .text.HAL_GPIO_WritePin
                0x080018e8        0xc CMakeFiles/HNU_RM_DM02.elf.dir/Drivers/STM32H7xx_HAL_Driver/Src/stm32h7xx_hal_gpio.c.obj
                0x080018e8                HAL_GPIO_WritePin
 .text.HAL_PWREx_ConfigSupply
                0x080018f4       0x54 CMakeFiles/HNU_RM_DM02.elf.dir/Drivers/STM32H7xx_HAL_Driver/Src/stm32h7xx_hal_pwr_ex.c.obj
                0x080018f4                HAL_PWREx_ConfigSupply
 .text.HAL_RCC_OscConfig
                0x08001948      0x5e4 CMakeFiles/HNU_RM_DM02.elf.dir/Drivers/STM32H7xx_HAL_Driver/Src/stm32h7xx_hal_rcc.c.obj
                0x08001948                HAL_RCC_OscConfig
 .text.HAL_RCC_MCOConfig
                0x08001f2c       0xa4 CMakeFiles/HNU_RM_DM02.elf.dir/Drivers/STM32H7xx_HAL_Driver/Src/stm32h7xx_hal_rcc.c.obj
                0x08001f2c                HAL_RCC_MCOConfig
 .text.HAL_RCC_GetSysClockFreq
                0x08001fd0      0x1f8 CMakeFiles/HNU_RM_DM02.elf.dir/Drivers/STM32H7xx_HAL_Driver/Src/stm32h7xx_hal_rcc.c.obj
                0x08001fd0                HAL_RCC_GetSysClockFreq
 .text.HAL_RCC_ClockConfig
                0x080021c8      0x294 CMakeFiles/HNU_RM_DM02.elf.dir/Drivers/STM32H7xx_HAL_Driver/Src/stm32h7xx_hal_rcc.c.obj
                0x080021c8                HAL_RCC_ClockConfig
 .text.HAL_RCC_GetHCLKFreq
                0x0800245c       0x44 CMakeFiles/HNU_RM_DM02.elf.dir/Drivers/STM32H7xx_HAL_Driver/Src/stm32h7xx_hal_rcc.c.obj
                0x0800245c                HAL_RCC_GetHCLKFreq
 .text.HAL_RCC_GetPCLK2Freq
                0x080024a0       0x24 CMakeFiles/HNU_RM_DM02.elf.dir/Drivers/STM32H7xx_HAL_Driver/Src/stm32h7xx_hal_rcc.c.obj
                0x080024a0                HAL_RCC_GetPCLK2Freq
 .text.HAL_RCC_GetClockConfig
                0x080024c4       0x54 CMakeFiles/HNU_RM_DM02.elf.dir/Drivers/STM32H7xx_HAL_Driver/Src/stm32h7xx_hal_rcc.c.obj
                0x080024c4                HAL_RCC_GetClockConfig
 .text.RCCEx_PLL2_Config
                0x08002518      0x108 CMakeFiles/HNU_RM_DM02.elf.dir/Drivers/STM32H7xx_HAL_Driver/Src/stm32h7xx_hal_rcc_ex.c.obj
 .text.RCCEx_PLL3_Config
                0x08002620      0x108 CMakeFiles/HNU_RM_DM02.elf.dir/Drivers/STM32H7xx_HAL_Driver/Src/stm32h7xx_hal_rcc_ex.c.obj
 .text.HAL_RCCEx_PeriphCLKConfig
                0x08002728      0xa2c CMakeFiles/HNU_RM_DM02.elf.dir/Drivers/STM32H7xx_HAL_Driver/Src/stm32h7xx_hal_rcc_ex.c.obj
                0x08002728                HAL_RCCEx_PeriphCLKConfig
 .text.SPI_CloseTransfer
                0x08003154       0xd0 CMakeFiles/HNU_RM_DM02.elf.dir/Drivers/STM32H7xx_HAL_Driver/Src/stm32h7xx_hal_spi.c.obj
 .text.SPI_GetPacketSize
                0x08003224       0x10 CMakeFiles/HNU_RM_DM02.elf.dir/Drivers/STM32H7xx_HAL_Driver/Src/stm32h7xx_hal_spi.c.obj
 .text.SPI_WaitOnFlagUntilTimeout
                0x08003234       0x48 CMakeFiles/HNU_RM_DM02.elf.dir/Drivers/STM32H7xx_HAL_Driver/Src/stm32h7xx_hal_spi.c.obj
 .text.HAL_SPI_Init
                0x0800327c      0x190 CMakeFiles/HNU_RM_DM02.elf.dir/Drivers/STM32H7xx_HAL_Driver/Src/stm32h7xx_hal_spi.c.obj
                0x0800327c                HAL_SPI_Init
 .text.HAL_SPI_TransmitReceive
                0x0800340c      0x490 CMakeFiles/HNU_RM_DM02.elf.dir/Drivers/STM32H7xx_HAL_Driver/Src/stm32h7xx_hal_spi.c.obj
                0x0800340c                HAL_SPI_TransmitReceive
 .text.TIM_OC1_SetConfig
                0x0800389c       0xa4 CMakeFiles/HNU_RM_DM02.elf.dir/Drivers/STM32H7xx_HAL_Driver/Src/stm32h7xx_hal_tim.c.obj
 .text.TIM_OC3_SetConfig
                0x08003940       0x94 CMakeFiles/HNU_RM_DM02.elf.dir/Drivers/STM32H7xx_HAL_Driver/Src/stm32h7xx_hal_tim.c.obj
 .text.TIM_OC4_SetConfig
                0x080039d4       0x74 CMakeFiles/HNU_RM_DM02.elf.dir/Drivers/STM32H7xx_HAL_Driver/Src/stm32h7xx_hal_tim.c.obj
 .text.TIM_OC5_SetConfig
                0x08003a48       0x74 CMakeFiles/HNU_RM_DM02.elf.dir/Drivers/STM32H7xx_HAL_Driver/Src/stm32h7xx_hal_tim.c.obj
 .text.TIM_OC6_SetConfig
                0x08003abc       0x74 CMakeFiles/HNU_RM_DM02.elf.dir/Drivers/STM32H7xx_HAL_Driver/Src/stm32h7xx_hal_tim.c.obj
 .text.TIM_TI1_ConfigInputStage
                0x08003b30       0x26 CMakeFiles/HNU_RM_DM02.elf.dir/Drivers/STM32H7xx_HAL_Driver/Src/stm32h7xx_hal_tim.c.obj
 .text.TIM_TI2_ConfigInputStage
                0x08003b56       0x28 CMakeFiles/HNU_RM_DM02.elf.dir/Drivers/STM32H7xx_HAL_Driver/Src/stm32h7xx_hal_tim.c.obj
 *fill*         0x08003b7e        0x2 
 .text.TIM_ITRx_SetConfig
                0x08003b80       0x14 CMakeFiles/HNU_RM_DM02.elf.dir/Drivers/STM32H7xx_HAL_Driver/Src/stm32h7xx_hal_tim.c.obj
 .text.HAL_TIM_Base_Start_IT
                0x08003b94       0xa0 CMakeFiles/HNU_RM_DM02.elf.dir/Drivers/STM32H7xx_HAL_Driver/Src/stm32h7xx_hal_tim.c.obj
                0x08003b94                HAL_TIM_Base_Start_IT
 .text.HAL_TIM_PWM_MspInit
                0x08003c34        0x2 CMakeFiles/HNU_RM_DM02.elf.dir/Drivers/STM32H7xx_HAL_Driver/Src/stm32h7xx_hal_tim.c.obj
                0x08003c34                HAL_TIM_PWM_MspInit
 .text.HAL_TIM_OC_DelayElapsedCallback
                0x08003c36        0x2 CMakeFiles/HNU_RM_DM02.elf.dir/Drivers/STM32H7xx_HAL_Driver/Src/stm32h7xx_hal_tim.c.obj
                0x08003c36                HAL_TIM_OC_DelayElapsedCallback
 .text.HAL_TIM_IC_CaptureCallback
                0x08003c38        0x2 CMakeFiles/HNU_RM_DM02.elf.dir/Drivers/STM32H7xx_HAL_Driver/Src/stm32h7xx_hal_tim.c.obj
                0x08003c38                HAL_TIM_IC_CaptureCallback
 .text.HAL_TIM_PWM_PulseFinishedCallback
                0x08003c3a        0x2 CMakeFiles/HNU_RM_DM02.elf.dir/Drivers/STM32H7xx_HAL_Driver/Src/stm32h7xx_hal_tim.c.obj
                0x08003c3a                HAL_TIM_PWM_PulseFinishedCallback
 .text.HAL_TIM_TriggerCallback
                0x08003c3c        0x2 CMakeFiles/HNU_RM_DM02.elf.dir/Drivers/STM32H7xx_HAL_Driver/Src/stm32h7xx_hal_tim.c.obj
                0x08003c3c                HAL_TIM_TriggerCallback
 .text.HAL_TIM_IRQHandler
                0x08003c3e      0x17a CMakeFiles/HNU_RM_DM02.elf.dir/Drivers/STM32H7xx_HAL_Driver/Src/stm32h7xx_hal_tim.c.obj
                0x08003c3e                HAL_TIM_IRQHandler
 .text.TIM_Base_SetConfig
                0x08003db8      0x130 CMakeFiles/HNU_RM_DM02.elf.dir/Drivers/STM32H7xx_HAL_Driver/Src/stm32h7xx_hal_tim.c.obj
                0x08003db8                TIM_Base_SetConfig
 .text.HAL_TIM_Base_Init
                0x08003ee8       0x60 CMakeFiles/HNU_RM_DM02.elf.dir/Drivers/STM32H7xx_HAL_Driver/Src/stm32h7xx_hal_tim.c.obj
                0x08003ee8                HAL_TIM_Base_Init
 .text.HAL_TIM_PWM_Init
                0x08003f48       0x60 CMakeFiles/HNU_RM_DM02.elf.dir/Drivers/STM32H7xx_HAL_Driver/Src/stm32h7xx_hal_tim.c.obj
                0x08003f48                HAL_TIM_PWM_Init
 .text.TIM_OC2_SetConfig
                0x08003fa8       0x94 CMakeFiles/HNU_RM_DM02.elf.dir/Drivers/STM32H7xx_HAL_Driver/Src/stm32h7xx_hal_tim.c.obj
                0x08003fa8                TIM_OC2_SetConfig
 .text.HAL_TIM_PWM_ConfigChannel
                0x0800403c      0x13a CMakeFiles/HNU_RM_DM02.elf.dir/Drivers/STM32H7xx_HAL_Driver/Src/stm32h7xx_hal_tim.c.obj
                0x0800403c                HAL_TIM_PWM_ConfigChannel
 .text.TIM_ETR_SetConfig
                0x08004176       0x1a CMakeFiles/HNU_RM_DM02.elf.dir/Drivers/STM32H7xx_HAL_Driver/Src/stm32h7xx_hal_tim.c.obj
                0x08004176                TIM_ETR_SetConfig
 .text.HAL_TIM_ConfigClockSource
                0x08004190      0x138 CMakeFiles/HNU_RM_DM02.elf.dir/Drivers/STM32H7xx_HAL_Driver/Src/stm32h7xx_hal_tim.c.obj
                0x08004190                HAL_TIM_ConfigClockSource
 .text.TIM_CCxChannelCmd
                0x080042c8       0x1e CMakeFiles/HNU_RM_DM02.elf.dir/Drivers/STM32H7xx_HAL_Driver/Src/stm32h7xx_hal_tim.c.obj
                0x080042c8                TIM_CCxChannelCmd
 *fill*         0x080042e6        0x2 
 .text.HAL_TIM_PWM_Start
                0x080042e8      0x180 CMakeFiles/HNU_RM_DM02.elf.dir/Drivers/STM32H7xx_HAL_Driver/Src/stm32h7xx_hal_tim.c.obj
                0x080042e8                HAL_TIM_PWM_Start
 .text.HAL_TIMEx_MasterConfigSynchronization
                0x08004468       0xb0 CMakeFiles/HNU_RM_DM02.elf.dir/Drivers/STM32H7xx_HAL_Driver/Src/stm32h7xx_hal_tim_ex.c.obj
                0x08004468                HAL_TIMEx_MasterConfigSynchronization
 .text.HAL_TIMEx_CommutCallback
                0x08004518        0x2 CMakeFiles/HNU_RM_DM02.elf.dir/Drivers/STM32H7xx_HAL_Driver/Src/stm32h7xx_hal_tim_ex.c.obj
                0x08004518                HAL_TIMEx_CommutCallback
 .text.HAL_TIMEx_BreakCallback
                0x0800451a        0x2 CMakeFiles/HNU_RM_DM02.elf.dir/Drivers/STM32H7xx_HAL_Driver/Src/stm32h7xx_hal_tim_ex.c.obj
                0x0800451a                HAL_TIMEx_BreakCallback
 .text.HAL_TIMEx_Break2Callback
                0x0800451c        0x2 CMakeFiles/HNU_RM_DM02.elf.dir/Drivers/STM32H7xx_HAL_Driver/Src/stm32h7xx_hal_tim_ex.c.obj
                0x0800451c                HAL_TIMEx_Break2Callback
 .text.makeFreeRtosPriority
                0x0800451e        0xc CMakeFiles/HNU_RM_DM02.elf.dir/Middlewares/Third_Party/FreeRTOS/Source/CMSIS_RTOS/cmsis_os.c.obj
 .text.osKernelStart
                0x0800452a        0xa CMakeFiles/HNU_RM_DM02.elf.dir/Middlewares/Third_Party/FreeRTOS/Source/CMSIS_RTOS/cmsis_os.c.obj
                0x0800452a                osKernelStart
 .text.osThreadCreate
                0x08004534       0x66 CMakeFiles/HNU_RM_DM02.elf.dir/Middlewares/Third_Party/FreeRTOS/Source/CMSIS_RTOS/cmsis_os.c.obj
                0x08004534                osThreadCreate
 .text.osDelay  0x0800459a        0xe CMakeFiles/HNU_RM_DM02.elf.dir/Middlewares/Third_Party/FreeRTOS/Source/CMSIS_RTOS/cmsis_os.c.obj
                0x0800459a                osDelay
 .text.vListInitialise
                0x080045a8       0x16 CMakeFiles/HNU_RM_DM02.elf.dir/Middlewares/Third_Party/FreeRTOS/Source/list.c.obj
                0x080045a8                vListInitialise
 .text.vListInitialiseItem
                0x080045be        0x6 CMakeFiles/HNU_RM_DM02.elf.dir/Middlewares/Third_Party/FreeRTOS/Source/list.c.obj
                0x080045be                vListInitialiseItem
 .text.vListInsertEnd
                0x080045c4       0x16 CMakeFiles/HNU_RM_DM02.elf.dir/Middlewares/Third_Party/FreeRTOS/Source/list.c.obj
                0x080045c4                vListInsertEnd
 .text.vListInsert
                0x080045da       0x32 CMakeFiles/HNU_RM_DM02.elf.dir/Middlewares/Third_Party/FreeRTOS/Source/list.c.obj
                0x080045da                vListInsert
 .text.uxListRemove
                0x0800460c       0x26 CMakeFiles/HNU_RM_DM02.elf.dir/Middlewares/Third_Party/FreeRTOS/Source/list.c.obj
                0x0800460c                uxListRemove
 *fill*         0x08004632        0x2 
 .text.prvTaskExitError
                0x08004634       0x40 CMakeFiles/HNU_RM_DM02.elf.dir/Middlewares/Third_Party/FreeRTOS/Source/portable/GCC/ARM_CM4F/port.c.obj
 .text.prvPortStartFirstTask
                0x08004674       0x28 CMakeFiles/HNU_RM_DM02.elf.dir/Middlewares/Third_Party/FreeRTOS/Source/portable/GCC/ARM_CM4F/port.c.obj
 .text.vPortEnableVFP
                0x0800469c       0x14 CMakeFiles/HNU_RM_DM02.elf.dir/Middlewares/Third_Party/FreeRTOS/Source/portable/GCC/ARM_CM4F/port.c.obj
 .text.pxPortInitialiseStack
                0x080046b0       0x2c CMakeFiles/HNU_RM_DM02.elf.dir/Middlewares/Third_Party/FreeRTOS/Source/portable/GCC/ARM_CM4F/port.c.obj
                0x080046b0                pxPortInitialiseStack
 *fill*         0x080046dc        0x4 
 .text.SVC_Handler
                0x080046e0       0x24 CMakeFiles/HNU_RM_DM02.elf.dir/Middlewares/Third_Party/FreeRTOS/Source/portable/GCC/ARM_CM4F/port.c.obj
                0x080046e0                SVC_Handler
 .text.vPortEnterCritical
                0x08004704       0x44 CMakeFiles/HNU_RM_DM02.elf.dir/Middlewares/Third_Party/FreeRTOS/Source/portable/GCC/ARM_CM4F/port.c.obj
                0x08004704                vPortEnterCritical
 .text.vPortExitCritical
                0x08004748       0x2c CMakeFiles/HNU_RM_DM02.elf.dir/Middlewares/Third_Party/FreeRTOS/Source/portable/GCC/ARM_CM4F/port.c.obj
                0x08004748                vPortExitCritical
 *fill*         0x08004774        0xc 
 .text.PendSV_Handler
                0x08004780       0x64 CMakeFiles/HNU_RM_DM02.elf.dir/Middlewares/Third_Party/FreeRTOS/Source/portable/GCC/ARM_CM4F/port.c.obj
                0x08004780                PendSV_Handler
 .text.SysTick_Handler
                0x080047e4       0x2c CMakeFiles/HNU_RM_DM02.elf.dir/Middlewares/Third_Party/FreeRTOS/Source/portable/GCC/ARM_CM4F/port.c.obj
                0x080047e4                SysTick_Handler
 .text.vPortSetupTimerInterrupt
                0x08004810       0x28 CMakeFiles/HNU_RM_DM02.elf.dir/Middlewares/Third_Party/FreeRTOS/Source/portable/GCC/ARM_CM4F/port.c.obj
                0x08004810                vPortSetupTimerInterrupt
 .text.xPortStartScheduler
                0x08004838      0x118 CMakeFiles/HNU_RM_DM02.elf.dir/Middlewares/Third_Party/FreeRTOS/Source/portable/GCC/ARM_CM4F/port.c.obj
                0x08004838                xPortStartScheduler
 .text.vPortValidateInterruptPriority
                0x08004950       0x5c CMakeFiles/HNU_RM_DM02.elf.dir/Middlewares/Third_Party/FreeRTOS/Source/portable/GCC/ARM_CM4F/port.c.obj
                0x08004950                vPortValidateInterruptPriority
 .text.prvHeapInit
                0x080049ac       0x64 CMakeFiles/HNU_RM_DM02.elf.dir/Middlewares/Third_Party/FreeRTOS/Source/portable/MemMang/heap_4.c.obj
 .text.prvInsertBlockIntoFreeList
                0x08004a10       0x64 CMakeFiles/HNU_RM_DM02.elf.dir/Middlewares/Third_Party/FreeRTOS/Source/portable/MemMang/heap_4.c.obj
 .text.pvPortMalloc
                0x08004a74      0x104 CMakeFiles/HNU_RM_DM02.elf.dir/Middlewares/Third_Party/FreeRTOS/Source/portable/MemMang/heap_4.c.obj
                0x08004a74                pvPortMalloc
 .text.vPortFree
                0x08004b78       0x7c CMakeFiles/HNU_RM_DM02.elf.dir/Middlewares/Third_Party/FreeRTOS/Source/portable/MemMang/heap_4.c.obj
                0x08004b78                vPortFree
 .text.prvIsQueueFull
                0x08004bf4       0x1e CMakeFiles/HNU_RM_DM02.elf.dir/Middlewares/Third_Party/FreeRTOS/Source/queue.c.obj
 .text.prvIsQueueEmpty
                0x08004c12       0x1a CMakeFiles/HNU_RM_DM02.elf.dir/Middlewares/Third_Party/FreeRTOS/Source/queue.c.obj
 .text.prvCopyDataToQueue
                0x08004c2c       0x76 CMakeFiles/HNU_RM_DM02.elf.dir/Middlewares/Third_Party/FreeRTOS/Source/queue.c.obj
 .text.prvCopyDataFromQueue
                0x08004ca2       0x24 CMakeFiles/HNU_RM_DM02.elf.dir/Middlewares/Third_Party/FreeRTOS/Source/queue.c.obj
 .text.prvUnlockQueue
                0x08004cc6       0x6e CMakeFiles/HNU_RM_DM02.elf.dir/Middlewares/Third_Party/FreeRTOS/Source/queue.c.obj
 .text.xQueueGenericReset
                0x08004d34       0x84 CMakeFiles/HNU_RM_DM02.elf.dir/Middlewares/Third_Party/FreeRTOS/Source/queue.c.obj
                0x08004d34                xQueueGenericReset
 .text.prvInitialiseNewQueue
                0x08004db8       0x22 CMakeFiles/HNU_RM_DM02.elf.dir/Middlewares/Third_Party/FreeRTOS/Source/queue.c.obj
 .text.xQueueGenericCreateStatic
                0x08004dda       0xa6 CMakeFiles/HNU_RM_DM02.elf.dir/Middlewares/Third_Party/FreeRTOS/Source/queue.c.obj
                0x08004dda                xQueueGenericCreateStatic
 .text.xQueueGenericSend
                0x08004e80      0x188 CMakeFiles/HNU_RM_DM02.elf.dir/Middlewares/Third_Party/FreeRTOS/Source/queue.c.obj
                0x08004e80                xQueueGenericSend
 .text.xQueueGenericSendFromISR
                0x08005008       0xce CMakeFiles/HNU_RM_DM02.elf.dir/Middlewares/Third_Party/FreeRTOS/Source/queue.c.obj
                0x08005008                xQueueGenericSendFromISR
 .text.xQueueReceive
                0x080050d6      0x15e CMakeFiles/HNU_RM_DM02.elf.dir/Middlewares/Third_Party/FreeRTOS/Source/queue.c.obj
                0x080050d6                xQueueReceive
 .text.vQueueAddToRegistry
                0x08005234       0x28 CMakeFiles/HNU_RM_DM02.elf.dir/Middlewares/Third_Party/FreeRTOS/Source/queue.c.obj
                0x08005234                vQueueAddToRegistry
 .text.vQueueWaitForMessageRestricted
                0x0800525c       0x52 CMakeFiles/HNU_RM_DM02.elf.dir/Middlewares/Third_Party/FreeRTOS/Source/queue.c.obj
                0x0800525c                vQueueWaitForMessageRestricted
 *fill*         0x080052ae        0x2 
 .text.prvResetNextTaskUnblockTime
                0x080052b0       0x2c CMakeFiles/HNU_RM_DM02.elf.dir/Middlewares/Third_Party/FreeRTOS/Source/tasks.c.obj
 .text.prvInitialiseNewTask
                0x080052dc       0xa2 CMakeFiles/HNU_RM_DM02.elf.dir/Middlewares/Third_Party/FreeRTOS/Source/tasks.c.obj
 *fill*         0x0800537e        0x2 
 .text.prvInitialiseTaskLists
                0x08005380       0x68 CMakeFiles/HNU_RM_DM02.elf.dir/Middlewares/Third_Party/FreeRTOS/Source/tasks.c.obj
 .text.prvAddNewTaskToReadyList
                0x080053e8       0xac CMakeFiles/HNU_RM_DM02.elf.dir/Middlewares/Third_Party/FreeRTOS/Source/tasks.c.obj
 .text.prvDeleteTCB
                0x08005494       0x38 CMakeFiles/HNU_RM_DM02.elf.dir/Middlewares/Third_Party/FreeRTOS/Source/tasks.c.obj
 .text.prvCheckTasksWaitingTermination
                0x080054cc       0x4c CMakeFiles/HNU_RM_DM02.elf.dir/Middlewares/Third_Party/FreeRTOS/Source/tasks.c.obj
 .text.prvIdleTask
                0x08005518       0x28 CMakeFiles/HNU_RM_DM02.elf.dir/Middlewares/Third_Party/FreeRTOS/Source/tasks.c.obj
 .text.prvAddCurrentTaskToDelayedList
                0x08005540       0xa0 CMakeFiles/HNU_RM_DM02.elf.dir/Middlewares/Third_Party/FreeRTOS/Source/tasks.c.obj
 .text.xTaskCreateStatic
                0x080055e0       0x76 CMakeFiles/HNU_RM_DM02.elf.dir/Middlewares/Third_Party/FreeRTOS/Source/tasks.c.obj
                0x080055e0                xTaskCreateStatic
 .text.xTaskCreate
                0x08005656       0x64 CMakeFiles/HNU_RM_DM02.elf.dir/Middlewares/Third_Party/FreeRTOS/Source/tasks.c.obj
                0x08005656                xTaskCreate
 *fill*         0x080056ba        0x2 
 .text.vTaskStartScheduler
                0x080056bc       0x98 CMakeFiles/HNU_RM_DM02.elf.dir/Middlewares/Third_Party/FreeRTOS/Source/tasks.c.obj
                0x080056bc                vTaskStartScheduler
 .text.vTaskSuspendAll
                0x08005754       0x10 CMakeFiles/HNU_RM_DM02.elf.dir/Middlewares/Third_Party/FreeRTOS/Source/tasks.c.obj
                0x08005754                vTaskSuspendAll
 .text.xTaskGetTickCount
                0x08005764        0xc CMakeFiles/HNU_RM_DM02.elf.dir/Middlewares/Third_Party/FreeRTOS/Source/tasks.c.obj
                0x08005764                xTaskGetTickCount
 .text.xTaskIncrementTick
                0x08005770      0x118 CMakeFiles/HNU_RM_DM02.elf.dir/Middlewares/Third_Party/FreeRTOS/Source/tasks.c.obj
                0x08005770                xTaskIncrementTick
 .text.xTaskResumeAll
                0x08005888       0xf8 CMakeFiles/HNU_RM_DM02.elf.dir/Middlewares/Third_Party/FreeRTOS/Source/tasks.c.obj
                0x08005888                xTaskResumeAll
 .text.vTaskDelay
                0x08005980       0x4c CMakeFiles/HNU_RM_DM02.elf.dir/Middlewares/Third_Party/FreeRTOS/Source/tasks.c.obj
                0x08005980                vTaskDelay
 .text.vTaskSwitchContext
                0x080059cc       0x98 CMakeFiles/HNU_RM_DM02.elf.dir/Middlewares/Third_Party/FreeRTOS/Source/tasks.c.obj
                0x080059cc                vTaskSwitchContext
 .text.vTaskPlaceOnEventList
                0x08005a64       0x30 CMakeFiles/HNU_RM_DM02.elf.dir/Middlewares/Third_Party/FreeRTOS/Source/tasks.c.obj
                0x08005a64                vTaskPlaceOnEventList
 .text.vTaskPlaceOnEventListRestricted
                0x08005a94       0x38 CMakeFiles/HNU_RM_DM02.elf.dir/Middlewares/Third_Party/FreeRTOS/Source/tasks.c.obj
                0x08005a94                vTaskPlaceOnEventListRestricted
 .text.xTaskRemoveFromEventList
                0x08005acc       0x8c CMakeFiles/HNU_RM_DM02.elf.dir/Middlewares/Third_Party/FreeRTOS/Source/tasks.c.obj
                0x08005acc                xTaskRemoveFromEventList
 .text.vTaskInternalSetTimeOutState
                0x08005b58       0x18 CMakeFiles/HNU_RM_DM02.elf.dir/Middlewares/Third_Party/FreeRTOS/Source/tasks.c.obj
                0x08005b58                vTaskInternalSetTimeOutState
 .text.xTaskCheckForTimeOut
                0x08005b70       0x84 CMakeFiles/HNU_RM_DM02.elf.dir/Middlewares/Third_Party/FreeRTOS/Source/tasks.c.obj
                0x08005b70                xTaskCheckForTimeOut
 .text.vTaskMissedYield
                0x08005bf4        0xc CMakeFiles/HNU_RM_DM02.elf.dir/Middlewares/Third_Party/FreeRTOS/Source/tasks.c.obj
                0x08005bf4                vTaskMissedYield
 .text.xTaskGetSchedulerState
                0x08005c00       0x20 CMakeFiles/HNU_RM_DM02.elf.dir/Middlewares/Third_Party/FreeRTOS/Source/tasks.c.obj
                0x08005c00                xTaskGetSchedulerState
 .text.xTaskPriorityDisinherit
                0x08005c20       0xb0 CMakeFiles/HNU_RM_DM02.elf.dir/Middlewares/Third_Party/FreeRTOS/Source/tasks.c.obj
                0x08005c20                xTaskPriorityDisinherit
 .text.prvGetNextExpireTime
                0x08005cd0       0x20 CMakeFiles/HNU_RM_DM02.elf.dir/Middlewares/Third_Party/FreeRTOS/Source/timers.c.obj
 .text.prvInsertTimerInActiveList
                0x08005cf0       0x50 CMakeFiles/HNU_RM_DM02.elf.dir/Middlewares/Third_Party/FreeRTOS/Source/timers.c.obj
 .text.prvCheckForValidListAndQueue
                0x08005d40       0x70 CMakeFiles/HNU_RM_DM02.elf.dir/Middlewares/Third_Party/FreeRTOS/Source/timers.c.obj
 .text.xTimerCreateTimerTask
                0x08005db0       0x64 CMakeFiles/HNU_RM_DM02.elf.dir/Middlewares/Third_Party/FreeRTOS/Source/timers.c.obj
                0x08005db0                xTimerCreateTimerTask
 .text.xTimerGenericCommand
                0x08005e14       0x6c CMakeFiles/HNU_RM_DM02.elf.dir/Middlewares/Third_Party/FreeRTOS/Source/timers.c.obj
                0x08005e14                xTimerGenericCommand
 .text.prvSwitchTimerLists
                0x08005e80       0x7c CMakeFiles/HNU_RM_DM02.elf.dir/Middlewares/Third_Party/FreeRTOS/Source/timers.c.obj
 .text.prvSampleTimeNow
                0x08005efc       0x2c CMakeFiles/HNU_RM_DM02.elf.dir/Middlewares/Third_Party/FreeRTOS/Source/timers.c.obj
 .text.prvProcessExpiredTimer
                0x08005f28       0x6c CMakeFiles/HNU_RM_DM02.elf.dir/Middlewares/Third_Party/FreeRTOS/Source/timers.c.obj
 .text.prvProcessTimerOrBlockTask
                0x08005f94       0x78 CMakeFiles/HNU_RM_DM02.elf.dir/Middlewares/Third_Party/FreeRTOS/Source/timers.c.obj
 .text.prvProcessReceivedCommands
                0x0800600c       0xfc CMakeFiles/HNU_RM_DM02.elf.dir/Middlewares/Third_Party/FreeRTOS/Source/timers.c.obj
 .text.prvTimerTask
                0x08006108       0x16 CMakeFiles/HNU_RM_DM02.elf.dir/Middlewares/Third_Party/FreeRTOS/Source/timers.c.obj
 *fill*         0x0800611e        0x2 
 .text.memset   0x08006120       0xa4 D:/Program Files (x86)/Arm GNU Toolchain arm-none-eabi/13.3 rel1/bin/../lib/gcc/arm-none-eabi/13.3.1/thumb/v7e-m+fp/hard\libg.a(libc_a-memset.o)
                0x08006120                memset
 .text.__errno  0x080061c4        0xc D:/Program Files (x86)/Arm GNU Toolchain arm-none-eabi/13.3 rel1/bin/../lib/gcc/arm-none-eabi/13.3.1/thumb/v7e-m+fp/hard\libg.a(libc_a-errno.o)
                0x080061c4                __errno
 .text.__libc_init_array
                0x080061d0       0x50 D:/Program Files (x86)/Arm GNU Toolchain arm-none-eabi/13.3 rel1/bin/../lib/gcc/arm-none-eabi/13.3.1/thumb/v7e-m+fp/hard\libg.a(libc_a-init.o)
                0x080061d0                __libc_init_array
 .text.__retarget_lock_acquire_recursive
                0x08006220        0x4 D:/Program Files (x86)/Arm GNU Toolchain arm-none-eabi/13.3 rel1/bin/../lib/gcc/arm-none-eabi/13.3.1/thumb/v7e-m+fp/hard\libg.a(libc_a-lock.o)
                0x08006220                __retarget_lock_acquire_recursive
 .text.__retarget_lock_release_recursive
                0x08006224        0x4 D:/Program Files (x86)/Arm GNU Toolchain arm-none-eabi/13.3 rel1/bin/../lib/gcc/arm-none-eabi/13.3.1/thumb/v7e-m+fp/hard\libg.a(libc_a-lock.o)
                0x08006224                __retarget_lock_release_recursive
 .text.startup.register_fini
                0x08006228       0x14 D:/Program Files (x86)/Arm GNU Toolchain arm-none-eabi/13.3 rel1/bin/../lib/gcc/arm-none-eabi/13.3.1/thumb/v7e-m+fp/hard\libg.a(libc_a-__call_atexit.o)
 .text.atexit   0x0800623c        0xc D:/Program Files (x86)/Arm GNU Toolchain arm-none-eabi/13.3 rel1/bin/../lib/gcc/arm-none-eabi/13.3.1/thumb/v7e-m+fp/hard\libg.a(libc_a-atexit.o)
                0x0800623c                atexit
 .text.__libc_fini_array
                0x08006248       0x28 D:/Program Files (x86)/Arm GNU Toolchain arm-none-eabi/13.3 rel1/bin/../lib/gcc/arm-none-eabi/13.3.1/thumb/v7e-m+fp/hard\libg.a(libc_a-fini.o)
                0x08006248                __libc_fini_array
 .text.__register_exitproc
                0x08006270       0x80 D:/Program Files (x86)/Arm GNU Toolchain arm-none-eabi/13.3 rel1/bin/../lib/gcc/arm-none-eabi/13.3.1/thumb/v7e-m+fp/hard\libg.a(libc_a-__atexit.o)
                0x08006270                __register_exitproc
 .text.asinf    0x080062f0       0x58 D:/Program Files (x86)/Arm GNU Toolchain arm-none-eabi/13.3 rel1/bin/../lib/gcc/arm-none-eabi/13.3.1/thumb/v7e-m+fp/hard\libm.a(libm_a-wf_asin.o)
                0x080062f0                asinf
 .text.atan2f   0x08006348        0x4 D:/Program Files (x86)/Arm GNU Toolchain arm-none-eabi/13.3 rel1/bin/../lib/gcc/arm-none-eabi/13.3.1/thumb/v7e-m+fp/hard\libm.a(libm_a-wf_atan2.o)
                0x08006348                atan2f
 .text.fabsf    0x0800634c       0x10 D:/Program Files (x86)/Arm GNU Toolchain arm-none-eabi/13.3 rel1/bin/../lib/gcc/arm-none-eabi/13.3.1/thumb/v7e-m+fp/hard\libm.a(libm_a-sf_fabs.o)
                0x0800634c                fabsf
 .text.nanf     0x0800635c        0xc D:/Program Files (x86)/Arm GNU Toolchain arm-none-eabi/13.3 rel1/bin/../lib/gcc/arm-none-eabi/13.3.1/thumb/v7e-m+fp/hard\libm.a(libm_a-sf_nan.o)
                0x0800635c                nanf
 .text.__ieee754_asinf
                0x08006368      0x1f8 D:/Program Files (x86)/Arm GNU Toolchain arm-none-eabi/13.3 rel1/bin/../lib/gcc/arm-none-eabi/13.3.1/thumb/v7e-m+fp/hard\libm.a(libm_a-ef_asin.o)
                0x08006368                __ieee754_asinf
 .text.__ieee754_atan2f
                0x08006560      0x150 D:/Program Files (x86)/Arm GNU Toolchain arm-none-eabi/13.3 rel1/bin/../lib/gcc/arm-none-eabi/13.3.1/thumb/v7e-m+fp/hard\libm.a(libm_a-ef_atan2.o)
                0x08006560                __ieee754_atan2f
 .text.atanf    0x080066b0      0x1ac D:/Program Files (x86)/Arm GNU Toolchain arm-none-eabi/13.3 rel1/bin/../lib/gcc/arm-none-eabi/13.3.1/thumb/v7e-m+fp/hard\libm.a(libm_a-sf_atan.o)
                0x080066b0                atanf
 .text.__ieee754_sqrtf
                0x0800685c        0x8 D:/Program Files (x86)/Arm GNU Toolchain arm-none-eabi/13.3 rel1/bin/../lib/gcc/arm-none-eabi/13.3.1/thumb/v7e-m+fp/hard\libm.a(libm_a-ef_sqrt.o)
                0x0800685c                __ieee754_sqrtf
 *(.glue_7)
 .glue_7        0x08006864        0x0 linker stubs
 *(.glue_7t)
 .glue_7t       0x08006864        0x0 linker stubs
 *(.eh_frame)
 .eh_frame      0x08006864        0x0 D:/Program Files (x86)/Arm GNU Toolchain arm-none-eabi/13.3 rel1/bin/../lib/gcc/arm-none-eabi/13.3.1/thumb/v7e-m+fp/hard/crtbegin.o
 *(.init)
 .init          0x08006864        0x4 D:/Program Files (x86)/Arm GNU Toolchain arm-none-eabi/13.3 rel1/bin/../lib/gcc/arm-none-eabi/13.3.1/thumb/v7e-m+fp/hard/crti.o
                0x08006864                _init
 .init          0x08006868        0x8 D:/Program Files (x86)/Arm GNU Toolchain arm-none-eabi/13.3 rel1/bin/../lib/gcc/arm-none-eabi/13.3.1/thumb/v7e-m+fp/hard/crtn.o
 *(.fini)
 .fini          0x08006870        0x4 D:/Program Files (x86)/Arm GNU Toolchain arm-none-eabi/13.3 rel1/bin/../lib/gcc/arm-none-eabi/13.3.1/thumb/v7e-m+fp/hard/crti.o
                0x08006870                _fini
 .fini          0x08006874        0x8 D:/Program Files (x86)/Arm GNU Toolchain arm-none-eabi/13.3 rel1/bin/../lib/gcc/arm-none-eabi/13.3.1/thumb/v7e-m+fp/hard/crtn.o
                0x0800687c                        . = ALIGN (0x4)
                0x0800687c                        _etext = .

.vfp11_veneer   0x0800687c        0x0
 .vfp11_veneer  0x0800687c        0x0 linker stubs

.v4_bx          0x0800687c        0x0
 .v4_bx         0x0800687c        0x0 linker stubs

.iplt           0x0800687c        0x0
 .iplt          0x0800687c        0x0 D:/Program Files (x86)/Arm GNU Toolchain arm-none-eabi/13.3 rel1/bin/../lib/gcc/arm-none-eabi/13.3.1/thumb/v7e-m+fp/hard/crtbegin.o

.rodata         0x0800687c       0xd8
                0x0800687c                        . = ALIGN (0x4)
 *(.rodata)
 .rodata        0x0800687c       0x38 CMakeFiles/HNU_RM_DM02.elf.dir/Core/Src/freertos.c.obj
 *(.rodata*)
 .rodata.write_BMI088_gyro_reg_data_error
                0x080068b4       0x12 CMakeFiles/HNU_RM_DM02.elf.dir/App/Bsp/BMI088driver.c.obj
 *fill*         0x080068c6        0x2 
 .rodata.write_BMI088_accel_reg_data_error
                0x080068c8       0x12 CMakeFiles/HNU_RM_DM02.elf.dir/App/Bsp/BMI088driver.c.obj
 *fill*         0x080068da        0x2 
 .rodata.str1.4
                0x080068dc       0x30 CMakeFiles/HNU_RM_DM02.elf.dir/Core/Src/freertos.c.obj
                                 0x18 (size before relaxing)
 .rodata.D1CorePrescTable
                0x0800690c       0x10 CMakeFiles/HNU_RM_DM02.elf.dir/Core/Src/system_stm32h7xx.c.obj
                0x0800690c                D1CorePrescTable
 .rodata.vTaskStartScheduler.str1.4
                0x0800691c        0x5 CMakeFiles/HNU_RM_DM02.elf.dir/Middlewares/Third_Party/FreeRTOS/Source/tasks.c.obj
 .rodata.prvCheckForValidListAndQueue.str1.4
                0x0800691c        0x5 CMakeFiles/HNU_RM_DM02.elf.dir/Middlewares/Third_Party/FreeRTOS/Source/timers.c.obj
 .rodata.xTimerCreateTimerTask.str1.4
                0x0800691c        0x8 CMakeFiles/HNU_RM_DM02.elf.dir/Middlewares/Third_Party/FreeRTOS/Source/timers.c.obj
 .rodata.asinf.str1.4
                0x0800691c        0x1 D:/Program Files (x86)/Arm GNU Toolchain arm-none-eabi/13.3 rel1/bin/../lib/gcc/arm-none-eabi/13.3.1/thumb/v7e-m+fp/hard\libm.a(libm_a-wf_asin.o)
 .rodata.CSWTCH.9
                0x0800691c        0xc D:/Program Files (x86)/Arm GNU Toolchain arm-none-eabi/13.3 rel1/bin/../lib/gcc/arm-none-eabi/13.3.1/thumb/v7e-m+fp/hard\libm.a(libm_a-ef_atan2.o)
 .rodata.CSWTCH.8
                0x08006928        0xc D:/Program Files (x86)/Arm GNU Toolchain arm-none-eabi/13.3 rel1/bin/../lib/gcc/arm-none-eabi/13.3.1/thumb/v7e-m+fp/hard\libm.a(libm_a-ef_atan2.o)
 .rodata.atanlo
                0x08006934       0x10 D:/Program Files (x86)/Arm GNU Toolchain arm-none-eabi/13.3 rel1/bin/../lib/gcc/arm-none-eabi/13.3.1/thumb/v7e-m+fp/hard\libm.a(libm_a-sf_atan.o)
 .rodata.atanhi
                0x08006944       0x10 D:/Program Files (x86)/Arm GNU Toolchain arm-none-eabi/13.3 rel1/bin/../lib/gcc/arm-none-eabi/13.3.1/thumb/v7e-m+fp/hard\libm.a(libm_a-sf_atan.o)
                0x08006954                        . = ALIGN (0x4)

.ARM.extab
 *(.ARM.extab* .gnu.linkonce.armextab.*)

.ARM            0x08006954        0x8
                0x08006954                        __exidx_start = .
 *(.ARM.exidx*)
 .ARM.exidx     0x08006954        0x8 D:/Program Files (x86)/Arm GNU Toolchain arm-none-eabi/13.3 rel1/bin/../lib/gcc/arm-none-eabi/13.3.1/thumb/v7e-m+fp/hard\libg.a(libc_a-memcpy.o)
                0x0800695c                        __exidx_end = .

.preinit_array  0x0800695c        0x0
                0x0800695c                        PROVIDE (__preinit_array_start = .)
 *(.preinit_array*)
                0x0800695c                        PROVIDE (__preinit_array_end = .)

.init_array     0x0800695c        0x8
                0x0800695c                        PROVIDE (__init_array_start = .)
 *(SORT_BY_NAME(.init_array.*))
 .init_array.00000
                0x0800695c        0x4 D:/Program Files (x86)/Arm GNU Toolchain arm-none-eabi/13.3 rel1/bin/../lib/gcc/arm-none-eabi/13.3.1/thumb/v7e-m+fp/hard\libg.a(libc_a-__call_atexit.o)
 *(.init_array*)
 .init_array    0x08006960        0x4 D:/Program Files (x86)/Arm GNU Toolchain arm-none-eabi/13.3 rel1/bin/../lib/gcc/arm-none-eabi/13.3.1/thumb/v7e-m+fp/hard/crtbegin.o
                0x08006964                        PROVIDE (__init_array_end = .)

.fini_array     0x08006964        0x4
                0x08006964                        PROVIDE (__fini_array_start = .)
 *(SORT_BY_NAME(.fini_array.*))
 *(.fini_array*)
 .fini_array    0x08006964        0x4 D:/Program Files (x86)/Arm GNU Toolchain arm-none-eabi/13.3 rel1/bin/../lib/gcc/arm-none-eabi/13.3.1/thumb/v7e-m+fp/hard/crtbegin.o
                0x08006968                        PROVIDE (__fini_array_end = .)
                0x08006968                        _sidata = LOADADDR (.data)

.rel.dyn        0x08006968        0x0
 .rel.iplt      0x08006968        0x0 D:/Program Files (x86)/Arm GNU Toolchain arm-none-eabi/13.3 rel1/bin/../lib/gcc/arm-none-eabi/13.3.1/thumb/v7e-m+fp/hard/crtbegin.o

.data           0x24000000      0x16c load address 0x08006968
                0x24000000                        . = ALIGN (0x4)
                0x24000000                        _sdata = .
 *(.data)
 *(.data*)
 .data.twoKp    0x24000000        0x4 CMakeFiles/HNU_RM_DM02.elf.dir/App/Algorithm/MahonyAHRS.c.obj
                0x24000000                twoKp
 .data.BMI088_GYRO_SEN
                0x24000004        0x4 CMakeFiles/HNU_RM_DM02.elf.dir/App/Bsp/BMI088driver.c.obj
                0x24000004                BMI088_GYRO_SEN
 .data.BMI088_ACCEL_SEN
                0x24000008        0x4 CMakeFiles/HNU_RM_DM02.elf.dir/App/Bsp/BMI088driver.c.obj
                0x24000008                BMI088_ACCEL_SEN
 .data.SystemD2Clock
                0x2400000c        0x4 CMakeFiles/HNU_RM_DM02.elf.dir/Core/Src/system_stm32h7xx.c.obj
                0x2400000c                SystemD2Clock
 .data.SystemCoreClock
                0x24000010        0x4 CMakeFiles/HNU_RM_DM02.elf.dir/Core/Src/system_stm32h7xx.c.obj
                0x24000010                SystemCoreClock
 .data.uwTickFreq
                0x24000014        0x1 CMakeFiles/HNU_RM_DM02.elf.dir/Drivers/STM32H7xx_HAL_Driver/Src/stm32h7xx_hal.c.obj
                0x24000014                uwTickFreq
 *fill*         0x24000015        0x3 
 .data.uwTickPrio
                0x24000018        0x4 CMakeFiles/HNU_RM_DM02.elf.dir/Drivers/STM32H7xx_HAL_Driver/Src/stm32h7xx_hal.c.obj
                0x24000018                uwTickPrio
 .data.uxCriticalNesting
                0x2400001c        0x4 CMakeFiles/HNU_RM_DM02.elf.dir/Middlewares/Third_Party/FreeRTOS/Source/portable/GCC/ARM_CM4F/port.c.obj
 .data._impure_ptr
                0x24000020        0x4 D:/Program Files (x86)/Arm GNU Toolchain arm-none-eabi/13.3 rel1/bin/../lib/gcc/arm-none-eabi/13.3.1/thumb/v7e-m+fp/hard\libg.a(libc_a-impure.o)
                0x24000020                _impure_ptr
 *fill*         0x24000024        0x4 
 .data._impure_data
                0x24000028      0x140 D:/Program Files (x86)/Arm GNU Toolchain arm-none-eabi/13.3 rel1/bin/../lib/gcc/arm-none-eabi/13.3.1/thumb/v7e-m+fp/hard\libg.a(libc_a-impure.o)
                0x24000028                _impure_data
 .data.__atexit_recursive_mutex
                0x24000168        0x4 D:/Program Files (x86)/Arm GNU Toolchain arm-none-eabi/13.3 rel1/bin/../lib/gcc/arm-none-eabi/13.3.1/thumb/v7e-m+fp/hard\libg.a(libc_a-__call_atexit.o)
                0x24000168                __atexit_recursive_mutex
 *(.RamFunc)
 *(.RamFunc*)
                0x2400016c                        . = ALIGN (0x4)
                0x2400016c                        _edata = .

.tm_clone_table
                0x2400016c        0x0 load address 0x08006ad4
 .tm_clone_table
                0x2400016c        0x0 D:/Program Files (x86)/Arm GNU Toolchain arm-none-eabi/13.3 rel1/bin/../lib/gcc/arm-none-eabi/13.3.1/thumb/v7e-m+fp/hard/crtbegin.o
 .tm_clone_table
                0x2400016c        0x0 D:/Program Files (x86)/Arm GNU Toolchain arm-none-eabi/13.3 rel1/bin/../lib/gcc/arm-none-eabi/13.3.1/thumb/v7e-m+fp/hard/crtend.o

.igot.plt       0x2400016c        0x0 load address 0x08006ad4
 .igot.plt      0x2400016c        0x0 D:/Program Files (x86)/Arm GNU Toolchain arm-none-eabi/13.3 rel1/bin/../lib/gcc/arm-none-eabi/13.3.1/thumb/v7e-m+fp/hard/crtbegin.o
                0x2400016c                        . = ALIGN (0x4)

.bss            0x2400016c     0x6a3c load address 0x08006ad4
                0x2400016c                        _sbss = .
                0x2400016c                        __bss_start__ = _sbss
 *(.bss)
 *(.bss*)
 .bss.completed.1
                0x2400016c        0x1 D:/Program Files (x86)/Arm GNU Toolchain arm-none-eabi/13.3 rel1/bin/../lib/gcc/arm-none-eabi/13.3.1/thumb/v7e-m+fp/hard/crtbegin.o
 *fill*         0x2400016d        0x3 
 .bss.object.0  0x24000170       0x18 D:/Program Files (x86)/Arm GNU Toolchain arm-none-eabi/13.3 rel1/bin/../lib/gcc/arm-none-eabi/13.3.1/thumb/v7e-m+fp/hard/crtbegin.o
 .bss.integralFBz
                0x24000188        0x4 CMakeFiles/HNU_RM_DM02.elf.dir/App/Algorithm/MahonyAHRS.c.obj
                0x24000188                integralFBz
 .bss.integralFBy
                0x2400018c        0x4 CMakeFiles/HNU_RM_DM02.elf.dir/App/Algorithm/MahonyAHRS.c.obj
                0x2400018c                integralFBy
 .bss.integralFBx
                0x24000190        0x4 CMakeFiles/HNU_RM_DM02.elf.dir/App/Algorithm/MahonyAHRS.c.obj
                0x24000190                integralFBx
 .bss.twoKi     0x24000194        0x4 CMakeFiles/HNU_RM_DM02.elf.dir/App/Algorithm/MahonyAHRS.c.obj
                0x24000194                twoKi
 .bss.rpy_buffer
                0x24000198       0x19 CMakeFiles/HNU_RM_DM02.elf.dir/App/Task/imu_task.c.obj
 *fill*         0x240001b1        0x3 
 .bss.rpy_data  0x240001b4        0x4 CMakeFiles/HNU_RM_DM02.elf.dir/App/Task/imu_task.c.obj
 .bss.err_ll    0x240001b8        0x4 CMakeFiles/HNU_RM_DM02.elf.dir/App/Task/imu_task.c.obj
                0x240001b8                err_ll
 .bss.err_l     0x240001bc        0x4 CMakeFiles/HNU_RM_DM02.elf.dir/App/Task/imu_task.c.obj
                0x240001bc                err_l
 .bss.err       0x240001c0        0x4 CMakeFiles/HNU_RM_DM02.elf.dir/App/Task/imu_task.c.obj
                0x240001c0                err
 .bss.out       0x240001c4        0x4 CMakeFiles/HNU_RM_DM02.elf.dir/App/Task/imu_task.c.obj
                0x240001c4                out
 .bss.imuAngle  0x240001c8        0xc CMakeFiles/HNU_RM_DM02.elf.dir/App/Task/imu_task.c.obj
                0x240001c8                imuAngle
 .bss.imuQuat   0x240001d4       0x10 CMakeFiles/HNU_RM_DM02.elf.dir/App/Task/imu_task.c.obj
                0x240001d4                imuQuat
 .bss.temp      0x240001e4        0x4 CMakeFiles/HNU_RM_DM02.elf.dir/App/Task/imu_task.c.obj
 .bss.acc       0x240001e8        0xc CMakeFiles/HNU_RM_DM02.elf.dir/App/Task/imu_task.c.obj
                0x240001e8                acc
 .bss.gyro      0x240001f4        0xc CMakeFiles/HNU_RM_DM02.elf.dir/App/Task/imu_task.c.obj
                0x240001f4                gyro
 .bss.xTimerStack
                0x24000200      0x400 CMakeFiles/HNU_RM_DM02.elf.dir/Core/Src/freertos.c.obj
 .bss.xTimerTaskTCBBuffer
                0x24000600       0x5c CMakeFiles/HNU_RM_DM02.elf.dir/Core/Src/freertos.c.obj
 .bss.xIdleStack
                0x2400065c      0x200 CMakeFiles/HNU_RM_DM02.elf.dir/Core/Src/freertos.c.obj
 .bss.xIdleTaskTCBBuffer
                0x2400085c       0x5c CMakeFiles/HNU_RM_DM02.elf.dir/Core/Src/freertos.c.obj
 .bss.Imu_TaskControlBlock
                0x240008b8       0x5c CMakeFiles/HNU_RM_DM02.elf.dir/Core/Src/freertos.c.obj
                0x240008b8                Imu_TaskControlBlock
 .bss.Imu_TaskBuffer
                0x24000914     0x2000 CMakeFiles/HNU_RM_DM02.elf.dir/Core/Src/freertos.c.obj
                0x24000914                Imu_TaskBuffer
 .bss.Imu_TaskHandle
                0x24002914        0x4 CMakeFiles/HNU_RM_DM02.elf.dir/Core/Src/freertos.c.obj
                0x24002914                Imu_TaskHandle
 .bss.defaultTaskHandle
                0x24002918        0x4 CMakeFiles/HNU_RM_DM02.elf.dir/Core/Src/freertos.c.obj
                0x24002918                defaultTaskHandle
 .bss.hspi2     0x2400291c       0x88 CMakeFiles/HNU_RM_DM02.elf.dir/Core/Src/spi.c.obj
                0x2400291c                hspi2
 .bss.htim23    0x240029a4       0x4c CMakeFiles/HNU_RM_DM02.elf.dir/Core/Src/stm32h7xx_hal_timebase_tim.c.obj
                0x240029a4                htim23
 .bss.htim3     0x240029f0       0x4c CMakeFiles/HNU_RM_DM02.elf.dir/Core/Src/tim.c.obj
                0x240029f0                htim3
 .bss.uwTick    0x24002a3c        0x4 CMakeFiles/HNU_RM_DM02.elf.dir/Drivers/STM32H7xx_HAL_Driver/Src/stm32h7xx_hal.c.obj
                0x24002a3c                uwTick
 .bss.ulMaxPRIGROUPValue
                0x24002a40        0x4 CMakeFiles/HNU_RM_DM02.elf.dir/Middlewares/Third_Party/FreeRTOS/Source/portable/GCC/ARM_CM4F/port.c.obj
 .bss.ucMaxSysCallPriority
                0x24002a44        0x1 CMakeFiles/HNU_RM_DM02.elf.dir/Middlewares/Third_Party/FreeRTOS/Source/portable/GCC/ARM_CM4F/port.c.obj
 *fill*         0x24002a45        0x3 
 .bss.xBlockAllocatedBit
                0x24002a48        0x4 CMakeFiles/HNU_RM_DM02.elf.dir/Middlewares/Third_Party/FreeRTOS/Source/portable/MemMang/heap_4.c.obj
 .bss.xNumberOfSuccessfulFrees
                0x24002a4c        0x4 CMakeFiles/HNU_RM_DM02.elf.dir/Middlewares/Third_Party/FreeRTOS/Source/portable/MemMang/heap_4.c.obj
 .bss.xNumberOfSuccessfulAllocations
                0x24002a50        0x4 CMakeFiles/HNU_RM_DM02.elf.dir/Middlewares/Third_Party/FreeRTOS/Source/portable/MemMang/heap_4.c.obj
 .bss.xMinimumEverFreeBytesRemaining
                0x24002a54        0x4 CMakeFiles/HNU_RM_DM02.elf.dir/Middlewares/Third_Party/FreeRTOS/Source/portable/MemMang/heap_4.c.obj
 .bss.xFreeBytesRemaining
                0x24002a58        0x4 CMakeFiles/HNU_RM_DM02.elf.dir/Middlewares/Third_Party/FreeRTOS/Source/portable/MemMang/heap_4.c.obj
 .bss.pxEnd     0x24002a5c        0x4 CMakeFiles/HNU_RM_DM02.elf.dir/Middlewares/Third_Party/FreeRTOS/Source/portable/MemMang/heap_4.c.obj
 .bss.xStart    0x24002a60        0x8 CMakeFiles/HNU_RM_DM02.elf.dir/Middlewares/Third_Party/FreeRTOS/Source/portable/MemMang/heap_4.c.obj
 .bss.ucHeap    0x24002a68     0x3c00 CMakeFiles/HNU_RM_DM02.elf.dir/Middlewares/Third_Party/FreeRTOS/Source/portable/MemMang/heap_4.c.obj
 .bss.xQueueRegistry
                0x24006668       0x40 CMakeFiles/HNU_RM_DM02.elf.dir/Middlewares/Third_Party/FreeRTOS/Source/queue.c.obj
                0x24006668                xQueueRegistry
 .bss.uxSchedulerSuspended
                0x240066a8        0x4 CMakeFiles/HNU_RM_DM02.elf.dir/Middlewares/Third_Party/FreeRTOS/Source/tasks.c.obj
 .bss.xIdleTaskHandle
                0x240066ac        0x4 CMakeFiles/HNU_RM_DM02.elf.dir/Middlewares/Third_Party/FreeRTOS/Source/tasks.c.obj
 .bss.xNextTaskUnblockTime
                0x240066b0        0x4 CMakeFiles/HNU_RM_DM02.elf.dir/Middlewares/Third_Party/FreeRTOS/Source/tasks.c.obj
 .bss.uxTaskNumber
                0x240066b4        0x4 CMakeFiles/HNU_RM_DM02.elf.dir/Middlewares/Third_Party/FreeRTOS/Source/tasks.c.obj
 .bss.xNumOfOverflows
                0x240066b8        0x4 CMakeFiles/HNU_RM_DM02.elf.dir/Middlewares/Third_Party/FreeRTOS/Source/tasks.c.obj
 .bss.xYieldPending
                0x240066bc        0x4 CMakeFiles/HNU_RM_DM02.elf.dir/Middlewares/Third_Party/FreeRTOS/Source/tasks.c.obj
 .bss.xPendedTicks
                0x240066c0        0x4 CMakeFiles/HNU_RM_DM02.elf.dir/Middlewares/Third_Party/FreeRTOS/Source/tasks.c.obj
 .bss.xSchedulerRunning
                0x240066c4        0x4 CMakeFiles/HNU_RM_DM02.elf.dir/Middlewares/Third_Party/FreeRTOS/Source/tasks.c.obj
 .bss.uxTopReadyPriority
                0x240066c8        0x4 CMakeFiles/HNU_RM_DM02.elf.dir/Middlewares/Third_Party/FreeRTOS/Source/tasks.c.obj
 .bss.xTickCount
                0x240066cc        0x4 CMakeFiles/HNU_RM_DM02.elf.dir/Middlewares/Third_Party/FreeRTOS/Source/tasks.c.obj
 .bss.uxCurrentNumberOfTasks
                0x240066d0        0x4 CMakeFiles/HNU_RM_DM02.elf.dir/Middlewares/Third_Party/FreeRTOS/Source/tasks.c.obj
 .bss.xSuspendedTaskList
                0x240066d4       0x14 CMakeFiles/HNU_RM_DM02.elf.dir/Middlewares/Third_Party/FreeRTOS/Source/tasks.c.obj
 .bss.uxDeletedTasksWaitingCleanUp
                0x240066e8        0x4 CMakeFiles/HNU_RM_DM02.elf.dir/Middlewares/Third_Party/FreeRTOS/Source/tasks.c.obj
 .bss.xTasksWaitingTermination
                0x240066ec       0x14 CMakeFiles/HNU_RM_DM02.elf.dir/Middlewares/Third_Party/FreeRTOS/Source/tasks.c.obj
 .bss.xPendingReadyList
                0x24006700       0x14 CMakeFiles/HNU_RM_DM02.elf.dir/Middlewares/Third_Party/FreeRTOS/Source/tasks.c.obj
 .bss.pxOverflowDelayedTaskList
                0x24006714        0x4 CMakeFiles/HNU_RM_DM02.elf.dir/Middlewares/Third_Party/FreeRTOS/Source/tasks.c.obj
 .bss.pxDelayedTaskList
                0x24006718        0x4 CMakeFiles/HNU_RM_DM02.elf.dir/Middlewares/Third_Party/FreeRTOS/Source/tasks.c.obj
 .bss.xDelayedTaskList2
                0x2400671c       0x14 CMakeFiles/HNU_RM_DM02.elf.dir/Middlewares/Third_Party/FreeRTOS/Source/tasks.c.obj
 .bss.xDelayedTaskList1
                0x24006730       0x14 CMakeFiles/HNU_RM_DM02.elf.dir/Middlewares/Third_Party/FreeRTOS/Source/tasks.c.obj
 .bss.pxReadyTasksLists
                0x24006744       0x8c CMakeFiles/HNU_RM_DM02.elf.dir/Middlewares/Third_Party/FreeRTOS/Source/tasks.c.obj
 .bss.pxCurrentTCB
                0x240067d0        0x4 CMakeFiles/HNU_RM_DM02.elf.dir/Middlewares/Third_Party/FreeRTOS/Source/tasks.c.obj
                0x240067d0                pxCurrentTCB
 .bss.xStaticTimerQueue.0
                0x240067d4       0x50 CMakeFiles/HNU_RM_DM02.elf.dir/Middlewares/Third_Party/FreeRTOS/Source/timers.c.obj
 .bss.ucStaticTimerQueueStorage.1
                0x24006824       0x78 CMakeFiles/HNU_RM_DM02.elf.dir/Middlewares/Third_Party/FreeRTOS/Source/timers.c.obj
 .bss.xLastTime.2
                0x2400689c        0x4 CMakeFiles/HNU_RM_DM02.elf.dir/Middlewares/Third_Party/FreeRTOS/Source/timers.c.obj
 .bss.xTimerTaskHandle
                0x240068a0        0x4 CMakeFiles/HNU_RM_DM02.elf.dir/Middlewares/Third_Party/FreeRTOS/Source/timers.c.obj
 .bss.xTimerQueue
                0x240068a4        0x4 CMakeFiles/HNU_RM_DM02.elf.dir/Middlewares/Third_Party/FreeRTOS/Source/timers.c.obj
 .bss.pxOverflowTimerList
                0x240068a8        0x4 CMakeFiles/HNU_RM_DM02.elf.dir/Middlewares/Third_Party/FreeRTOS/Source/timers.c.obj
 .bss.pxCurrentTimerList
                0x240068ac        0x4 CMakeFiles/HNU_RM_DM02.elf.dir/Middlewares/Third_Party/FreeRTOS/Source/timers.c.obj
 .bss.xActiveTimerList2
                0x240068b0       0x14 CMakeFiles/HNU_RM_DM02.elf.dir/Middlewares/Third_Party/FreeRTOS/Source/timers.c.obj
 .bss.xActiveTimerList1
                0x240068c4       0x14 CMakeFiles/HNU_RM_DM02.elf.dir/Middlewares/Third_Party/FreeRTOS/Source/timers.c.obj
 .bss.__sf      0x240068d8      0x138 D:/Program Files (x86)/Arm GNU Toolchain arm-none-eabi/13.3 rel1/bin/../lib/gcc/arm-none-eabi/13.3.1/thumb/v7e-m+fp/hard\libg.a(libc_a-findfp.o)
                0x240068d8                __sf
 .bss.__lock___atexit_recursive_mutex
                0x24006a10        0x1 D:/Program Files (x86)/Arm GNU Toolchain arm-none-eabi/13.3 rel1/bin/../lib/gcc/arm-none-eabi/13.3.1/thumb/v7e-m+fp/hard\libg.a(libc_a-lock.o)
                0x24006a10                __lock___atexit_recursive_mutex
 *fill*         0x24006a11        0x3 
 .bss.__atexit  0x24006a14        0x4 D:/Program Files (x86)/Arm GNU Toolchain arm-none-eabi/13.3 rel1/bin/../lib/gcc/arm-none-eabi/13.3.1/thumb/v7e-m+fp/hard\libg.a(libc_a-__call_atexit.o)
                0x24006a14                __atexit
 .bss.__atexit0
                0x24006a18      0x190 D:/Program Files (x86)/Arm GNU Toolchain arm-none-eabi/13.3 rel1/bin/../lib/gcc/arm-none-eabi/13.3.1/thumb/v7e-m+fp/hard\libg.a(libc_a-__atexit.o)
                0x24006a18                __atexit0
 *(COMMON)
                0x24006ba8                        . = ALIGN (0x4)
                0x24006ba8                        _ebss = .
                0x24006ba8                        __bss_end__ = _ebss

._user_heap_stack
                0x24006ba8      0xa00 load address 0x08006ad4
                0x24006ba8                        . = ALIGN (0x8)
                [!provide]                        PROVIDE (end = .)
                0x24006ba8                        PROVIDE (_end = .)
                0x24006da8                        . = (. + _Min_Heap_Size)
 *fill*         0x24006ba8      0x200 
                0x240075a8                        . = (. + _Min_Stack_Size)
 *fill*         0x24006da8      0x800 
                0x240075a8                        . = ALIGN (0x8)

/DISCARD/
 libc.a(*)
 libm.a(*)
 libgcc.a(*)

.ARM.attributes
                0x00000000       0x30
 *(.ARM.attributes)
 .ARM.attributes
                0x00000000       0x22 D:/Program Files (x86)/Arm GNU Toolchain arm-none-eabi/13.3 rel1/bin/../lib/gcc/arm-none-eabi/13.3.1/thumb/v7e-m+fp/hard/crti.o
 .ARM.attributes
                0x00000022       0x34 D:/Program Files (x86)/Arm GNU Toolchain arm-none-eabi/13.3 rel1/bin/../lib/gcc/arm-none-eabi/13.3.1/thumb/v7e-m+fp/hard/crtbegin.o
 .ARM.attributes
                0x00000056       0x34 CMakeFiles/HNU_RM_DM02.elf.dir/App/Algorithm/MahonyAHRS.c.obj
 .ARM.attributes
                0x0000008a       0x34 CMakeFiles/HNU_RM_DM02.elf.dir/App/Bsp/BMI088Middleware.c.obj
 .ARM.attributes
                0x000000be       0x34 CMakeFiles/HNU_RM_DM02.elf.dir/App/Bsp/BMI088driver.c.obj
 .ARM.attributes
                0x000000f2       0x34 CMakeFiles/HNU_RM_DM02.elf.dir/App/Task/imu_task.c.obj
 .ARM.attributes
                0x00000126       0x34 CMakeFiles/HNU_RM_DM02.elf.dir/Core/Src/freertos.c.obj
 .ARM.attributes
                0x0000015a       0x34 CMakeFiles/HNU_RM_DM02.elf.dir/Core/Src/gpio.c.obj
 .ARM.attributes
                0x0000018e       0x34 CMakeFiles/HNU_RM_DM02.elf.dir/Core/Src/main.c.obj
 .ARM.attributes
                0x000001c2       0x34 CMakeFiles/HNU_RM_DM02.elf.dir/Core/Src/spi.c.obj
 .ARM.attributes
                0x000001f6       0x34 CMakeFiles/HNU_RM_DM02.elf.dir/Core/Src/stm32h7xx_hal_msp.c.obj
 .ARM.attributes
                0x0000022a       0x34 CMakeFiles/HNU_RM_DM02.elf.dir/Core/Src/stm32h7xx_hal_timebase_tim.c.obj
 .ARM.attributes
                0x0000025e       0x34 CMakeFiles/HNU_RM_DM02.elf.dir/Core/Src/stm32h7xx_it.c.obj
 .ARM.attributes
                0x00000292       0x34 CMakeFiles/HNU_RM_DM02.elf.dir/Core/Src/system_stm32h7xx.c.obj
 .ARM.attributes
                0x000002c6       0x34 CMakeFiles/HNU_RM_DM02.elf.dir/Core/Src/tim.c.obj
 .ARM.attributes
                0x000002fa       0x21 CMakeFiles/HNU_RM_DM02.elf.dir/Core/Startup/startup_stm32h723vgtx.s.obj
 .ARM.attributes
                0x0000031b       0x34 CMakeFiles/HNU_RM_DM02.elf.dir/Drivers/STM32H7xx_HAL_Driver/Src/stm32h7xx_hal.c.obj
 .ARM.attributes
                0x0000034f       0x34 CMakeFiles/HNU_RM_DM02.elf.dir/Drivers/STM32H7xx_HAL_Driver/Src/stm32h7xx_hal_cortex.c.obj
 .ARM.attributes
                0x00000383       0x34 CMakeFiles/HNU_RM_DM02.elf.dir/Drivers/STM32H7xx_HAL_Driver/Src/stm32h7xx_hal_gpio.c.obj
 .ARM.attributes
                0x000003b7       0x34 CMakeFiles/HNU_RM_DM02.elf.dir/Drivers/STM32H7xx_HAL_Driver/Src/stm32h7xx_hal_pwr_ex.c.obj
 .ARM.attributes
                0x000003eb       0x34 CMakeFiles/HNU_RM_DM02.elf.dir/Drivers/STM32H7xx_HAL_Driver/Src/stm32h7xx_hal_rcc.c.obj
 .ARM.attributes
                0x0000041f       0x34 CMakeFiles/HNU_RM_DM02.elf.dir/Drivers/STM32H7xx_HAL_Driver/Src/stm32h7xx_hal_rcc_ex.c.obj
 .ARM.attributes
                0x00000453       0x34 CMakeFiles/HNU_RM_DM02.elf.dir/Drivers/STM32H7xx_HAL_Driver/Src/stm32h7xx_hal_spi.c.obj
 .ARM.attributes
                0x00000487       0x34 CMakeFiles/HNU_RM_DM02.elf.dir/Drivers/STM32H7xx_HAL_Driver/Src/stm32h7xx_hal_tim.c.obj
 .ARM.attributes
                0x000004bb       0x34 CMakeFiles/HNU_RM_DM02.elf.dir/Drivers/STM32H7xx_HAL_Driver/Src/stm32h7xx_hal_tim_ex.c.obj
 .ARM.attributes
                0x000004ef       0x34 CMakeFiles/HNU_RM_DM02.elf.dir/Middlewares/Third_Party/FreeRTOS/Source/CMSIS_RTOS/cmsis_os.c.obj
 .ARM.attributes
                0x00000523       0x34 CMakeFiles/HNU_RM_DM02.elf.dir/Middlewares/Third_Party/FreeRTOS/Source/list.c.obj
 .ARM.attributes
                0x00000557       0x34 CMakeFiles/HNU_RM_DM02.elf.dir/Middlewares/Third_Party/FreeRTOS/Source/portable/GCC/ARM_CM4F/port.c.obj
 .ARM.attributes
                0x0000058b       0x34 CMakeFiles/HNU_RM_DM02.elf.dir/Middlewares/Third_Party/FreeRTOS/Source/portable/MemMang/heap_4.c.obj
 .ARM.attributes
                0x000005bf       0x34 CMakeFiles/HNU_RM_DM02.elf.dir/Middlewares/Third_Party/FreeRTOS/Source/queue.c.obj
 .ARM.attributes
                0x000005f3       0x34 CMakeFiles/HNU_RM_DM02.elf.dir/Middlewares/Third_Party/FreeRTOS/Source/tasks.c.obj
 .ARM.attributes
                0x00000627       0x34 CMakeFiles/HNU_RM_DM02.elf.dir/Middlewares/Third_Party/FreeRTOS/Source/timers.c.obj
 .ARM.attributes
                0x0000065b       0x34 D:/Program Files (x86)/Arm GNU Toolchain arm-none-eabi/13.3 rel1/bin/../lib/gcc/arm-none-eabi/13.3.1/thumb/v7e-m+fp/hard\libg.a(libc_a-findfp.o)
 .ARM.attributes
                0x0000068f       0x34 D:/Program Files (x86)/Arm GNU Toolchain arm-none-eabi/13.3 rel1/bin/../lib/gcc/arm-none-eabi/13.3.1/thumb/v7e-m+fp/hard\libg.a(libc_a-memset.o)
 .ARM.attributes
                0x000006c3       0x34 D:/Program Files (x86)/Arm GNU Toolchain arm-none-eabi/13.3 rel1/bin/../lib/gcc/arm-none-eabi/13.3.1/thumb/v7e-m+fp/hard\libg.a(libc_a-impure.o)
 .ARM.attributes
                0x000006f7       0x34 D:/Program Files (x86)/Arm GNU Toolchain arm-none-eabi/13.3 rel1/bin/../lib/gcc/arm-none-eabi/13.3.1/thumb/v7e-m+fp/hard\libg.a(libc_a-errno.o)
 .ARM.attributes
                0x0000072b       0x34 D:/Program Files (x86)/Arm GNU Toolchain arm-none-eabi/13.3 rel1/bin/../lib/gcc/arm-none-eabi/13.3.1/thumb/v7e-m+fp/hard\libg.a(libc_a-init.o)
 .ARM.attributes
                0x0000075f       0x34 D:/Program Files (x86)/Arm GNU Toolchain arm-none-eabi/13.3 rel1/bin/../lib/gcc/arm-none-eabi/13.3.1/thumb/v7e-m+fp/hard\libg.a(libc_a-lock.o)
 .ARM.attributes
                0x00000793       0x20 D:/Program Files (x86)/Arm GNU Toolchain arm-none-eabi/13.3 rel1/bin/../lib/gcc/arm-none-eabi/13.3.1/thumb/v7e-m+fp/hard\libg.a(libc_a-memcpy.o)
 .ARM.attributes
                0x000007b3       0x34 D:/Program Files (x86)/Arm GNU Toolchain arm-none-eabi/13.3 rel1/bin/../lib/gcc/arm-none-eabi/13.3.1/thumb/v7e-m+fp/hard\libg.a(libc_a-__call_atexit.o)
 .ARM.attributes
                0x000007e7       0x34 D:/Program Files (x86)/Arm GNU Toolchain arm-none-eabi/13.3 rel1/bin/../lib/gcc/arm-none-eabi/13.3.1/thumb/v7e-m+fp/hard\libg.a(libc_a-atexit.o)
 .ARM.attributes
                0x0000081b       0x34 D:/Program Files (x86)/Arm GNU Toolchain arm-none-eabi/13.3 rel1/bin/../lib/gcc/arm-none-eabi/13.3.1/thumb/v7e-m+fp/hard\libg.a(libc_a-fini.o)
 .ARM.attributes
                0x0000084f       0x34 D:/Program Files (x86)/Arm GNU Toolchain arm-none-eabi/13.3 rel1/bin/../lib/gcc/arm-none-eabi/13.3.1/thumb/v7e-m+fp/hard\libg.a(libc_a-__atexit.o)
 .ARM.attributes
                0x00000883       0x34 D:/Program Files (x86)/Arm GNU Toolchain arm-none-eabi/13.3 rel1/bin/../lib/gcc/arm-none-eabi/13.3.1/thumb/v7e-m+fp/hard/crtend.o
 .ARM.attributes
                0x000008b7       0x22 D:/Program Files (x86)/Arm GNU Toolchain arm-none-eabi/13.3 rel1/bin/../lib/gcc/arm-none-eabi/13.3.1/thumb/v7e-m+fp/hard/crtn.o
OUTPUT(HNU_RM_DM02.elf elf32-littlearm)
LOAD linker stubs
LOAD D:/Program Files (x86)/Arm GNU Toolchain arm-none-eabi/13.3 rel1/bin/../lib/gcc/arm-none-eabi/13.3.1/thumb/v7e-m+fp/hard\libc.a
LOAD D:/Program Files (x86)/Arm GNU Toolchain arm-none-eabi/13.3 rel1/bin/../lib/gcc/arm-none-eabi/13.3.1/thumb/v7e-m+fp/hard\libm.a
LOAD D:/Program Files (x86)/Arm GNU Toolchain arm-none-eabi/13.3 rel1/bin/../lib/gcc/arm-none-eabi/13.3.1/thumb/v7e-m+fp/hard\libgcc.a

.debug_info     0x00000000    0x21bf3
 .debug_info    0x00000000      0x668 CMakeFiles/HNU_RM_DM02.elf.dir/App/Algorithm/MahonyAHRS.c.obj
 .debug_info    0x00000668      0xb3e CMakeFiles/HNU_RM_DM02.elf.dir/App/Bsp/BMI088Middleware.c.obj
 .debug_info    0x000011a6      0x982 CMakeFiles/HNU_RM_DM02.elf.dir/App/Bsp/BMI088driver.c.obj
 .debug_info    0x00001b28      0xc5c CMakeFiles/HNU_RM_DM02.elf.dir/App/Task/imu_task.c.obj
 .debug_info    0x00002784      0x603 CMakeFiles/HNU_RM_DM02.elf.dir/Core/Src/freertos.c.obj
 .debug_info    0x00002d87      0x6d3 CMakeFiles/HNU_RM_DM02.elf.dir/Core/Src/gpio.c.obj
 .debug_info    0x0000345a      0xcd1 CMakeFiles/HNU_RM_DM02.elf.dir/Core/Src/main.c.obj
 .debug_info    0x0000412b     0x1172 CMakeFiles/HNU_RM_DM02.elf.dir/Core/Src/spi.c.obj
 .debug_info    0x0000529d      0x822 CMakeFiles/HNU_RM_DM02.elf.dir/Core/Src/stm32h7xx_hal_msp.c.obj
 .debug_info    0x00005abf     0x111b CMakeFiles/HNU_RM_DM02.elf.dir/Core/Src/stm32h7xx_hal_timebase_tim.c.obj
 .debug_info    0x00006bda      0x7f0 CMakeFiles/HNU_RM_DM02.elf.dir/Core/Src/stm32h7xx_it.c.obj
 .debug_info    0x000073ca      0xb57 CMakeFiles/HNU_RM_DM02.elf.dir/Core/Src/system_stm32h7xx.c.obj
 .debug_info    0x00007f21     0x101b CMakeFiles/HNU_RM_DM02.elf.dir/Core/Src/tim.c.obj
 .debug_info    0x00008f3c       0x30 CMakeFiles/HNU_RM_DM02.elf.dir/Core/Startup/startup_stm32h723vgtx.s.obj
 .debug_info    0x00008f6c     0x1796 CMakeFiles/HNU_RM_DM02.elf.dir/Drivers/STM32H7xx_HAL_Driver/Src/stm32h7xx_hal.c.obj
 .debug_info    0x0000a702     0x1309 CMakeFiles/HNU_RM_DM02.elf.dir/Drivers/STM32H7xx_HAL_Driver/Src/stm32h7xx_hal_cortex.c.obj
 .debug_info    0x0000ba0b      0xc98 CMakeFiles/HNU_RM_DM02.elf.dir/Drivers/STM32H7xx_HAL_Driver/Src/stm32h7xx_hal_gpio.c.obj
 .debug_info    0x0000c6a3      0xf22 CMakeFiles/HNU_RM_DM02.elf.dir/Drivers/STM32H7xx_HAL_Driver/Src/stm32h7xx_hal_pwr_ex.c.obj
 .debug_info    0x0000d5c5     0x1037 CMakeFiles/HNU_RM_DM02.elf.dir/Drivers/STM32H7xx_HAL_Driver/Src/stm32h7xx_hal_rcc.c.obj
 .debug_info    0x0000e5fc     0x1975 CMakeFiles/HNU_RM_DM02.elf.dir/Drivers/STM32H7xx_HAL_Driver/Src/stm32h7xx_hal_rcc_ex.c.obj
 .debug_info    0x0000ff71     0x1a61 CMakeFiles/HNU_RM_DM02.elf.dir/Drivers/STM32H7xx_HAL_Driver/Src/stm32h7xx_hal_spi.c.obj
 .debug_info    0x000119d2     0x3e1d CMakeFiles/HNU_RM_DM02.elf.dir/Drivers/STM32H7xx_HAL_Driver/Src/stm32h7xx_hal_tim.c.obj
 .debug_info    0x000157ef     0x1f93 CMakeFiles/HNU_RM_DM02.elf.dir/Drivers/STM32H7xx_HAL_Driver/Src/stm32h7xx_hal_tim_ex.c.obj
 .debug_info    0x00017782     0x27b8 CMakeFiles/HNU_RM_DM02.elf.dir/Middlewares/Third_Party/FreeRTOS/Source/CMSIS_RTOS/cmsis_os.c.obj
 .debug_info    0x00019f3a      0x2bf CMakeFiles/HNU_RM_DM02.elf.dir/Middlewares/Third_Party/FreeRTOS/Source/list.c.obj
 .debug_info    0x0001a1f9      0x55a CMakeFiles/HNU_RM_DM02.elf.dir/Middlewares/Third_Party/FreeRTOS/Source/portable/GCC/ARM_CM4F/port.c.obj
 .debug_info    0x0001a753      0x593 CMakeFiles/HNU_RM_DM02.elf.dir/Middlewares/Third_Party/FreeRTOS/Source/portable/MemMang/heap_4.c.obj
 .debug_info    0x0001ace6     0x26d8 CMakeFiles/HNU_RM_DM02.elf.dir/Middlewares/Third_Party/FreeRTOS/Source/queue.c.obj
 .debug_info    0x0001d3be     0x2f44 CMakeFiles/HNU_RM_DM02.elf.dir/Middlewares/Third_Party/FreeRTOS/Source/tasks.c.obj
 .debug_info    0x00020302     0x18f1 CMakeFiles/HNU_RM_DM02.elf.dir/Middlewares/Third_Party/FreeRTOS/Source/timers.c.obj

.debug_abbrev   0x00000000     0x455f
 .debug_abbrev  0x00000000      0x13f CMakeFiles/HNU_RM_DM02.elf.dir/App/Algorithm/MahonyAHRS.c.obj
 .debug_abbrev  0x0000013f      0x215 CMakeFiles/HNU_RM_DM02.elf.dir/App/Bsp/BMI088Middleware.c.obj
 .debug_abbrev  0x00000354      0x203 CMakeFiles/HNU_RM_DM02.elf.dir/App/Bsp/BMI088driver.c.obj
 .debug_abbrev  0x00000557      0x270 CMakeFiles/HNU_RM_DM02.elf.dir/App/Task/imu_task.c.obj
 .debug_abbrev  0x000007c7      0x1a2 CMakeFiles/HNU_RM_DM02.elf.dir/Core/Src/freertos.c.obj
 .debug_abbrev  0x00000969      0x194 CMakeFiles/HNU_RM_DM02.elf.dir/Core/Src/gpio.c.obj
 .debug_abbrev  0x00000afd      0x25e CMakeFiles/HNU_RM_DM02.elf.dir/Core/Src/main.c.obj
 .debug_abbrev  0x00000d5b      0x23f CMakeFiles/HNU_RM_DM02.elf.dir/Core/Src/spi.c.obj
 .debug_abbrev  0x00000f9a      0x12e CMakeFiles/HNU_RM_DM02.elf.dir/Core/Src/stm32h7xx_hal_msp.c.obj
 .debug_abbrev  0x000010c8      0x251 CMakeFiles/HNU_RM_DM02.elf.dir/Core/Src/stm32h7xx_hal_timebase_tim.c.obj
 .debug_abbrev  0x00001319      0x184 CMakeFiles/HNU_RM_DM02.elf.dir/Core/Src/stm32h7xx_it.c.obj
 .debug_abbrev  0x0000149d      0x13e CMakeFiles/HNU_RM_DM02.elf.dir/Core/Src/system_stm32h7xx.c.obj
 .debug_abbrev  0x000015db      0x260 CMakeFiles/HNU_RM_DM02.elf.dir/Core/Src/tim.c.obj
 .debug_abbrev  0x0000183b       0x24 CMakeFiles/HNU_RM_DM02.elf.dir/Core/Startup/startup_stm32h723vgtx.s.obj
 .debug_abbrev  0x0000185f      0x2c3 CMakeFiles/HNU_RM_DM02.elf.dir/Drivers/STM32H7xx_HAL_Driver/Src/stm32h7xx_hal.c.obj
 .debug_abbrev  0x00001b22      0x3ad CMakeFiles/HNU_RM_DM02.elf.dir/Drivers/STM32H7xx_HAL_Driver/Src/stm32h7xx_hal_cortex.c.obj
 .debug_abbrev  0x00001ecf      0x24e CMakeFiles/HNU_RM_DM02.elf.dir/Drivers/STM32H7xx_HAL_Driver/Src/stm32h7xx_hal_gpio.c.obj
 .debug_abbrev  0x0000211d      0x2b5 CMakeFiles/HNU_RM_DM02.elf.dir/Drivers/STM32H7xx_HAL_Driver/Src/stm32h7xx_hal_pwr_ex.c.obj
 .debug_abbrev  0x000023d2      0x294 CMakeFiles/HNU_RM_DM02.elf.dir/Drivers/STM32H7xx_HAL_Driver/Src/stm32h7xx_hal_rcc.c.obj
 .debug_abbrev  0x00002666      0x282 CMakeFiles/HNU_RM_DM02.elf.dir/Drivers/STM32H7xx_HAL_Driver/Src/stm32h7xx_hal_rcc_ex.c.obj
 .debug_abbrev  0x000028e8      0x29f CMakeFiles/HNU_RM_DM02.elf.dir/Drivers/STM32H7xx_HAL_Driver/Src/stm32h7xx_hal_spi.c.obj
 .debug_abbrev  0x00002b87      0x26f CMakeFiles/HNU_RM_DM02.elf.dir/Drivers/STM32H7xx_HAL_Driver/Src/stm32h7xx_hal_tim.c.obj
 .debug_abbrev  0x00002df6      0x282 CMakeFiles/HNU_RM_DM02.elf.dir/Drivers/STM32H7xx_HAL_Driver/Src/stm32h7xx_hal_tim_ex.c.obj
 .debug_abbrev  0x00003078      0x3f0 CMakeFiles/HNU_RM_DM02.elf.dir/Middlewares/Third_Party/FreeRTOS/Source/CMSIS_RTOS/cmsis_os.c.obj
 .debug_abbrev  0x00003468      0x10a CMakeFiles/HNU_RM_DM02.elf.dir/Middlewares/Third_Party/FreeRTOS/Source/list.c.obj
 .debug_abbrev  0x00003572      0x293 CMakeFiles/HNU_RM_DM02.elf.dir/Middlewares/Third_Party/FreeRTOS/Source/portable/GCC/ARM_CM4F/port.c.obj
 .debug_abbrev  0x00003805      0x263 CMakeFiles/HNU_RM_DM02.elf.dir/Middlewares/Third_Party/FreeRTOS/Source/portable/MemMang/heap_4.c.obj
 .debug_abbrev  0x00003a68      0x3ea CMakeFiles/HNU_RM_DM02.elf.dir/Middlewares/Third_Party/FreeRTOS/Source/queue.c.obj
 .debug_abbrev  0x00003e52      0x3a6 CMakeFiles/HNU_RM_DM02.elf.dir/Middlewares/Third_Party/FreeRTOS/Source/tasks.c.obj
 .debug_abbrev  0x000041f8      0x367 CMakeFiles/HNU_RM_DM02.elf.dir/Middlewares/Third_Party/FreeRTOS/Source/timers.c.obj

.debug_loclists
                0x00000000     0xe677
 .debug_loclists
                0x00000000      0x8ea CMakeFiles/HNU_RM_DM02.elf.dir/App/Algorithm/MahonyAHRS.c.obj
 .debug_loclists
                0x000008ea       0xf3 CMakeFiles/HNU_RM_DM02.elf.dir/App/Bsp/BMI088Middleware.c.obj
 .debug_loclists
                0x000009dd      0x258 CMakeFiles/HNU_RM_DM02.elf.dir/App/Bsp/BMI088driver.c.obj
 .debug_loclists
                0x00000c35       0xd5 CMakeFiles/HNU_RM_DM02.elf.dir/App/Task/imu_task.c.obj
 .debug_loclists
                0x00000d0a       0x46 CMakeFiles/HNU_RM_DM02.elf.dir/Core/Src/freertos.c.obj
 .debug_loclists
                0x00000d50       0x40 CMakeFiles/HNU_RM_DM02.elf.dir/Core/Src/main.c.obj
 .debug_loclists
                0x00000d90       0x87 CMakeFiles/HNU_RM_DM02.elf.dir/Core/Src/spi.c.obj
 .debug_loclists
                0x00000e17       0x6f CMakeFiles/HNU_RM_DM02.elf.dir/Core/Src/stm32h7xx_hal_timebase_tim.c.obj
 .debug_loclists
                0x00000e86      0x120 CMakeFiles/HNU_RM_DM02.elf.dir/Core/Src/system_stm32h7xx.c.obj
 .debug_loclists
                0x00000fa6       0x40 CMakeFiles/HNU_RM_DM02.elf.dir/Core/Src/tim.c.obj
 .debug_loclists
                0x00000fe6      0x2e8 CMakeFiles/HNU_RM_DM02.elf.dir/Drivers/STM32H7xx_HAL_Driver/Src/stm32h7xx_hal.c.obj
 .debug_loclists
                0x000012ce      0x50a CMakeFiles/HNU_RM_DM02.elf.dir/Drivers/STM32H7xx_HAL_Driver/Src/stm32h7xx_hal_cortex.c.obj
 .debug_loclists
                0x000017d8      0x2a0 CMakeFiles/HNU_RM_DM02.elf.dir/Drivers/STM32H7xx_HAL_Driver/Src/stm32h7xx_hal_gpio.c.obj
 .debug_loclists
                0x00001a78      0x2be CMakeFiles/HNU_RM_DM02.elf.dir/Drivers/STM32H7xx_HAL_Driver/Src/stm32h7xx_hal_pwr_ex.c.obj
 .debug_loclists
                0x00001d36      0x61e CMakeFiles/HNU_RM_DM02.elf.dir/Drivers/STM32H7xx_HAL_Driver/Src/stm32h7xx_hal_rcc.c.obj
 .debug_loclists
                0x00002354     0x13df CMakeFiles/HNU_RM_DM02.elf.dir/Drivers/STM32H7xx_HAL_Driver/Src/stm32h7xx_hal_rcc_ex.c.obj
 .debug_loclists
                0x00003733     0x1240 CMakeFiles/HNU_RM_DM02.elf.dir/Drivers/STM32H7xx_HAL_Driver/Src/stm32h7xx_hal_spi.c.obj
 .debug_loclists
                0x00004973     0x3c09 CMakeFiles/HNU_RM_DM02.elf.dir/Drivers/STM32H7xx_HAL_Driver/Src/stm32h7xx_hal_tim.c.obj
 .debug_loclists
                0x0000857c     0x1d61 CMakeFiles/HNU_RM_DM02.elf.dir/Drivers/STM32H7xx_HAL_Driver/Src/stm32h7xx_hal_tim_ex.c.obj
 .debug_loclists
                0x0000a2dd      0xe9d CMakeFiles/HNU_RM_DM02.elf.dir/Middlewares/Third_Party/FreeRTOS/Source/CMSIS_RTOS/cmsis_os.c.obj
 .debug_loclists
                0x0000b17a       0x75 CMakeFiles/HNU_RM_DM02.elf.dir/Middlewares/Third_Party/FreeRTOS/Source/list.c.obj
 .debug_loclists
                0x0000b1ef       0xc1 CMakeFiles/HNU_RM_DM02.elf.dir/Middlewares/Third_Party/FreeRTOS/Source/portable/GCC/ARM_CM4F/port.c.obj
 .debug_loclists
                0x0000b2b0      0x2b7 CMakeFiles/HNU_RM_DM02.elf.dir/Middlewares/Third_Party/FreeRTOS/Source/portable/MemMang/heap_4.c.obj
 .debug_loclists
                0x0000b567     0x1021 CMakeFiles/HNU_RM_DM02.elf.dir/Middlewares/Third_Party/FreeRTOS/Source/queue.c.obj
 .debug_loclists
                0x0000c588     0x16b7 CMakeFiles/HNU_RM_DM02.elf.dir/Middlewares/Third_Party/FreeRTOS/Source/tasks.c.obj
 .debug_loclists
                0x0000dc3f      0xa38 CMakeFiles/HNU_RM_DM02.elf.dir/Middlewares/Third_Party/FreeRTOS/Source/timers.c.obj

.debug_aranges  0x00000000     0x1718
 .debug_aranges
                0x00000000       0x30 CMakeFiles/HNU_RM_DM02.elf.dir/App/Algorithm/MahonyAHRS.c.obj
 .debug_aranges
                0x00000030       0x60 CMakeFiles/HNU_RM_DM02.elf.dir/App/Bsp/BMI088Middleware.c.obj
 .debug_aranges
                0x00000090       0x50 CMakeFiles/HNU_RM_DM02.elf.dir/App/Bsp/BMI088driver.c.obj
 .debug_aranges
                0x000000e0       0x38 CMakeFiles/HNU_RM_DM02.elf.dir/App/Task/imu_task.c.obj
 .debug_aranges
                0x00000118       0x40 CMakeFiles/HNU_RM_DM02.elf.dir/Core/Src/freertos.c.obj
 .debug_aranges
                0x00000158       0x20 CMakeFiles/HNU_RM_DM02.elf.dir/Core/Src/gpio.c.obj
 .debug_aranges
                0x00000178       0x38 CMakeFiles/HNU_RM_DM02.elf.dir/Core/Src/main.c.obj
 .debug_aranges
                0x000001b0       0x30 CMakeFiles/HNU_RM_DM02.elf.dir/Core/Src/spi.c.obj
 .debug_aranges
                0x000001e0       0x20 CMakeFiles/HNU_RM_DM02.elf.dir/Core/Src/stm32h7xx_hal_msp.c.obj
 .debug_aranges
                0x00000200       0x30 CMakeFiles/HNU_RM_DM02.elf.dir/Core/Src/stm32h7xx_hal_timebase_tim.c.obj
 .debug_aranges