Archive member included to satisfy reference by file (symbol)

D:/PROGRA~2/ARMGNU~1/133167~1.3RE/bin/../lib/gcc/arm-none-eabi/13.3.1/thumb/v7e-m+fp/hard\libgcc.a(_arm_muldf3.o)
                              CMakeFiles/HNU_RM_DM02.elf.dir/App/Bsp/ws2812.c.obj (__aeabi_dmul)
D:/PROGRA~2/ARMGNU~1/133167~1.3RE/bin/../lib/gcc/arm-none-eabi/13.3.1/thumb/v7e-m+fp/hard\libgcc.a(_arm_addsubdf3.o)
                              CMakeFiles/HNU_RM_DM02.elf.dir/App/Bsp/ws2812.c.obj (__aeabi_dsub)
D:/PROGRA~2/ARMGNU~1/133167~1.3RE/bin/../lib/gcc/arm-none-eabi/13.3.1/thumb/v7e-m+fp/hard\libgcc.a(_arm_muldivdf3.o)
                              CMakeFiles/HNU_RM_DM02.elf.dir/App/Algorithm/dwt/drv_dwt.c.obj (__aeabi_ddiv)
D:/PROGRA~2/ARMGNU~1/133167~1.3RE/bin/../lib/gcc/arm-none-eabi/13.3.1/thumb/v7e-m+fp/hard\libgcc.a(_arm_fixunsdfsi.o)
                              CMakeFiles/HNU_RM_DM02.elf.dir/App/Bsp/ws2812.c.obj (__aeabi_d2uiz)
D:/PROGRA~2/ARMGNU~1/133167~1.3RE/bin/../lib/gcc/arm-none-eabi/13.3.1/thumb/v7e-m+fp/hard\libgcc.a(_arm_truncdfsf2.o)
                              CMakeFiles/HNU_RM_DM02.elf.dir/App/Algorithm/MahonyAHRS.c.obj (__aeabi_d2f)
D:/PROGRA~2/ARMGNU~1/133167~1.3RE/bin/../lib/gcc/arm-none-eabi/13.3.1/thumb/v7e-m+fp/hard\libgcc.a(_aeabi_uldivmod.o)
                              CMakeFiles/HNU_RM_DM02.elf.dir/App/Algorithm/dwt/drv_dwt.c.obj (__aeabi_uldivmod)
D:/PROGRA~2/ARMGNU~1/133167~1.3RE/bin/../lib/gcc/arm-none-eabi/13.3.1/thumb/v7e-m+fp/hard\libgcc.a(_udivmoddi4.o)
                              D:/PROGRA~2/ARMGNU~1/133167~1.3RE/bin/../lib/gcc/arm-none-eabi/13.3.1/thumb/v7e-m+fp/hard\libgcc.a(_aeabi_uldivmod.o) (__udivmoddi4)
D:/PROGRA~2/ARMGNU~1/133167~1.3RE/bin/../lib/gcc/arm-none-eabi/13.3.1/thumb/v7e-m+fp/hard\libgcc.a(_dvmd_tls.o)
                              D:/PROGRA~2/ARMGNU~1/133167~1.3RE/bin/../lib/gcc/arm-none-eabi/13.3.1/thumb/v7e-m+fp/hard\libgcc.a(_aeabi_uldivmod.o) (__aeabi_ldiv0)
D:/PROGRA~2/ARMGNU~1/133167~1.3RE/bin/../lib/gcc/arm-none-eabi/13.3.1/thumb/v7e-m+fp/hard\libg.a(libc_a-exit.o)
                              D:/PROGRA~2/ARMGNU~1/133167~1.3RE/bin/../lib/gcc/arm-none-eabi/13.3.1/thumb/v7e-m+fp/hard/crt0.o (exit)
D:/PROGRA~2/ARMGNU~1/133167~1.3RE/bin/../lib/gcc/arm-none-eabi/13.3.1/thumb/v7e-m+fp/hard\libg.a(libc_a-findfp.o)
                              D:/PROGRA~2/ARMGNU~1/133167~1.3RE/bin/../lib/gcc/arm-none-eabi/13.3.1/thumb/v7e-m+fp/hard\libg.a(libc_a-exit.o) (__stdio_exit_handler)
D:/PROGRA~2/ARMGNU~1/133167~1.3RE/bin/../lib/gcc/arm-none-eabi/13.3.1/thumb/v7e-m+fp/hard\libg.a(libc_a-fwalk.o)
                              D:/PROGRA~2/ARMGNU~1/133167~1.3RE/bin/../lib/gcc/arm-none-eabi/13.3.1/thumb/v7e-m+fp/hard\libg.a(libc_a-findfp.o) (_fwalk_sglue)
D:/PROGRA~2/ARMGNU~1/133167~1.3RE/bin/../lib/gcc/arm-none-eabi/13.3.1/thumb/v7e-m+fp/hard\libg.a(libc_a-stdio.o)
                              D:/PROGRA~2/ARMGNU~1/133167~1.3RE/bin/../lib/gcc/arm-none-eabi/13.3.1/thumb/v7e-m+fp/hard\libg.a(libc_a-findfp.o) (__sread)
D:/PROGRA~2/ARMGNU~1/133167~1.3RE/bin/../lib/gcc/arm-none-eabi/13.3.1/thumb/v7e-m+fp/hard\libg.a(libc_a-memset.o)
                              D:/PROGRA~2/ARMGNU~1/133167~1.3RE/bin/../lib/gcc/arm-none-eabi/13.3.1/thumb/v7e-m+fp/hard/crt0.o (memset)
D:/PROGRA~2/ARMGNU~1/133167~1.3RE/bin/../lib/gcc/arm-none-eabi/13.3.1/thumb/v7e-m+fp/hard\libg.a(libc_a-closer.o)
                              D:/PROGRA~2/ARMGNU~1/133167~1.3RE/bin/../lib/gcc/arm-none-eabi/13.3.1/thumb/v7e-m+fp/hard\libg.a(libc_a-stdio.o) (_close_r)
D:/PROGRA~2/ARMGNU~1/133167~1.3RE/bin/../lib/gcc/arm-none-eabi/13.3.1/thumb/v7e-m+fp/hard\libg.a(libc_a-reent.o)
                              D:/PROGRA~2/ARMGNU~1/133167~1.3RE/bin/../lib/gcc/arm-none-eabi/13.3.1/thumb/v7e-m+fp/hard\libg.a(libc_a-closer.o) (errno)
D:/PROGRA~2/ARMGNU~1/133167~1.3RE/bin/../lib/gcc/arm-none-eabi/13.3.1/thumb/v7e-m+fp/hard\libg.a(libc_a-impure.o)
                              D:/PROGRA~2/ARMGNU~1/133167~1.3RE/bin/../lib/gcc/arm-none-eabi/13.3.1/thumb/v7e-m+fp/hard\libg.a(libc_a-reent.o) (_impure_ptr)
D:/PROGRA~2/ARMGNU~1/133167~1.3RE/bin/../lib/gcc/arm-none-eabi/13.3.1/thumb/v7e-m+fp/hard\libg.a(libc_a-lseekr.o)
                              D:/PROGRA~2/ARMGNU~1/133167~1.3RE/bin/../lib/gcc/arm-none-eabi/13.3.1/thumb/v7e-m+fp/hard\libg.a(libc_a-stdio.o) (_lseek_r)
D:/PROGRA~2/ARMGNU~1/133167~1.3RE/bin/../lib/gcc/arm-none-eabi/13.3.1/thumb/v7e-m+fp/hard\libg.a(libc_a-readr.o)
                              D:/PROGRA~2/ARMGNU~1/133167~1.3RE/bin/../lib/gcc/arm-none-eabi/13.3.1/thumb/v7e-m+fp/hard\libg.a(libc_a-stdio.o) (_read_r)
D:/PROGRA~2/ARMGNU~1/133167~1.3RE/bin/../lib/gcc/arm-none-eabi/13.3.1/thumb/v7e-m+fp/hard\libg.a(libc_a-writer.o)
                              D:/PROGRA~2/ARMGNU~1/133167~1.3RE/bin/../lib/gcc/arm-none-eabi/13.3.1/thumb/v7e-m+fp/hard\libg.a(libc_a-stdio.o) (_write_r)
D:/PROGRA~2/ARMGNU~1/133167~1.3RE/bin/../lib/gcc/arm-none-eabi/13.3.1/thumb/v7e-m+fp/hard\libg.a(libc_a-errno.o)
[...]
Memory Configuration

Name             Origin             Length             Attributes
ITCMRAM          0x00000000         0x00010000         xrw
DTCMRAM          0x20000000         0x00020000         xrw
FLASH            0x08000000         0x00100000         xr
RAM_D1           0x24000000         0x00050000         xrw
RAM_D2           0x30000000         0x00008000         xrw
RAM_D3           0x38000000         0x00004000         xrw
*default*        0x00000000         0xffffffff

Linker script and memory map

LOAD D:/PROGRA~2/ARMGNU~1/133167~1.3RE/bin/../lib/gcc/arm-none-eabi/13.3.1/thumb/v7e-m+fp/hard/crti.o
LOAD D:/PROGRA~2/ARMGNU~1/133167~1.3RE/bin/../lib/gcc/arm-none-eabi/13.3.1/thumb/v7e-m+fp/hard/crtbegin.o
LOAD D:/PROGRA~2/ARMGNU~1/133167~1.3RE/bin/../lib/gcc/arm-none-eabi/13.3.1/thumb/v7e-m+fp/hard/crt0.o
LOAD CMakeFiles/HNU_RM_DM02.elf.dir/App/Algorithm/MahonyAHRS.c.obj
LOAD CMakeFiles/HNU_RM_DM02.elf.dir/App/Algorithm/dwt/drv_dwt.c.obj
LOAD CMakeFiles/HNU_RM_DM02.elf.dir/App/Algorithm/pid/pid.c.obj
LOAD CMakeFiles/HNU_RM_DM02.elf.dir/App/Bsp/BMI088Middleware.c.obj
LOAD CMakeFiles/HNU_RM_DM02.elf.dir/App/Bsp/BMI088driver.c.obj
LOAD CMakeFiles/HNU_RM_DM02.elf.dir/App/Bsp/bsp_can.c.obj
LOAD CMakeFiles/HNU_RM_DM02.elf.dir/App/Bsp/drv_ibus.c.obj
LOAD CMakeFiles/HNU_RM_DM02.elf.dir/App/Bsp/ws2812.c.obj
LOAD CMakeFiles/HNU_RM_DM02.elf.dir/App/Task/chassis_task.c.obj
LOAD CMakeFiles/HNU_RM_DM02.elf.dir/App/Task/cmd_task.c.obj
LOAD CMakeFiles/HNU_RM_DM02.elf.dir/App/Task/ibus_task.c.obj
LOAD CMakeFiles/HNU_RM_DM02.elf.dir/App/Task/imu_task.c.obj
LOAD CMakeFiles/HNU_RM_DM02.elf.dir/App/Task/motor_task.c.obj
LOAD CMakeFiles/HNU_RM_DM02.elf.dir/App/Task/pwm_motor_task.c.obj
LOAD CMakeFiles/HNU_RM_DM02.elf.dir/App/Task/trans_task.c.obj
LOAD CMakeFiles/HNU_RM_DM02.elf.dir/App/Task/uav_task.c.obj
LOAD CMakeFiles/HNU_RM_DM02.elf.dir/Core/Src/dma.c.obj
LOAD CMakeFiles/HNU_RM_DM02.elf.dir/Core/Src/fdcan.c.obj
LOAD CMakeFiles/HNU_RM_DM02.elf.dir/Core/Src/freertos.c.obj
LOAD CMakeFiles/HNU_RM_DM02.elf.dir/Core/Src/gpio.c.obj
LOAD CMakeFiles/HNU_RM_DM02.elf.dir/Core/Src/main.c.obj
LOAD CMakeFiles/HNU_RM_DM02.elf.dir/Core/Src/memorymap.c.obj
LOAD CMakeFiles/HNU_RM_DM02.elf.dir/Core/Src/spi.c.obj
LOAD CMakeFiles/HNU_RM_DM02.elf.dir/Core/Src/stm32h7xx_hal_msp.c.obj
LOAD CMakeFiles/HNU_RM_DM02.elf.dir/Core/Src/stm32h7xx_hal_timebase_tim.c.obj
LOAD CMakeFiles/HNU_RM_DM02.elf.dir/Core/Src/stm32h7xx_it.c.obj
LOAD CMakeFiles/HNU_RM_DM02.elf.dir/Core/Src/syscalls.c.obj
LOAD CMakeFiles/HNU_RM_DM02.elf.dir/Core/Src/sysmem.c.obj
LOAD CMakeFiles/HNU_RM_DM02.elf.dir/Core/Src/system_stm32h7xx.c.obj
LOAD CMakeFiles/HNU_RM_DM02.elf.dir/Core/Src/tim.c.obj
LOAD CMakeFiles/HNU_RM_DM02.elf.dir/Core/Src/usart.c.obj
LOAD CMakeFiles/HNU_RM_DM02.elf.dir/Core/Startup/startup_stm32h723vgtx.s.obj
LOAD CMakeFiles/HNU_RM_DM02.elf.dir/Drivers/STM32H7xx_HAL_Driver/Src/stm32h7xx_hal.c.obj
LOAD CMakeFiles/HNU_RM_DM02.elf.dir/Drivers/STM32H7xx_HAL_Driver/Src/stm32h7xx_hal_cortex.c.obj
LOAD CMakeFiles/HNU_RM_DM02.elf.dir/Drivers/STM32H7xx_HAL_Driver/Src/stm32h7xx_hal_dma.c.obj
LOAD CMakeFiles/HNU_RM_DM02.elf.dir/Drivers/STM32H7xx_HAL_Driver/Src/stm32h7xx_hal_dma_ex.c.obj
LOAD CMakeFiles/HNU_RM_DM02.elf.dir/Drivers/STM32H7xx_HAL_Driver/Src/stm32h7xx_hal_exti.c.obj
LOAD CMakeFiles/HNU_RM_DM02.elf.dir/Drivers/STM32H7xx_HAL_Driver/Src/stm32h7xx_hal_fdcan.c.obj
LOAD CMakeFiles/HNU_RM_DM02.elf.dir/Drivers/STM32H7xx_HAL_Driver/Src/stm32h7xx_hal_flash.c.obj
LOAD CMakeFiles/HNU_RM_DM02.elf.dir/Drivers/STM32H7xx_HAL_Driver/Src/stm32h7xx_hal_flash_ex.c.obj
LOAD CMakeFiles/HNU_RM_DM02.elf.dir/Drivers/STM32H7xx_HAL_Driver/Src/stm32h7xx_hal_gpio.c.obj
LOAD CMakeFiles/HNU_RM_DM02.elf.dir/Drivers/STM32H7xx_HAL_Driver/Src/stm32h7xx_hal_hsem.c.obj
LOAD CMakeFiles/HNU_RM_DM02.elf.dir/Drivers/STM32H7xx_HAL_Driver/Src/stm32h7xx_hal_i2c.c.obj
LOAD CMakeFiles/HNU_RM_DM02.elf.dir/Drivers/STM32H7xx_HAL_Driver/Src/stm32h7xx_hal_i2c_ex.c.obj
LOAD CMakeFiles/HNU_RM_DM02.elf.dir/Drivers/STM32H7xx_HAL_Driver/Src/stm32h7xx_hal_mdma.c.obj
LOAD CMakeFiles/HNU_RM_DM02.elf.dir/Drivers/STM32H7xx_HAL_Driver/Src/stm32h7xx_hal_pcd.c.obj
LOAD CMakeFiles/HNU_RM_DM02.elf.dir/Drivers/STM32H7xx_HAL_Driver/Src/stm32h7xx_hal_pcd_ex.c.obj
LOAD CMakeFiles/HNU_RM_DM02.elf.dir/Drivers/STM32H7xx_HAL_Driver/Src/stm32h7xx_hal_pwr.c.obj
LOAD CMakeFiles/HNU_RM_DM02.elf.dir/Drivers/STM32H7xx_HAL_Driver/Src/stm32h7xx_hal_pwr_ex.c.obj
LOAD CMakeFiles/HNU_RM_DM02.elf.dir/Drivers/STM32H7xx_HAL_Driver/Src/stm32h7xx_hal_rcc.c.obj
LOAD CMakeFiles/HNU_RM_DM02.elf.dir/Drivers/STM32H7xx_HAL_Driver/Src/stm32h7xx_hal_rcc_ex.c.obj
LOAD CMakeFiles/HNU_RM_DM02.elf.dir/Drivers/STM32H7xx_HAL_Driver/Src/stm32h7xx_hal_spi.c.obj
LOAD CMakeFiles/HNU_RM_DM02.elf.dir/Drivers/STM32H7xx_HAL_Driver/Src/stm32h7xx_hal_spi_ex.c.obj
LOAD CMakeFiles/HNU_RM_DM02.elf.dir/Drivers/STM32H7xx_HAL_Driver/Src/stm32h7xx_hal_tim.c.obj
LOAD CMakeFiles/HNU_RM_DM02.elf.dir/Drivers/STM32H7xx_HAL_Driver/Src/stm32h7xx_hal_tim_ex.c.obj
LOAD CMakeFiles/HNU_RM_DM02.elf.dir/Drivers/STM32H7xx_HAL_Driver/Src/stm32h7xx_hal_uart.c.obj
LOAD CMakeFiles/HNU_RM_DM02.elf.dir/Drivers/STM32H7xx_HAL_Driver/Src/stm32h7xx_hal_uart_ex.c.obj
LOAD CMakeFiles/HNU_RM_DM02.elf.dir/Drivers/STM32H7xx_HAL_Driver/Src/stm32h7xx_ll_usb.c.obj
LOAD CMakeFiles/HNU_RM_DM02.elf.dir/Middlewares/ST/STM32_USB_Device_Library/Class/CDC/Src/usbd_cdc.c.obj
LOAD CMakeFiles/HNU_RM_DM02.elf.dir/Middlewares/ST/STM32_USB_Device_Library/Core/Src/usbd_core.c.obj
LOAD CMakeFiles/HNU_RM_DM02.elf.dir/Middlewares/ST/STM32_USB_Device_Library/Core/Src/usbd_ctlreq.c.obj
LOAD CMakeFiles/HNU_RM_DM02.elf.dir/Middlewares/ST/STM32_USB_Device_Library/Core/Src/usbd_ioreq.c.obj
LOAD CMakeFiles/HNU_RM_DM02.elf.dir/Middlewares/Third_Party/FreeRTOS/Source/CMSIS_RTOS/cmsis_os.c.obj
LOAD CMakeFiles/HNU_RM_DM02.elf.dir/Middlewares/Third_Party/FreeRTOS/Source/croutine.c.obj
LOAD CMakeFiles/HNU_RM_DM02.elf.dir/Middlewares/Third_Party/FreeRTOS/Source/event_groups.c.obj
LOAD CMakeFiles/HNU_RM_DM02.elf.dir/Middlewares/Third_Party/FreeRTOS/Source/list.c.obj
LOAD CMakeFiles/HNU_RM_DM02.elf.dir/Middlewares/Third_Party/FreeRTOS/Source/portable/GCC/ARM_CM4F/port.c.obj
LOAD CMakeFiles/HNU_RM_DM02.elf.dir/Middlewares/Third_Party/FreeRTOS/Source/portable/MemMang/heap_4.c.obj
LOAD CMakeFiles/HNU_RM_DM02.elf.dir/Middlewares/Third_Party/FreeRTOS/Source/queue.c.obj
LOAD CMakeFiles/HNU_RM_DM02.elf.dir/Middlewares/Third_Party/FreeRTOS/Source/stream_buffer.c.obj
LOAD CMakeFiles/HNU_RM_DM02.elf.dir/Middlewares/Third_Party/FreeRTOS/Source/tasks.c.obj
LOAD CMakeFiles/HNU_RM_DM02.elf.dir/Middlewares/Third_Party/FreeRTOS/Source/timers.c.obj
LOAD CMakeFiles/HNU_RM_DM02.elf.dir/USB_DEVICE/App/usb_device.c.obj
LOAD CMakeFiles/HNU_RM_DM02.elf.dir/USB_DEVICE/App/usbd_cdc_if.c.obj
LOAD CMakeFiles/HNU_RM_DM02.elf.dir/USB_DEVICE/App/usbd_desc.c.obj
LOAD CMakeFiles/HNU_RM_DM02.elf.dir/USB_DEVICE/Target/usbd_conf.c.obj
START GROUP
LOAD D:/PROGRA~2/ARMGNU~1/133167~1.3RE/bin/../lib/gcc/arm-none-eabi/13.3.1/thumb/v7e-m+fp/hard\libgcc.a
LOAD D:/PROGRA~2/ARMGNU~1/133167~1.3RE/bin/../lib/gcc/arm-none-eabi/13.3.1/thumb/v7e-m+fp/hard\libg.a
LOAD D:/PROGRA~2/ARMGNU~1/133167~1.3RE/bin/../lib/gcc/arm-none-eabi/13.3.1/thumb/v7e-m+fp/hard\libc.a
END GROUP
LOAD D:/PROGRA~2/ARMGNU~1/133167~1.3RE/bin/../lib/gcc/arm-none-eabi/13.3.1/thumb/v7e-m+fp/hard/crtend.o
LOAD D:/PROGRA~2/ARMGNU~1/133167~1.3RE/bin/../lib/gcc/arm-none-eabi/13.3.1/thumb/v7e-m+fp/hard/crtn.o
                0x24050000                        _estack = (ORIGIN (RAM_D1) + LENGTH (RAM_D1))
                0x00000200                        _Min_Heap_Size = 0x200
                0x00000800                        _Min_Stack_Size = 0x800

.isr_vector     0x08000000      0x2cc
                0x08000000                        . = ALIGN (0x4)
 *(.isr_vector)
 .isr_vector    0x08000000      0x2cc CMakeFiles/HNU_RM_DM02.elf.dir/Core/Startup/startup_stm32h723vgtx.s.obj
                0x08000000                g_pfnVectors
                0x080002cc                        . = ALIGN (0x4)

.text           0x080002d0     0xe380
                0x080002d0                        . = ALIGN (0x4)
 *(.text)
 .text          0x080002d0       0x30 D:/PROGRA~2/ARMGNU~1/133167~1.3RE/bin/../lib/gcc/arm-none-eabi/13.3.1/thumb/v7e-m+fp/hard\libgcc.a(_aeabi_uldivmod.o)
                0x080002d0                __aeabi_uldivmod
 .text          0x08000300        0x4 D:/PROGRA~2/ARMGNU~1/133167~1.3RE/bin/../lib/gcc/arm-none-eabi/13.3.1/thumb/v7e-m+fp/hard\libgcc.a(_dvmd_tls.o)
                0x08000300                __aeabi_idiv0
                0x08000300                __aeabi_ldiv0
 .text          0x08000304      0x134 D:/PROGRA~2/ARMGNU~1/133167~1.3RE/bin/../lib/gcc/arm-none-eabi/13.3.1/thumb/v7e-m+fp/hard\libg.a(libc_a-memcpy.o)
                0x08000304                memcpy
 *(.text*)
 .text.deregister_tm_clones
                0x08000438       0x1c D:/PROGRA~2/ARMGNU~1/133167~1.3RE/bin/../lib/gcc/arm-none-eabi/13.3.1/thumb/v7e-m+fp/hard/crtbegin.o
 .text.register_tm_clones
                0x08000454       0x24 D:/PROGRA~2/ARMGNU~1/133167~1.3RE/bin/../lib/gcc/arm-none-eabi/13.3.1/thumb/v7e-m+fp/hard/crtbegin.o
 .text.__do_global_dtors_aux
                0x08000478       0x28 D:/PROGRA~2/ARMGNU~1/133167~1.3RE/bin/../lib/gcc/arm-none-eabi/13.3.1/thumb/v7e-m+fp/hard/crtbegin.o
 .text.frame_dummy
                0x080004a0       0x24 D:/PROGRA~2/ARMGNU~1/133167~1.3RE/bin/../lib/gcc/arm-none-eabi/13.3.1/thumb/v7e-m+fp/hard/crtbegin.o
 .text.invSqrt  0x080004c4       0x30 CMakeFiles/HNU_RM_DM02.elf.dir/App/Algorithm/MahonyAHRS.c.obj
                0x080004c4                invSqrt
 .text.MahonyAHRSupdateIMU
                0x080004f4      0x274 CMakeFiles/HNU_RM_DM02.elf.dir/App/Algorithm/MahonyAHRS.c.obj
                0x080004f4                MahonyAHRSupdateIMU
 .text.dwt_cnt_update
                0x08000768       0x4c CMakeFiles/HNU_RM_DM02.elf.dir/App/Algorithm/dwt/drv_dwt.c.obj
 .text.dwt_init
                0x080007b4       0x6c CMakeFiles/HNU_RM_DM02.elf.dir/App/Algorithm/dwt/drv_dwt.c.obj
                0x080007b4                dwt_init
 .text.dwt_get_delta
                0x08000820       0x48 CMakeFiles/HNU_RM_DM02.elf.dir/App/Algorithm/dwt/drv_dwt.c.obj
                0x08000820                dwt_get_delta
 .text.dwt_systime_update
                0x08000868       0xd4 CMakeFiles/HNU_RM_DM02.elf.dir/App/Algorithm/dwt/drv_dwt.c.obj
                0x08000868                dwt_systime_update
 .text.dwt_get_time_ms
                0x0800093c       0x3c CMakeFiles/HNU_RM_DM02.elf.dir/App/Algorithm/dwt/drv_dwt.c.obj
                0x0800093c                dwt_get_time_ms
 .text.f_Trapezoid_Intergral
                0x08000978       0x2a CMakeFiles/HNU_RM_DM02.elf.dir/App/Algorithm/pid/pid.c.obj
 .text.f_Changing_Integration_Rate
                0x080009a2       0x66 CMakeFiles/HNU_RM_DM02.elf.dir/App/Algorithm/pid/pid.c.obj
 .text.f_Integral_Limit
                0x08000a08       0x94 CMakeFiles/HNU_RM_DM02.elf.dir/App/Algorithm/pid/pid.c.obj
 .text.f_Derivative_On_Measurement
                0x08000a9c       0x22 CMakeFiles/HNU_RM_DM02.elf.dir/App/Algorithm/pid/pid.c.obj
 .text.f_Derivative_Filter
                0x08000abe       0x2e CMakeFiles/HNU_RM_DM02.elf.dir/App/Algorithm/pid/pid.c.obj
 .text.f_Output_Filter
                0x08000aec       0x2e CMakeFiles/HNU_RM_DM02.elf.dir/App/Algorithm/pid/pid.c.obj
 .text.f_Output_Limit
                0x08000b1a       0x2e CMakeFiles/HNU_RM_DM02.elf.dir/App/Algorithm/pid/pid.c.obj
 .text.f_PID_ErrorHandle
                0x08000b48       0x90 CMakeFiles/HNU_RM_DM02.elf.dir/App/Algorithm/pid/pid.c.obj
 .text.pid_register
                0x08000bd8       0x64 CMakeFiles/HNU_RM_DM02.elf.dir/App/Algorithm/pid/pid.c.obj
                0x08000bd8                pid_register
 .text.pid_calculate
                0x08000c3c      0x140 CMakeFiles/HNU_RM_DM02.elf.dir/App/Algorithm/pid/pid.c.obj
                0x08000c3c                pid_calculate
 .text.init_pid_cfg
                0x08000d7c       0x20 CMakeFiles/HNU_RM_DM02.elf.dir/App/Algorithm/pid/pid.c.obj
                0x08000d7c                init_pid_cfg
 .text.BMI088_GPIO_init
                0x08000d9c        0x2 CMakeFiles/HNU_RM_DM02.elf.dir/App/Bsp/BMI088Middleware.c.obj
                0x08000d9c                BMI088_GPIO_init
 .text.BMI088_com_init
                0x08000d9e        0x2 CMakeFiles/HNU_RM_DM02.elf.dir/App/Bsp/BMI088Middleware.c.obj
                0x08000d9e                BMI088_com_init
 .text.BMI088_delay_us
                0x08000da0       0x3a CMakeFiles/HNU_RM_DM02.elf.dir/App/Bsp/BMI088Middleware.c.obj
                0x08000da0                BMI088_delay_us
 .text.BMI088_delay_ms
                0x08000dda       0x18 CMakeFiles/HNU_RM_DM02.elf.dir/App/Bsp/BMI088Middleware.c.obj
                0x08000dda                BMI088_delay_ms
 *fill*         0x08000df2        0x2 
 .text.BMI088_ACCEL_NS_L
                0x08000df4       0x14 CMakeFiles/HNU_RM_DM02.elf.dir/App/Bsp/BMI088Middleware.c.obj
                0x08000df4                BMI088_ACCEL_NS_L
 .text.BMI088_ACCEL_NS_H
                0x08000e08       0x14 CMakeFiles/HNU_RM_DM02.elf.dir/App/Bsp/BMI088Middleware.c.obj
                0x08000e08                BMI088_ACCEL_NS_H
 .text.BMI088_GYRO_NS_L
                0x08000e1c       0x14 CMakeFiles/HNU_RM_DM02.elf.dir/App/Bsp/BMI088Middleware.c.obj
                0x08000e1c                BMI088_GYRO_NS_L
 .text.BMI088_GYRO_NS_H
                0x08000e30       0x14 CMakeFiles/HNU_RM_DM02.elf.dir/App/Bsp/BMI088Middleware.c.obj
                0x08000e30                BMI088_GYRO_NS_H
 .text.BMI088_read_write_byte
                0x08000e44       0x2c CMakeFiles/HNU_RM_DM02.elf.dir/App/Bsp/BMI088Middleware.c.obj
                0x08000e44                BMI088_read_write_byte
 .text.BMI088_write_single_reg
                0x08000e70       0x10 CMakeFiles/HNU_RM_DM02.elf.dir/App/Bsp/BMI088driver.c.obj
 .text.BMI088_read_single_reg
                0x08000e80       0x16 CMakeFiles/HNU_RM_DM02.elf.dir/App/Bsp/BMI088driver.c.obj
 .text.BMI088_read_muli_reg
                0x08000e96       0x24 CMakeFiles/HNU_RM_DM02.elf.dir/App/Bsp/BMI088driver.c.obj
 *fill*         0x08000eba        0x2 
 .text.bmi088_accel_init
                0x08000ebc      0x10c CMakeFiles/HNU_RM_DM02.elf.dir/App/Bsp/BMI088driver.c.obj
                0x08000ebc                bmi088_accel_init
 .text.bmi088_gyro_init
                0x08000fc8       0xf0 CMakeFiles/HNU_RM_DM02.elf.dir/App/Bsp/BMI088driver.c.obj
                0x08000fc8                bmi088_gyro_init
 .text.BMI088_init
                0x080010b8       0x1a CMakeFiles/HNU_RM_DM02.elf.dir/App/Bsp/BMI088driver.c.obj
                0x080010b8                BMI088_init
 *fill*         0x080010d2        0x2 
 .text.BMI088_read
                0x080010d4      0x164 CMakeFiles/HNU_RM_DM02.elf.dir/App/Bsp/BMI088driver.c.obj
                0x080010d4                BMI088_read
 .text.can_filter_init
                0x08001238       0x8c CMakeFiles/HNU_RM_DM02.elf.dir/App/Bsp/bsp_can.c.obj
                0x08001238                can_filter_init
 .text.can_bsp_init
                0x080012c4       0x4c CMakeFiles/HNU_RM_DM02.elf.dir/App/Bsp/bsp_can.c.obj
                0x080012c4                can_bsp_init
 .text.HAL_FDCAN_RxFifo0Callback
                0x08001310       0x84 CMakeFiles/HNU_RM_DM02.elf.dir/App/Bsp/bsp_can.c.obj
                0x08001310                HAL_FDCAN_RxFifo0Callback
 .text.fdcanx_send_data
                0x08001394       0x2a CMakeFiles/HNU_RM_DM02.elf.dir/App/Bsp/bsp_can.c.obj
                0x08001394                fdcanx_send_data
 *fill*         0x080013be        0x2 
 .text.CAN_cmd_gimbal
                0x080013c0       0x3c CMakeFiles/HNU_RM_DM02.elf.dir/App/Bsp/bsp_can.c.obj
                0x080013c0                CAN_cmd_gimbal
 .text.CAN_cmd_chassis
                0x080013fc       0x3c CMakeFiles/HNU_RM_DM02.elf.dir/App/Bsp/bsp_can.c.obj
                0x080013fc                CAN_cmd_chassis
 .text.get_chassis_motor_measure_point
                0x08001438       0x14 CMakeFiles/HNU_RM_DM02.elf.dir/App/Bsp/bsp_can.c.obj
                0x08001438                get_chassis_motor_measure_point
 .text.ibus_unpack
                0x0800144c       0xa8 CMakeFiles/HNU_RM_DM02.elf.dir/App/Bsp/drv_ibus.c.obj
 .text.ibus_init
                0x080014f4       0x18 CMakeFiles/HNU_RM_DM02.elf.dir/App/Bsp/drv_ibus.c.obj
                0x080014f4                ibus_init
 .text.HAL_UART_RxCpltCallback
                0x0800150c       0x2c CMakeFiles/HNU_RM_DM02.elf.dir/App/Bsp/drv_ibus.c.obj
                0x0800150c                HAL_UART_RxCpltCallback
 .text.WS2812_Ctrl
                0x08001538       0xc0 CMakeFiles/HNU_RM_DM02.elf.dir/App/Bsp/ws2812.c.obj
                0x08001538                WS2812_Ctrl
 .text.led_blinky_a
                0x080015f8       0xdc CMakeFiles/HNU_RM_DM02.elf.dir/App/Bsp/ws2812.c.obj
                0x080015f8                led_blinky_a
 .text.chassis_motor_init
                0x080016d4       0x44 CMakeFiles/HNU_RM_DM02.elf.dir/App/Task/chassis_task.c.obj
                0x080016d4                chassis_motor_init
 .text.chassis_motor_1_clc
                0x08001718       0x1c CMakeFiles/HNU_RM_DM02.elf.dir/App/Task/chassis_task.c.obj
                0x08001718                chassis_motor_1_clc
 .text.chassis_motor_get_measure
                0x08001734       0x1c CMakeFiles/HNU_RM_DM02.elf.dir/App/Task/chassis_task.c.obj
                0x08001734                chassis_motor_get_measure
 .text.Chassis_Task_Entry
                0x08001750       0x44 CMakeFiles/HNU_RM_DM02.elf.dir/App/Task/chassis_task.c.obj
                0x08001750                Chassis_Task_Entry
 .text.Ibus_Task_Entry
                0x08001794        0xe CMakeFiles/HNU_RM_DM02.elf.dir/App/Task/ibus_task.c.obj
                0x08001794                Ibus_Task_Entry
 *fill*         0x080017a2        0x2 
 .text.IMU_Temp_Pid
                0x080017a4       0xbc CMakeFiles/HNU_RM_DM02.elf.dir/App/Task/imu_task.c.obj
 .text.AHRS_init
                0x08001860       0x10 CMakeFiles/HNU_RM_DM02.elf.dir/App/Task/imu_task.c.obj
                0x08001860                AHRS_init
 .text.AHRS_update
                0x08001870       0x20 CMakeFiles/HNU_RM_DM02.elf.dir/App/Task/imu_task.c.obj
                0x08001870                AHRS_update
 .text.GetAngle
                0x08001890       0xbc CMakeFiles/HNU_RM_DM02.elf.dir/App/Task/imu_task.c.obj
                0x08001890                GetAngle
 .text.Imu_Task_Entry
                0x0800194c       0xcc CMakeFiles/HNU_RM_DM02.elf.dir/App/Task/imu_task.c.obj
                0x0800194c                Imu_Task_Entry
 .text.Motor_Task_Entry
                0x08001a18       0x44 CMakeFiles/HNU_RM_DM02.elf.dir/App/Task/motor_task.c.obj
                0x08001a18                Motor_Task_Entry
 .text.Pwm_Motor_Out
                0x08001a5c       0x6c CMakeFiles/HNU_RM_DM02.elf.dir/App/Task/pwm_motor_task.c.obj
                0x08001a5c                Pwm_Motor_Out
 .text.Pwm_Motor_Task_Entry
                0x08001ac8       0x84 CMakeFiles/HNU_RM_DM02.elf.dir/App/Task/pwm_motor_task.c.obj
                0x08001ac8                Pwm_Motor_Task_Entry
 .text.Trans_Task_Entry
                0x08001b4c       0x58 CMakeFiles/HNU_RM_DM02.elf.dir/App/Task/trans_task.c.obj
                0x08001b4c                Trans_Task_Entry
 .text.uav_pid_init
                0x08001ba4      0x148 CMakeFiles/HNU_RM_DM02.elf.dir/App/Task/uav_task.c.obj
                0x08001ba4                uav_pid_init
 .text.UAV_Control_loop
                0x08001cec       0xd4 CMakeFiles/HNU_RM_DM02.elf.dir/App/Task/uav_task.c.obj
                0x08001cec                UAV_Control_loop
 .text.Cmd_Task_Entry
                0x08001dc0       0x12 CMakeFiles/HNU_RM_DM02.elf.dir/App/Task/uav_task.c.obj
                0x08001dc0                Cmd_Task_Entry
 *fill*         0x08001dd2        0x2 
 .text.MX_DMA_Init
                0x08001dd4       0x38 CMakeFiles/HNU_RM_DM02.elf.dir/Core/Src/dma.c.obj
                0x08001dd4                MX_DMA_Init
 .text.MX_FDCAN1_Init
                0x08001e0c       0x60 CMakeFiles/HNU_RM_DM02.elf.dir/Core/Src/fdcan.c.obj
                0x08001e0c                MX_FDCAN1_Init
 .text.MX_FDCAN2_Init
                0x08001e6c       0x64 CMakeFiles/HNU_RM_DM02.elf.dir/Core/Src/fdcan.c.obj
                0x08001e6c                MX_FDCAN2_Init
 .text.MX_FDCAN3_Init
                0x08001ed0       0x64 CMakeFiles/HNU_RM_DM02.elf.dir/Core/Src/fdcan.c.obj
                0x08001ed0                MX_FDCAN3_Init
 .text.HAL_FDCAN_MspInit
                0x08001f34      0x1f8 CMakeFiles/HNU_RM_DM02.elf.dir/Core/Src/fdcan.c.obj
                0x08001f34                HAL_FDCAN_MspInit
 .text.StartDefaultTask
                0x0800212c        0xe CMakeFiles/HNU_RM_DM02.elf.dir/Core/Src/freertos.c.obj
                0x0800212c                StartDefaultTask
 *fill*         0x0800213a        0x2 
 .text.vApplicationGetIdleTaskMemory
                0x0800213c       0x18 CMakeFiles/HNU_RM_DM02.elf.dir/Core/Src/freertos.c.obj
                0x0800213c                vApplicationGetIdleTaskMemory
 .text.vApplicationGetTimerTaskMemory
                0x08002154       0x18 CMakeFiles/HNU_RM_DM02.elf.dir/Core/Src/freertos.c.obj
                0x08002154                vApplicationGetTimerTaskMemory
 .text.MX_FREERTOS_Init
                0x0800216c      0x14c CMakeFiles/HNU_RM_DM02.elf.dir/Core/Src/freertos.c.obj
                0x0800216c                MX_FREERTOS_Init
 .text.MX_GPIO_Init
                0x080022b8      0x10c CMakeFiles/HNU_RM_DM02.elf.dir/Core/Src/gpio.c.obj
                0x080022b8                MX_GPIO_Init
 .text.HAL_TIM_PeriodElapsedCallback
                0x080023c4       0x18 CMakeFiles/HNU_RM_DM02.elf.dir/Core/Src/main.c.obj
                0x080023c4                HAL_TIM_PeriodElapsedCallback
 .text.Error_Handler
                0x080023dc        0x4 CMakeFiles/HNU_RM_DM02.elf.dir/Core/Src/main.c.obj
                0x080023dc                Error_Handler
 .text.SystemClock_Config
                0x080023e0       0xc0 CMakeFiles/HNU_RM_DM02.elf.dir/Core/Src/main.c.obj
                0x080023e0                SystemClock_Config
 .text.main     0x080024a0       0x48 CMakeFiles/HNU_RM_DM02.elf.dir/Core/Src/main.c.obj
                0x080024a0                main
 .text.MX_SPI2_Init
                0x080024e8       0x60 CMakeFiles/HNU_RM_DM02.elf.dir/Core/Src/spi.c.obj
                0x080024e8                MX_SPI2_Init
 .text.MX_SPI6_Init
                0x08002548       0x64 CMakeFiles/HNU_RM_DM02.elf.dir/Core/Src/spi.c.obj
                0x08002548                MX_SPI6_Init
 .text.HAL_SPI_MspInit
                0x080025ac      0x17c CMakeFiles/HNU_RM_DM02.elf.dir/Core/Src/spi.c.obj
                0x080025ac                HAL_SPI_MspInit
 .text.HAL_MspInit
                0x08002728       0x34 CMakeFiles/HNU_RM_DM02.elf.dir/Core/Src/stm32h7xx_hal_msp.c.obj
                0x08002728                HAL_MspInit
 .text.HAL_InitTick
                0x0800275c       0x90 CMakeFiles/HNU_RM_DM02.elf.dir/Core/Src/stm32h7xx_hal_timebase_tim.c.obj
                0x0800275c                HAL_InitTick
 .text.NMI_Handler
                0x080027ec        0x2 CMakeFiles/HNU_RM_DM02.elf.dir/Core/Src/stm32h7xx_it.c.obj
                0x080027ec                NMI_Handler
 .text.HardFault_Handler
                0x080027ee        0x2 CMakeFiles/HNU_RM_DM02.elf.dir/Core/Src/stm32h7xx_it.c.obj
                0x080027ee                HardFault_Handler
 .text.MemManage_Handler
                0x080027f0        0x2 CMakeFiles/HNU_RM_DM02.elf.dir/Core/Src/stm32h7xx_it.c.obj
                0x080027f0                MemManage_Handler
 .text.BusFault_Handler
                0x080027f2        0x2 CMakeFiles/HNU_RM_DM02.elf.dir/Core/Src/stm32h7xx_it.c.obj
                0x080027f2                BusFault_Handler
 .text.UsageFault_Handler
                0x080027f4        0x2 CMakeFiles/HNU_RM_DM02.elf.dir/Core/Src/stm32h7xx_it.c.obj
                0x080027f4                UsageFault_Handler
 .text.DebugMon_Handler
                0x080027f6        0x2 CMakeFiles/HNU_RM_DM02.elf.dir/Core/Src/stm32h7xx_it.c.obj
                0x080027f6                DebugMon_Handler
 .text.DMA1_Stream0_IRQHandler
                0x080027f8       0x10 CMakeFiles/HNU_RM_DM02.elf.dir/Core/Src/stm32h7xx_it.c.obj
                0x080027f8                DMA1_Stream0_IRQHandler
 .text.FDCAN1_IT0_IRQHandler
                0x08002808       0x10 CMakeFiles/HNU_RM_DM02.elf.dir/Core/Src/stm32h7xx_it.c.obj
                0x08002808                FDCAN1_IT0_IRQHandler
 .text.FDCAN2_IT0_IRQHandler
                0x08002818       0x10 CMakeFiles/HNU_RM_DM02.elf.dir/Core/Src/stm32h7xx_it.c.obj
                0x08002818                FDCAN2_IT0_IRQHandler
 .text.OTG_HS_IRQHandler
                0x08002828       0x10 CMakeFiles/HNU_RM_DM02.elf.dir/Core/Src/stm32h7xx_it.c.obj
                0x08002828                OTG_HS_IRQHandler
 .text.FDCAN3_IT0_IRQHandler
                0x08002838       0x10 CMakeFiles/HNU_RM_DM02.elf.dir/Core/Src/stm32h7xx_it.c.obj
                0x08002838                FDCAN3_IT0_IRQHandler
 .text.TIM23_IRQHandler
                0x08002848       0x10 CMakeFiles/HNU_RM_DM02.elf.dir/Core/Src/stm32h7xx_it.c.obj
                0x08002848                TIM23_IRQHandler
 .text.SystemInit
                0x08002858       0xac CMakeFiles/HNU_RM_DM02.elf.dir/Core/Src/system_stm32h7xx.c.obj
                0x08002858                SystemInit
 .text.HAL_TIM_Base_MspInit
                0x08002904       0x7c CMakeFiles/HNU_RM_DM02.elf.dir/Core/Src/tim.c.obj
                0x08002904                HAL_TIM_Base_MspInit
 .text.HAL_TIM_MspPostInit
                0x08002980       0xd0 CMakeFiles/HNU_RM_DM02.elf.dir/Core/Src/tim.c.obj
                0x08002980                HAL_TIM_MspPostInit
 .text.MX_TIM1_Init
                0x08002a50      0x10c CMakeFiles/HNU_RM_DM02.elf.dir/Core/Src/tim.c.obj
                0x08002a50                MX_TIM1_Init
 .text.MX_TIM2_Init
                0x08002b5c       0xc0 CMakeFiles/HNU_RM_DM02.elf.dir/Core/Src/tim.c.obj
                0x08002b5c                MX_TIM2_Init
 .text.MX_TIM3_Init
                0x08002c1c       0xb4 CMakeFiles/HNU_RM_DM02.elf.dir/Core/Src/tim.c.obj
                0x08002c1c                MX_TIM3_Init
 .text.MX_UART8_Init
                0x08002cd0       0x68 CMakeFiles/HNU_RM_DM02.elf.dir/Core/Src/usart.c.obj
                0x08002cd0                MX_UART8_Init
 .text.HAL_UART_MspInit
                0x08002d38       0xd8 CMakeFiles/HNU_RM_DM02.elf.dir/Core/Src/usart.c.obj
                0x08002d38                HAL_UART_MspInit
 .text.Reset_Handler
                0x08002e10       0x50 CMakeFiles/HNU_RM_DM02.elf.dir/Core/Startup/startup_stm32h723vgtx.s.obj
                0x08002e10                Reset_Handler
 .text.Default_Handler
                0x08002e60        0x2 CMakeFiles/HNU_RM_DM02.elf.dir/Core/Startup/startup_stm32h723vgtx.s.obj
                0x08002e60                RTC_Alarm_IRQHandler
                0x08002e60                EXTI2_IRQHandler
                0x08002e60                TIM8_CC_IRQHandler
                0x08002e60                UART8_IRQHandler
                0x08002e60                SPI4_IRQHandler
                0x08002e60                TIM1_CC_IRQHandler
                0x08002e60                BDMA_Channel6_IRQHandler
                0x08002e60                DMA2_Stream5_IRQHandler
                0x08002e60                DMA1_Stream5_IRQHandler
                0x08002e60                CORDIC_IRQHandler
                0x08002e60                BDMA_Channel1_IRQHandler
                0x08002e60                TAMP_STAMP_IRQHandler
                0x08002e60                EXTI3_IRQHandler
                0x08002e60                LPTIM4_IRQHandler
                0x08002e60                TIM8_TRG_COM_TIM14_IRQHandler
                0x08002e60                LPTIM2_IRQHandler
                0x08002e60                DFSDM1_FLT1_IRQHandler
                0x08002e60                DMAMUX2_OVR_IRQHandler
                0x08002e60                TIM8_UP_TIM13_IRQHandler
                0x08002e60                I2C3_ER_IRQHandler
                0x08002e60                DFSDM1_FLT2_IRQHandler
                0x08002e60                I2C5_EV_IRQHandler
                0x08002e60                USART10_IRQHandler
                0x08002e60                MDMA_IRQHandler
                0x08002e60                LPTIM3_IRQHandler
                0x08002e60                HSEM1_IRQHandler
                0x08002e60                EXTI0_IRQHandler
                0x08002e60                I2C2_EV_IRQHandler
                0x08002e60                DMA1_Stream2_IRQHandler
                0x08002e60                FPU_IRQHandler
                0x08002e60                OTG_HS_WKUP_IRQHandler
                0x08002e60                FDCAN1_IT1_IRQHandler
                0x08002e60                LTDC_ER_IRQHandler
                0x08002e60                DMA2_Stream2_IRQHandler
                0x08002e60                SPI1_IRQHandler
                0x08002e60                OCTOSPI1_IRQHandler
                0x08002e60                TIM6_DAC_IRQHandler
                0x08002e60                DMA2_Stream3_IRQHandler
                0x08002e60                OCTOSPI2_IRQHandler
                0x08002e60                DFSDM1_FLT3_IRQHandler
                0x08002e60                USART6_IRQHandler
                0x08002e60                TIM17_IRQHandler
                0x08002e60                USART3_IRQHandler
                0x08002e60                BDMA_Channel7_IRQHandler
                0x08002e60                LPTIM5_IRQHandler
                0x08002e60                UART5_IRQHandler
                0x08002e60                ADC3_IRQHandler
                0x08002e60                DMA2_Stream0_IRQHandler
                0x08002e60                TIM4_IRQHandler
                0x08002e60                BDMA_Channel2_IRQHandler
                0x08002e60                I2C1_EV_IRQHandler
                0x08002e60                DMA1_Stream6_IRQHandler
                0x08002e60                DMAMUX1_OVR_IRQHandler
                0x08002e60                DMA1_Stream1_IRQHandler
                0x08002e60                TIM16_IRQHandler
                0x08002e60                UART4_IRQHandler
                0x08002e60                BDMA_Channel5_IRQHandler
                0x08002e60                TIM3_IRQHandler
                0x08002e60                RCC_IRQHandler
                0x08002e60                UART9_IRQHandler
                0x08002e60                TIM8_BRK_TIM12_IRQHandler
                0x08002e60                TIM1_TRG_COM_IRQHandler
                0x08002e60                Default_Handler
                0x08002e60                ECC_IRQHandler
                0x08002e60                FMAC_IRQHandler
                0x08002e60                CEC_IRQHandler
                0x08002e60                EXTI15_10_IRQHandler
                0x08002e60                BDMA_Channel0_IRQHandler
                0x08002e60                ADC_IRQHandler
                0x08002e60                I2C5_ER_IRQHandler
                0x08002e60                DMA1_Stream7_IRQHandler
                0x08002e60                SPI5_IRQHandler
                0x08002e60                TIM7_IRQHandler
                0x08002e60                FDCAN3_IT1_IRQHandler
                0x08002e60                SDMMC1_IRQHandler
                0x08002e60                TIM5_IRQHandler
                0x08002e60                DMA2_Stream7_IRQHandler
                0x08002e60                TIM15_IRQHandler
                0x08002e60                PVD_AVD_IRQHandler
                0x08002e60                I2C3_EV_IRQHandler
                0x08002e60                EXTI9_5_IRQHandler
                0x08002e60                RTC_WKUP_IRQHandler
                0x08002e60                LTDC_IRQHandler
                0x08002e60                ETH_WKUP_IRQHandler
                0x08002e60                SPDIF_RX_IRQHandler
                0x08002e60                SPI2_IRQHandler
                0x08002e60                OTG_HS_EP1_IN_IRQHandler
                0x08002e60                TIM24_IRQHandler
                0x08002e60                CRS_IRQHandler
                0x08002e60                EXTI4_IRQHandler
                0x08002e60                RNG_IRQHandler
                0x08002e60                FDCAN2_IT1_IRQHandler
                0x08002e60                ETH_IRQHandler
                0x08002e60                TIM1_UP_IRQHandler
                0x08002e60                BDMA_Channel4_IRQHandler
                0x08002e60                OTG_HS_EP1_OUT_IRQHandler
                0x08002e60                WWDG_IRQHandler
                0x08002e60                SPI6_IRQHandler
                0x08002e60                MDIOS_IRQHandler
                0x08002e60                I2C4_EV_IRQHandler
                0x08002e60                LPUART1_IRQHandler
                0x08002e60                TIM2_IRQHandler
                0x08002e60                DMA2D_IRQHandler
                0x08002e60                TIM1_BRK_IRQHandler
                0x08002e60                EXTI1_IRQHandler
                0x08002e60                SDMMC2_IRQHandler
                0x08002e60                BDMA_Channel3_IRQHandler
                0x08002e60                DTS_IRQHandler
                0x08002e60                UART7_IRQHandler
                0x08002e60                MDIOS_WKUP_IRQHandler
                0x08002e60                USART2_IRQHandler
                0x08002e60                DFSDM1_FLT0_IRQHandler
                0x08002e60                SAI4_IRQHandler
                0x08002e60                I2C2_ER_IRQHandler
                0x08002e60                DMA2_Stream1_IRQHandler
                0x08002e60                FLASH_IRQHandler
                0x08002e60                DMA2_Stream4_IRQHandler
                0x08002e60                USART1_IRQHandler
                0x08002e60                SPI3_IRQHandler
                0x08002e60                WAKEUP_PIN_IRQHandler
                0x08002e60                DMA1_Stream4_IRQHandler
                0x08002e60                I2C1_ER_IRQHandler
                0x08002e60                FMC_IRQHandler
                0x08002e60                FDCAN_CAL_IRQHandler
                0x08002e60                SWPMI1_IRQHandler
                0x08002e60                COMP1_IRQHandler
                0x08002e60                LPTIM1_IRQHandler
                0x08002e60                DCMI_PSSI_IRQHandler
                0x08002e60                I2C4_ER_IRQHandler
                0x08002e60                DMA2_Stream6_IRQHandler
                0x08002e60                SAI1_IRQHandler
                0x08002e60                DMA1_Stream3_IRQHandler
 *fill*         0x08002e62        0x2 
 .text.HAL_Init
                0x08002e64       0x5c CMakeFiles/HNU_RM_DM02.elf.dir/Drivers/STM32H7xx_HAL_Driver/Src/stm32h7xx_hal.c.obj
                0x08002e64                HAL_Init
 .text.HAL_IncTick
                0x08002ec0       0x18 CMakeFiles/HNU_RM_DM02.elf.dir/Drivers/STM32H7xx_HAL_Driver/Src/stm32h7xx_hal.c.obj
                0x08002ec0                HAL_IncTick
 .text.HAL_GetTick
                0x08002ed8        0xc CMakeFiles/HNU_RM_DM02.elf.dir/Drivers/STM32H7xx_HAL_Driver/Src/stm32h7xx_hal.c.obj
                0x08002ed8                HAL_GetTick
 .text.HAL_Delay
                0x08002ee4       0x28 CMakeFiles/HNU_RM_DM02.elf.dir/Drivers/STM32H7xx_HAL_Driver/Src/stm32h7xx_hal.c.obj
                0x08002ee4                HAL_Delay
 .text.__NVIC_EnableIRQ
                0x08002f0c       0x1c CMakeFiles/HNU_RM_DM02.elf.dir/Drivers/STM32H7xx_HAL_Driver/Src/stm32h7xx_hal_cortex.c.obj
 .text.__NVIC_SetPriority
                0x08002f28       0x24 CMakeFiles/HNU_RM_DM02.elf.dir/Drivers/STM32H7xx_HAL_Driver/Src/stm32h7xx_hal_cortex.c.obj
 .text.NVIC_EncodePriority
                0x08002f4c       0x3e CMakeFiles/HNU_RM_DM02.elf.dir/Drivers/STM32H7xx_HAL_Driver/Src/stm32h7xx_hal_cortex.c.obj
 *fill*         0x08002f8a        0x2 
 .text.HAL_NVIC_SetPriorityGrouping
                0x08002f8c       0x24 CMakeFiles/HNU_RM_DM02.elf.dir/Drivers/STM32H7xx_HAL_Driver/Src/stm32h7xx_hal_cortex.c.obj
                0x08002f8c                HAL_NVIC_SetPriorityGrouping
 .text.HAL_NVIC_SetPriority
                0x08002fb0       0x20 CMakeFiles/HNU_RM_DM02.elf.dir/Drivers/STM32H7xx_HAL_Driver/Src/stm32h7xx_hal_cortex.c.obj
                0x08002fb0                HAL_NVIC_SetPriority
 .text.HAL_NVIC_EnableIRQ
                0x08002fd0        0x8 CMakeFiles/HNU_RM_DM02.elf.dir/Drivers/STM32H7xx_HAL_Driver/Src/stm32h7xx_hal_cortex.c.obj
                0x08002fd0                HAL_NVIC_EnableIRQ
 .text.DMA_SetConfig
                0x08002fd8      0x1b4 CMakeFiles/HNU_RM_DM02.elf.dir/Drivers/STM32H7xx_HAL_Driver/Src/stm32h7xx_hal_dma.c.obj
 .text.DMA_CalcBaseAndBitshift
                0x0800318c       0xb0 CMakeFiles/HNU_RM_DM02.elf.dir/Drivers/STM32H7xx_HAL_Driver/Src/stm32h7xx_hal_dma.c.obj
 .text.DMA_CheckFifoParam
                0x0800323c       0x92 CMakeFiles/HNU_RM_DM02.elf.dir/Drivers/STM32H7xx_HAL_Driver/Src/stm32h7xx_hal_dma.c.obj
 *fill*         0x080032ce        0x2 
 .text.DMA_CalcDMAMUXChannelBaseAndMask
                0x080032d0       0xac CMakeFiles/HNU_RM_DM02.elf.dir/Drivers/STM32H7xx_HAL_Driver/Src/stm32h7xx_hal_dma.c.obj
 .text.DMA_CalcDMAMUXRequestGenBaseAndMask
                0x0800337c       0x7c CMakeFiles/HNU_RM_DM02.elf.dir/Drivers/STM32H7xx_HAL_Driver/Src/stm32h7xx_hal_dma.c.obj
 .text.HAL_DMA_Init
                0x080033f8      0x39c CMakeFiles/HNU_RM_DM02.elf.dir/Drivers/STM32H7xx_HAL_Driver/Src/stm32h7xx_hal_dma.c.obj
                0x080033f8                HAL_DMA_Init
 .text.HAL_DMA_Start_IT
                0x08003794      0x298 CMakeFiles/HNU_RM_DM02.elf.dir/Drivers/STM32H7xx_HAL_Driver/Src/stm32h7xx_hal_dma.c.obj
                0x08003794                HAL_DMA_Start_IT
 .text.HAL_DMA_IRQHandler
                0x08003a2c      0x738 CMakeFiles/HNU_RM_DM02.elf.dir/Drivers/STM32H7xx_HAL_Driver/Src/stm32h7xx_hal_dma.c.obj
                0x08003a2c                HAL_DMA_IRQHandler
 .text.FDCAN_CalcultateRamBlockAddresses
                0x08004164      0x1d4 CMakeFiles/HNU_RM_DM02.elf.dir/Drivers/STM32H7xx_HAL_Driver/Src/stm32h7xx_hal_fdcan.c.obj
 .text.FDCAN_CopyMessageToRAM
                0x08004338       0x8c CMakeFiles/HNU_RM_DM02.elf.dir/Drivers/STM32H7xx_HAL_Driver/Src/stm32h7xx_hal_fdcan.c.obj
 .text.HAL_FDCAN_Init
                0x080043c4      0x294 CMakeFiles/HNU_RM_DM02.elf.dir/Drivers/STM32H7xx_HAL_Driver/Src/stm32h7xx_hal_fdcan.c.obj
                0x080043c4                HAL_FDCAN_Init
 .text.HAL_FDCAN_ConfigFilter
                0x08004658       0x8a CMakeFiles/HNU_RM_DM02.elf.dir/Drivers/STM32H7xx_HAL_Driver/Src/stm32h7xx_hal_fdcan.c.obj
                0x08004658                HAL_FDCAN_ConfigFilter
 .text.HAL_FDCAN_ConfigGlobalFilter
                0x080046e2       0x36 CMakeFiles/HNU_RM_DM02.elf.dir/Drivers/STM32H7xx_HAL_Driver/Src/stm32h7xx_hal_fdcan.c.obj
                0x080046e2                HAL_FDCAN_ConfigGlobalFilter
 .text.HAL_FDCAN_ConfigFifoWatermark
                0x08004718       0x5e CMakeFiles/HNU_RM_DM02.elf.dir/Drivers/STM32H7xx_HAL_Driver/Src/stm32h7xx_hal_fdcan.c.obj
                0x08004718                HAL_FDCAN_ConfigFifoWatermark
 .text.HAL_FDCAN_Start
                0x08004776       0x34 CMakeFiles/HNU_RM_DM02.elf.dir/Drivers/STM32H7xx_HAL_Driver/Src/stm32h7xx_hal_fdcan.c.obj
                0x08004776                HAL_FDCAN_Start
 .text.HAL_FDCAN_AddMessageToTxFifoQ
                0x080047aa       0x76 CMakeFiles/HNU_RM_DM02.elf.dir/Drivers/STM32H7xx_HAL_Driver/Src/stm32h7xx_hal_fdcan.c.obj
                0x080047aa                HAL_FDCAN_AddMessageToTxFifoQ
 .text.HAL_FDCAN_GetRxMessage
                0x08004820      0x1e4 CMakeFiles/HNU_RM_DM02.elf.dir/Drivers/STM32H7xx_HAL_Driver/Src/stm32h7xx_hal_fdcan.c.obj
                0x08004820                HAL_FDCAN_GetRxMessage
 .text.HAL_FDCAN_ActivateNotification
                0x08004a04       0x90 CMakeFiles/HNU_RM_DM02.elf.dir/Drivers/STM32H7xx_HAL_Driver/Src/stm32h7xx_hal_fdcan.c.obj
                0x08004a04                HAL_FDCAN_ActivateNotification
 .text.HAL_FDCAN_ClockCalibrationCallback
                0x08004a94        0x2 CMakeFiles/HNU_RM_DM02.elf.dir/Drivers/STM32H7xx_HAL_Driver/Src/stm32h7xx_hal_fdcan.c.obj
                0x08004a94                HAL_FDCAN_ClockCalibrationCallback
 .text.HAL_FDCAN_TxEventFifoCallback
                0x08004a96        0x2 CMakeFiles/HNU_RM_DM02.elf.dir/Drivers/STM32H7xx_HAL_Driver/Src/stm32h7xx_hal_fdcan.c.obj
                0x08004a96                HAL_FDCAN_TxEventFifoCallback
 .text.HAL_FDCAN_RxFifo1Callback
                0x08004a98        0x2 CMakeFiles/HNU_RM_DM02.elf.dir/Drivers/STM32H7xx_HAL_Driver/Src/stm32h7xx_hal_fdcan.c.obj
                0x08004a98                HAL_FDCAN_RxFifo1Callback
 .text.HAL_FDCAN_TxFifoEmptyCallback
                0x08004a9a        0x2 CMakeFiles/HNU_RM_DM02.elf.dir/Drivers/STM32H7xx_HAL_Driver/Src/stm32h7xx_hal_fdcan.c.obj
                0x08004a9a                HAL_FDCAN_TxFifoEmptyCallback
 .text.HAL_FDCAN_TxBufferCompleteCallback
                0x08004a9c        0x2 CMakeFiles/HNU_RM_DM02.elf.dir/Drivers/STM32H7xx_HAL_Driver/Src/stm32h7xx_hal_fdcan.c.obj
                0x08004a9c                HAL_FDCAN_TxBufferCompleteCallback
 .text.HAL_FDCAN_TxBufferAbortCallback
                0x08004a9e        0x2 CMakeFiles/HNU_RM_DM02.elf.dir/Drivers/STM32H7xx_HAL_Driver/Src/stm32h7xx_hal_fdcan.c.obj
                0x08004a9e                HAL_FDCAN_TxBufferAbortCallback
 .text.HAL_FDCAN_RxBufferNewMessageCallback
                0x08004aa0        0x2 CMakeFiles/HNU_RM_DM02.elf.dir/Drivers/STM32H7xx_HAL_Driver/Src/stm32h7xx_hal_fdcan.c.obj
                0x08004aa0                HAL_FDCAN_RxBufferNewMessageCallback
 .text.HAL_FDCAN_TimestampWraparoundCallback
                0x08004aa2        0x2 CMakeFiles/HNU_RM_DM02.elf.dir/Drivers/STM32H7xx_HAL_Driver/Src/stm32h7xx_hal_fdcan.c.obj
                0x08004aa2                HAL_FDCAN_TimestampWraparoundCallback
 .text.HAL_FDCAN_TimeoutOccurredCallback
                0x08004aa4        0x2 CMakeFiles/HNU_RM_DM02.elf.dir/Drivers/STM32H7xx_HAL_Driver/Src/stm32h7xx_hal_fdcan.c.obj
                0x08004aa4                HAL_FDCAN_TimeoutOccurredCallback
 .text.HAL_FDCAN_HighPriorityMessageCallback
                0x08004aa6        0x2 CMakeFiles/HNU_RM_DM02.elf.dir/Drivers/STM32H7xx_HAL_Driver/Src/stm32h7xx_hal_fdcan.c.obj
                0x08004aa6                HAL_FDCAN_HighPriorityMessageCallback
 .text.HAL_FDCAN_ErrorCallback
                0x08004aa8        0x2 CMakeFiles/HNU_RM_DM02.elf.dir/Drivers/STM32H7xx_HAL_Driver/Src/stm32h7xx_hal_fdcan.c.obj
                0x08004aa8                HAL_FDCAN_ErrorCallback
 .text.HAL_FDCAN_ErrorStatusCallback
                0x08004aaa        0x2 CMakeFiles/HNU_RM_DM02.elf.dir/Drivers/STM32H7xx_HAL_Driver/Src/stm32h7xx_hal_fdcan.c.obj
                0x08004aaa                HAL_FDCAN_ErrorStatusCallback
 .text.HAL_FDCAN_TT_ScheduleSyncCallback
                0x08004aac        0x2 CMakeFiles/HNU_RM_DM02.elf.dir/Drivers/STM32H7xx_HAL_Driver/Src/stm32h7xx_hal_fdcan.c.obj
                0x08004aac                HAL_FDCAN_TT_ScheduleSyncCallback
 .text.HAL_FDCAN_TT_TimeMarkCallback
                0x08004aae        0x2 CMakeFiles/HNU_RM_DM02.elf.dir/Drivers/STM32H7xx_HAL_Driver/Src/stm32h7xx_hal_fdcan.c.obj
                0x08004aae                HAL_FDCAN_TT_TimeMarkCallback
 .text.HAL_FDCAN_TT_StopWatchCallback
                0x08004ab0        0x2 CMakeFiles/HNU_RM_DM02.elf.dir/Drivers/STM32H7xx_HAL_Driver/Src/stm32h7xx_hal_fdcan.c.obj
                0x08004ab0                HAL_FDCAN_TT_StopWatchCallback
 .text.HAL_FDCAN_TT_GlobalTimeCallback
                0x08004ab2        0x2 CMakeFiles/HNU_RM_DM02.elf.dir/Drivers/STM32H7xx_HAL_Driver/Src/stm32h7xx_hal_fdcan.c.obj
                0x08004ab2                HAL_FDCAN_TT_GlobalTimeCallback
 .text.HAL_FDCAN_IRQHandler
                0x08004ab4      0x320 CMakeFiles/HNU_RM_DM02.elf.dir/Drivers/STM32H7xx_HAL_Driver/Src/stm32h7xx_hal_fdcan.c.obj
                0x08004ab4                HAL_FDCAN_IRQHandler
 .text.HAL_GPIO_Init
                0x08004dd4      0x214 CMakeFiles/HNU_RM_DM02.elf.dir/Drivers/STM32H7xx_HAL_Driver/Src/stm32h7xx_hal_gpio.c.obj
                0x08004dd4                HAL_GPIO_Init
 .text.HAL_GPIO_WritePin
                0x08004fe8        0xc CMakeFiles/HNU_RM_DM02.elf.dir/Drivers/STM32H7xx_HAL_Driver/Src/stm32h7xx_hal_gpio.c.obj
                0x08004fe8                HAL_GPIO_WritePin
 .text.PCD_WriteEmptyTxFifo
                0x08004ff4       0xd0 CMakeFiles/HNU_RM_DM02.elf.dir/Drivers/STM32H7xx_HAL_Driver/Src/stm32h7xx_hal_pcd.c.obj
 .text.HAL_PCD_Init
                0x080050c4      0x102 CMakeFiles/HNU_RM_DM02.elf.dir/Drivers/STM32H7xx_HAL_Driver/Src/stm32h7xx_hal_pcd.c.obj
                0x080050c4                HAL_PCD_Init
 .text.HAL_PCD_Start
                0x080051c6       0x44 CMakeFiles/HNU_RM_DM02.elf.dir/Drivers/STM32H7xx_HAL_Driver/Src/stm32h7xx_hal_pcd.c.obj
                0x080051c6                HAL_PCD_Start
 *fill*         0x0800520a        0x2 
 .text.PCD_EP_OutXfrComplete_int
                0x0800520c      0x104 CMakeFiles/HNU_RM_DM02.elf.dir/Drivers/STM32H7xx_HAL_Driver/Src/stm32h7xx_hal_pcd.c.obj
 .text.PCD_EP_OutSetupPacket_int
                0x08005310       0x50 CMakeFiles/HNU_RM_DM02.elf.dir/Drivers/STM32H7xx_HAL_Driver/Src/stm32h7xx_hal_pcd.c.obj
 .text.HAL_PCD_SetAddress
                0x08005360       0x26 CMakeFiles/HNU_RM_DM02.elf.dir/Drivers/STM32H7xx_HAL_Driver/Src/stm32h7xx_hal_pcd.c.obj
                0x08005360                HAL_PCD_SetAddress
 .text.HAL_PCD_EP_Open
                0x08005386       0x8c CMakeFiles/HNU_RM_DM02.elf.dir/Drivers/STM32H7xx_HAL_Driver/Src/stm32h7xx_hal_pcd.c.obj
                0x08005386                HAL_PCD_EP_Open
 .text.HAL_PCD_EP_Close
                0x08005412       0x70 CMakeFiles/HNU_RM_DM02.elf.dir/Drivers/STM32H7xx_HAL_Driver/Src/stm32h7xx_hal_pcd.c.obj
                0x08005412                HAL_PCD_EP_Close
 .text.HAL_PCD_EP_Receive
                0x08005482       0x4a CMakeFiles/HNU_RM_DM02.elf.dir/Drivers/STM32H7xx_HAL_Driver/Src/stm32h7xx_hal_pcd.c.obj
                0x08005482                HAL_PCD_EP_Receive
 .text.HAL_PCD_EP_GetRxCount
                0x080054cc       0x12 CMakeFiles/HNU_RM_DM02.elf.dir/Drivers/STM32H7xx_HAL_Driver/Src/stm32h7xx_hal_pcd.c.obj
                0x080054cc                HAL_PCD_EP_GetRxCount
 .text.HAL_PCD_EP_Transmit
                0x080054de       0x4a CMakeFiles/HNU_RM_DM02.elf.dir/Drivers/STM32H7xx_HAL_Driver/Src/stm32h7xx_hal_pcd.c.obj
                0x080054de                HAL_PCD_EP_Transmit
 .text.HAL_PCD_EP_SetStall
                0x08005528       0x86 CMakeFiles/HNU_RM_DM02.elf.dir/Drivers/STM32H7xx_HAL_Driver/Src/stm32h7xx_hal_pcd.c.obj
                0x08005528                HAL_PCD_EP_SetStall
 .text.HAL_PCD_EP_ClrStall
                0x080055ae       0x74 CMakeFiles/HNU_RM_DM02.elf.dir/Drivers/STM32H7xx_HAL_Driver/Src/stm32h7xx_hal_pcd.c.obj
                0x080055ae                HAL_PCD_EP_ClrStall
 .text.HAL_PCD_EP_Abort
                0x08005622       0x34 CMakeFiles/HNU_RM_DM02.elf.dir/Drivers/STM32H7xx_HAL_Driver/Src/stm32h7xx_hal_pcd.c.obj
                0x08005622                HAL_PCD_EP_Abort
 .text.HAL_PCD_IRQHandler
                0x08005656      0x600 CMakeFiles/HNU_RM_DM02.elf.dir/Drivers/STM32H7xx_HAL_Driver/Src/stm32h7xx_hal_pcd.c.obj
                0x08005656                HAL_PCD_IRQHandler
 .text.HAL_PCDEx_SetTxFiFo
                0x08005c56       0x4c CMakeFiles/HNU_RM_DM02.elf.dir/Drivers/STM32H7xx_HAL_Driver/Src/stm32h7xx_hal_pcd_ex.c.obj
                0x08005c56                HAL_PCDEx_SetTxFiFo
 .text.HAL_PCDEx_SetRxFiFo
                0x08005ca2        0x8 CMakeFiles/HNU_RM_DM02.elf.dir/Drivers/STM32H7xx_HAL_Driver/Src/stm32h7xx_hal_pcd_ex.c.obj
                0x08005ca2                HAL_PCDEx_SetRxFiFo
 *fill*         0x08005caa        0x2 
 .text.HAL_PCDEx_ActivateLPM
                0x08005cac       0x28 CMakeFiles/HNU_RM_DM02.elf.dir/Drivers/STM32H7xx_HAL_Driver/Src/stm32h7xx_hal_pcd_ex.c.obj
                0x08005cac                HAL_PCDEx_ActivateLPM
 .text.HAL_PCDEx_LPM_Callback
                0x08005cd4        0x2 CMakeFiles/HNU_RM_DM02.elf.dir/Drivers/STM32H7xx_HAL_Driver/Src/stm32h7xx_hal_pcd_ex.c.obj
                0x08005cd4                HAL_PCDEx_LPM_Callback
 *fill*         0x08005cd6        0x2 
 .text.HAL_PWREx_ConfigSupply
                0x08005cd8       0x54 CMakeFiles/HNU_RM_DM02.elf.dir/Drivers/STM32H7xx_HAL_Driver/Src/stm32h7xx_hal_pwr_ex.c.obj
                0x08005cd8                HAL_PWREx_ConfigSupply
 .text.HAL_PWREx_EnableUSBVoltageDetector
                0x08005d2c       0x10 CMakeFiles/HNU_RM_DM02.elf.dir/Drivers/STM32H7xx_HAL_Driver/Src/stm32h7xx_hal_pwr_ex.c.obj
                0x08005d2c                HAL_PWREx_EnableUSBVoltageDetector
 .text.HAL_RCC_OscConfig
                0x08005d3c      0x5e4 CMakeFiles/HNU_RM_DM02.elf.dir/Drivers/STM32H7xx_HAL_Driver/Src/stm32h7xx_hal_rcc.c.obj
                0x08005d3c                HAL_RCC_OscConfig
 .text.HAL_RCC_MCOConfig
                0x08006320       0xa4 CMakeFiles/HNU_RM_DM02.elf.dir/Drivers/STM32H7xx_HAL_Driver/Src/stm32h7xx_hal_rcc.c.obj
                0x08006320                HAL_RCC_MCOConfig
 .text.HAL_RCC_GetSysClockFreq
                0x080063c4      0x1f8 CMakeFiles/HNU_RM_DM02.elf.dir/Drivers/STM32H7xx_HAL_Driver/Src/stm32h7xx_hal_rcc.c.obj
                0x080063c4                HAL_RCC_GetSysClockFreq
 .text.HAL_RCC_ClockConfig
                0x080065bc      0x294 CMakeFiles/HNU_RM_DM02.elf.dir/Drivers/STM32H7xx_HAL_Driver/Src/stm32h7xx_hal_rcc.c.obj
                0x080065bc                HAL_RCC_ClockConfig
 .text.HAL_RCC_GetHCLKFreq
                0x08006850       0x44 CMakeFiles/HNU_RM_DM02.elf.dir/Drivers/STM32H7xx_HAL_Driver/Src/stm32h7xx_hal_rcc.c.obj
                0x08006850                HAL_RCC_GetHCLKFreq
 .text.HAL_RCC_GetPCLK1Freq
                0x08006894       0x24 CMakeFiles/HNU_RM_DM02.elf.dir/Drivers/STM32H7xx_HAL_Driver/Src/stm32h7xx_hal_rcc.c.obj
                0x08006894                HAL_RCC_GetPCLK1Freq
 .text.HAL_RCC_GetPCLK2Freq
                0x080068b8       0x24 CMakeFiles/HNU_RM_DM02.elf.dir/Drivers/STM32H7xx_HAL_Driver/Src/stm32h7xx_hal_rcc.c.obj
                0x080068b8                HAL_RCC_GetPCLK2Freq
 .text.HAL_RCC_GetClockConfig
                0x080068dc       0x54 CMakeFiles/HNU_RM_DM02.elf.dir/Drivers/STM32H7xx_HAL_Driver/Src/stm32h7xx_hal_rcc.c.obj
                0x080068dc                HAL_RCC_GetClockConfig
 .text.RCCEx_PLL2_Config
                0x08006930      0x108 CMakeFiles/HNU_RM_DM02.elf.dir/Drivers/STM32H7xx_HAL_Driver/Src/stm32h7xx_hal_rcc_ex.c.obj
 .text.RCCEx_PLL3_Config
                0x08006a38      0x108 CMakeFiles/HNU_RM_DM02.elf.dir/Drivers/STM32H7xx_HAL_Driver/Src/stm32h7xx_hal_rcc_ex.c.obj
 .text.HAL_RCCEx_PeriphCLKConfig
                0x08006b40      0xa2c CMakeFiles/HNU_RM_DM02.elf.dir/Drivers/STM32H7xx_HAL_Driver/Src/stm32h7xx_hal_rcc_ex.c.obj
                0x08006b40                HAL_RCCEx_PeriphCLKConfig
 .text.HAL_RCCEx_GetD3PCLK1Freq
                0x0800756c       0x24 CMakeFiles/HNU_RM_DM02.elf.dir/Drivers/STM32H7xx_HAL_Driver/Src/stm32h7xx_hal_rcc_ex.c.obj
                0x0800756c                HAL_RCCEx_GetD3PCLK1Freq
 .text.HAL_RCCEx_GetPLL2ClockFreq
                0x08007590      0x200 CMakeFiles/HNU_RM_DM02.elf.dir/Drivers/STM32H7xx_HAL_Driver/Src/stm32h7xx_hal_rcc_ex.c.obj
                0x08007590                HAL_RCCEx_GetPLL2ClockFreq
 .text.HAL_RCCEx_GetPLL3ClockFreq
                0x08007790      0x200 CMakeFiles/HNU_RM_DM02.elf.dir/Drivers/STM32H7xx_HAL_Driver/Src/stm32h7xx_hal_rcc_ex.c.obj
                0x08007790                HAL_RCCEx_GetPLL3ClockFreq
 .text.SPI_CloseTransfer
                0x08007990       0xd0 CMakeFiles/HNU_RM_DM02.elf.dir/Drivers/STM32H7xx_HAL_Driver/Src/stm32h7xx_hal_spi.c.obj
 .text.SPI_GetPacketSize
                0x08007a60       0x10 CMakeFiles/HNU_RM_DM02.elf.dir/Drivers/STM32H7xx_HAL_Driver/Src/stm32h7xx_hal_spi.c.obj
 .text.SPI_WaitOnFlagUntilTimeout
                0x08007a70       0x48 CMakeFiles/HNU_RM_DM02.elf.dir/Drivers/STM32H7xx_HAL_Driver/Src/stm32h7xx_hal_spi.c.obj
 .text.HAL_SPI_Init
                0x08007ab8      0x190 CMakeFiles/HNU_RM_DM02.elf.dir/Drivers/STM32H7xx_HAL_Driver/Src/stm32h7xx_hal_spi.c.obj
                0x08007ab8                HAL_SPI_Init
 .text.HAL_SPI_Transmit
                0x08007c48      0x2c0 CMakeFiles/HNU_RM_DM02.elf.dir/Drivers/STM32H7xx_HAL_Driver/Src/stm32h7xx_hal_spi.c.obj
                0x08007c48                HAL_SPI_Transmit
 .text.HAL_SPI_TransmitReceive
                0x08007f08      0x490 CMakeFiles/HNU_RM_DM02.elf.dir/Drivers/STM32H7xx_HAL_Driver/Src/stm32h7xx_hal_spi.c.obj
                0x08007f08                HAL_SPI_TransmitReceive
 .text.TIM_OC1_SetConfig
                0x08008398       0xa4 CMakeFiles/HNU_RM_DM02.elf.dir/Drivers/STM32H7xx_HAL_Driver/Src/stm32h7xx_hal_tim.c.obj
 .text.TIM_OC3_SetConfig
                0x0800843c       0x94 CMakeFiles/HNU_RM_DM02.elf.dir/Drivers/STM32H7xx_HAL_Driver/Src/stm32h7xx_hal_tim.c.obj
 .text.TIM_OC4_SetConfig
                0x080084d0       0x74 CMakeFiles/HNU_RM_DM02.elf.dir/Drivers/STM32H7xx_HAL_Driver/Src/stm32h7xx_hal_tim.c.obj
 .text.TIM_OC5_SetConfig
                0x08008544       0x74 CMakeFiles/HNU_RM_DM02.elf.dir/Drivers/STM32H7xx_HAL_Driver/Src/stm32h7xx_hal_tim.c.obj
 .text.TIM_OC6_SetConfig
                0x080085b8       0x74 CMakeFiles/HNU_RM_DM02.elf.dir/Drivers/STM32H7xx_HAL_Driver/Src/stm32h7xx_hal_tim.c.obj
 .text.TIM_TI1_ConfigInputStage
                0x0800862c       0x26 CMakeFiles/HNU_RM_DM02.elf.dir/Drivers/STM32H7xx_HAL_Driver/Src/stm32h7xx_hal_tim.c.obj
 .text.TIM_TI2_ConfigInputStage
                0x08008652       0x28 CMakeFiles/HNU_RM_DM02.elf.dir/Drivers/STM32H7xx_HAL_Driver/Src/stm32h7xx_hal_tim.c.obj
 *fill*         0x0800867a        0x2 
 .text.TIM_ITRx_SetConfig
                0x0800867c       0x14 CMakeFiles/HNU_RM_DM02.elf.dir/Drivers/STM32H7xx_HAL_Driver/Src/stm32h7xx_hal_tim.c.obj
 .text.HAL_TIM_Base_Start_IT
                0x08008690       0xa0 CMakeFiles/HNU_RM_DM02.elf.dir/Drivers/STM32H7xx_HAL_Driver/Src/stm32h7xx_hal_tim.c.obj
                0x08008690                HAL_TIM_Base_Start_IT
 .text.HAL_TIM_PWM_MspInit
                0x08008730        0x2 CMakeFiles/HNU_RM_DM02.elf.dir/Drivers/STM32H7xx_HAL_Driver/Src/stm32h7xx_hal_tim.c.obj
                0x08008730                HAL_TIM_PWM_MspInit
 .text.HAL_TIM_OC_DelayElapsedCallback
                0x08008732        0x2 CMakeFiles/HNU_RM_DM02.elf.dir/Drivers/STM32H7xx_HAL_Driver/Src/stm32h7xx_hal_tim.c.obj
                0x08008732                HAL_TIM_OC_DelayElapsedCallback
 .text.HAL_TIM_IC_CaptureCallback
                0x08008734        0x2 CMakeFiles/HNU_RM_DM02.elf.dir/Drivers/STM32H7xx_HAL_Driver/Src/stm32h7xx_hal_tim.c.obj
                0x08008734                HAL_TIM_IC_CaptureCallback
 .text.HAL_TIM_PWM_PulseFinishedCallback
                0x08008736        0x2 CMakeFiles/HNU_RM_DM02.elf.dir/Drivers/STM32H7xx_HAL_Driver/Src/stm32h7xx_hal_tim.c.obj
                0x08008736                HAL_TIM_PWM_PulseFinishedCallback
 .text.HAL_TIM_TriggerCallback
                0x08008738        0x2 CMakeFiles/HNU_RM_DM02.elf.dir/Drivers/STM32H7xx_HAL_Driver/Src/stm32h7xx_hal_tim.c.obj
                0x08008738                HAL_TIM_TriggerCallback
 .text.HAL_TIM_IRQHandler
                0x0800873a      0x17a CMakeFiles/HNU_RM_DM02.elf.dir/Drivers/STM32H7xx_HAL_Driver/Src/stm32h7xx_hal_tim.c.obj
                0x0800873a                HAL_TIM_IRQHandler
 .text.TIM_Base_SetConfig
                0x080088b4      0x120 CMakeFiles/HNU_RM_DM02.elf.dir/Drivers/STM32H7xx_HAL_Driver/Src/stm32h7xx_hal_tim.c.obj
                0x080088b4                TIM_Base_SetConfig
 .text.HAL_TIM_Base_Init
                0x080089d4       0x60 CMakeFiles/HNU_RM_DM02.elf.dir/Drivers/STM32H7xx_HAL_Driver/Src/stm32h7xx_hal_tim.c.obj
                0x080089d4                HAL_TIM_Base_Init
 .text.HAL_TIM_PWM_Init
                0x08008a34       0x60 CMakeFiles/HNU_RM_DM02.elf.dir/Drivers/STM32H7xx_HAL_Driver/Src/stm32h7xx_hal_tim.c.obj
                0x08008a34                HAL_TIM_PWM_Init
 .text.TIM_OC2_SetConfig
                0x08008a94       0x94 CMakeFiles/HNU_RM_DM02.elf.dir/Drivers/STM32H7xx_HAL_Driver/Src/stm32h7xx_hal_tim.c.obj
                0x08008a94                TIM_OC2_SetConfig
 .text.HAL_TIM_PWM_ConfigChannel
                0x08008b28      0x13a CMakeFiles/HNU_RM_DM02.elf.dir/Drivers/STM32H7xx_HAL_Driver/Src/stm32h7xx_hal_tim.c.obj
                0x08008b28                HAL_TIM_PWM_ConfigChannel
 .text.TIM_ETR_SetConfig
                0x08008c62       0x1a CMakeFiles/HNU_RM_DM02.elf.dir/Drivers/STM32H7xx_HAL_Driver/Src/stm32h7xx_hal_tim.c.obj
                0x08008c62                TIM_ETR_SetConfig
 .text.HAL_TIM_ConfigClockSource
                0x08008c7c      0x138 CMakeFiles/HNU_RM_DM02.elf.dir/Drivers/STM32H7xx_HAL_Driver/Src/stm32h7xx_hal_tim.c.obj
                0x08008c7c                HAL_TIM_ConfigClockSource
 .text.TIM_CCxChannelCmd
                0x08008db4       0x1e CMakeFiles/HNU_RM_DM02.elf.dir/Drivers/STM32H7xx_HAL_Driver/Src/stm32h7xx_hal_tim.c.obj
                0x08008db4                TIM_CCxChannelCmd
 *fill*         0x08008dd2        0x2 
 .text.HAL_TIM_PWM_Start
                0x08008dd4      0x180 CMakeFiles/HNU_RM_DM02.elf.dir/Drivers/STM32H7xx_HAL_Driver/Src/stm32h7xx_hal_tim.c.obj
                0x08008dd4                HAL_TIM_PWM_Start
 .text.HAL_TIMEx_MasterConfigSynchronization
                0x08008f54       0xb0 CMakeFiles/HNU_RM_DM02.elf.dir/Drivers/STM32H7xx_HAL_Driver/Src/stm32h7xx_hal_tim_ex.c.obj
                0x08008f54                HAL_TIMEx_MasterConfigSynchronization
 .text.HAL_TIMEx_ConfigBreakDeadTime
                0x08009004       0xa0 CMakeFiles/HNU_RM_DM02.elf.dir/Drivers/STM32H7xx_HAL_Driver/Src/stm32h7xx_hal_tim_ex.c.obj
                0x08009004                HAL_TIMEx_ConfigBreakDeadTime
 .text.HAL_TIMEx_CommutCallback
                0x080090a4        0x2 CMakeFiles/HNU_RM_DM02.elf.dir/Drivers/STM32H7xx_HAL_Driver/Src/stm32h7xx_hal_tim_ex.c.obj
                0x080090a4                HAL_TIMEx_CommutCallback
 .text.HAL_TIMEx_BreakCallback
                0x080090a6        0x2 CMakeFiles/HNU_RM_DM02.elf.dir/Drivers/STM32H7xx_HAL_Driver/Src/stm32h7xx_hal_tim_ex.c.obj
                0x080090a6                HAL_TIMEx_BreakCallback
 .text.HAL_TIMEx_Break2Callback
                0x080090a8        0x2 CMakeFiles/HNU_RM_DM02.elf.dir/Drivers/STM32H7xx_HAL_Driver/Src/stm32h7xx_hal_tim_ex.c.obj
                0x080090a8                HAL_TIMEx_Break2Callback
 .text.UART_EndTxTransfer
                0x080090aa       0x32 CMakeFiles/HNU_RM_DM02.elf.dir/Drivers/STM32H7xx_HAL_Driver/Src/stm32h7xx_hal_uart.c.obj
 .text.UART_EndRxTransfer
                0x080090dc       0x58 CMakeFiles/HNU_RM_DM02.elf.dir/Drivers/STM32H7xx_HAL_Driver/Src/stm32h7xx_hal_uart.c.obj
 .text.HAL_UART_RxHalfCpltCallback
                0x08009134        0x2 CMakeFiles/HNU_RM_DM02.elf.dir/Drivers/STM32H7xx_HAL_Driver/Src/stm32h7xx_hal_uart.c.obj
                0x08009134                HAL_UART_RxHalfCpltCallback
 .text.HAL_UART_ErrorCallback
                0x08009136        0x2 CMakeFiles/HNU_RM_DM02.elf.dir/Drivers/STM32H7xx_HAL_Driver/Src/stm32h7xx_hal_uart.c.obj
                0x08009136                HAL_UART_ErrorCallback
 .text.UART_DMAError
                0x08009138       0x58 CMakeFiles/HNU_RM_DM02.elf.dir/Drivers/STM32H7xx_HAL_Driver/Src/stm32h7xx_hal_uart.c.obj
 .text.HAL_UARTEx_RxEventCallback
                0x08009190        0x2 CMakeFiles/HNU_RM_DM02.elf.dir/Drivers/STM32H7xx_HAL_Driver/Src/stm32h7xx_hal_uart.c.obj
                0x08009190                HAL_UARTEx_RxEventCallback
 .text.UART_DMARxHalfCplt
                0x08009192       0x20 CMakeFiles/HNU_RM_DM02.elf.dir/Drivers/STM32H7xx_HAL_Driver/Src/stm32h7xx_hal_uart.c.obj
 .text.UART_DMAReceiveCplt
                0x080091b2       0x90 CMakeFiles/HNU_RM_DM02.elf.dir/Drivers/STM32H7xx_HAL_Driver/Src/stm32h7xx_hal_uart.c.obj
 *fill*         0x08009242        0x2 
 .text.UART_SetConfig
                0x08009244      0x6c4 CMakeFiles/HNU_RM_DM02.elf.dir/Drivers/STM32H7xx_HAL_Driver/Src/stm32h7xx_hal_uart.c.obj
                0x08009244                UART_SetConfig
 .text.UART_AdvFeatureConfig
                0x08009908       0xca CMakeFiles/HNU_RM_DM02.elf.dir/Drivers/STM32H7xx_HAL_Driver/Src/stm32h7xx_hal_uart.c.obj
                0x08009908                UART_AdvFeatureConfig
 .text.UART_WaitOnFlagUntilTimeout
                0x080099d2       0xa6 CMakeFiles/HNU_RM_DM02.elf.dir/Drivers/STM32H7xx_HAL_Driver/Src/stm32h7xx_hal_uart.c.obj
                0x080099d2                UART_WaitOnFlagUntilTimeout
 .text.UART_CheckIdleState
                0x08009a78       0xca CMakeFiles/HNU_RM_DM02.elf.dir/Drivers/STM32H7xx_HAL_Driver/Src/stm32h7xx_hal_uart.c.obj
                0x08009a78                UART_CheckIdleState
 .text.HAL_UART_Init
                0x08009b42       0x66 CMakeFiles/HNU_RM_DM02.elf.dir/Drivers/STM32H7xx_HAL_Driver/Src/stm32h7xx_hal_uart.c.obj
                0x08009b42                HAL_UART_Init
 .text.UART_Start_Receive_DMA
                0x08009ba8       0xb0 CMakeFiles/HNU_RM_DM02.elf.dir/Drivers/STM32H7xx_HAL_Driver/Src/stm32h7xx_hal_uart.c.obj
                0x08009ba8                UART_Start_Receive_DMA
 .text.HAL_UART_Receive_DMA
                0x08009c58       0x4c CMakeFiles/HNU_RM_DM02.elf.dir/Drivers/STM32H7xx_HAL_Driver/Src/stm32h7xx_hal_uart.c.obj
                0x08009c58                HAL_UART_Receive_DMA
 .text.UARTEx_SetNbDataToProcess
                0x08009ca4       0x4c CMakeFiles/HNU_RM_DM02.elf.dir/Drivers/STM32H7xx_HAL_Driver/Src/stm32h7xx_hal_uart_ex.c.obj
 .text.HAL_UARTEx_DisableFifoMode
                0x08009cf0       0x3e CMakeFiles/HNU_RM_DM02.elf.dir/Drivers/STM32H7xx_HAL_Driver/Src/stm32h7xx_hal_uart_ex.c.obj
                0x08009cf0                HAL_UARTEx_DisableFifoMode
 .text.HAL_UARTEx_SetTxFifoThreshold
                0x08009d2e       0x4a CMakeFiles/HNU_RM_DM02.elf.dir/Drivers/STM32H7xx_HAL_Driver/Src/stm32h7xx_hal_uart_ex.c.obj
                0x08009d2e                HAL_UARTEx_SetTxFifoThreshold
 .text.HAL_UARTEx_SetRxFifoThreshold
                0x08009d78       0x4a CMakeFiles/HNU_RM_DM02.elf.dir/Drivers/STM32H7xx_HAL_Driver/Src/stm32h7xx_hal_uart_ex.c.obj
                0x08009d78                HAL_UARTEx_SetRxFifoThreshold
 .text.USB_CoreReset
                0x08009dc2       0x4a CMakeFiles/HNU_RM_DM02.elf.dir/Drivers/STM32H7xx_HAL_Driver/Src/stm32h7xx_ll_usb.c.obj
 .text.USB_CoreInit
                0x08009e0c       0xa4 CMakeFiles/HNU_RM_DM02.elf.dir/Drivers/STM32H7xx_HAL_Driver/Src/stm32h7xx_ll_usb.c.obj
                0x08009e0c                USB_CoreInit
 .text.USB_SetTurnaroundTime
                0x08009eb0       0xe4 CMakeFiles/HNU_RM_DM02.elf.dir/Drivers/STM32H7xx_HAL_Driver/Src/stm32h7xx_ll_usb.c.obj
                0x08009eb0                USB_SetTurnaroundTime
 .text.USB_EnableGlobalInt
                0x08009f94        0xc CMakeFiles/HNU_RM_DM02.elf.dir/Drivers/STM32H7xx_HAL_Driver/Src/stm32h7xx_ll_usb.c.obj
                0x08009f94                USB_EnableGlobalInt
 .text.USB_DisableGlobalInt
                0x08009fa0        0xc CMakeFiles/HNU_RM_DM02.elf.dir/Drivers/STM32H7xx_HAL_Driver/Src/stm32h7xx_ll_usb.c.obj
                0x08009fa0                USB_DisableGlobalInt
 .text.USB_FlushTxFifo
                0x08009fac       0x4a CMakeFiles/HNU_RM_DM02.elf.dir/Drivers/STM32H7xx_HAL_Driver/Src/stm32h7xx_ll_usb.c.obj
                0x08009fac                USB_FlushTxFifo
 .text.USB_FlushRxFifo
                0x08009ff6       0x46 CMakeFiles/HNU_RM_DM02.elf.dir/Drivers/STM32H7xx_HAL_Driver/Src/stm32h7xx_ll_usb.c.obj
                0x08009ff6                USB_FlushRxFifo
 .text.USB_SetDevSpeed
                0x0800a03c        0xe CMakeFiles/HNU_RM_DM02.elf.dir/Drivers/STM32H7xx_HAL_Driver/Src/stm32h7xx_ll_usb.c.obj
                0x0800a03c                USB_SetDevSpeed
 *fill*         0x0800a04a        0x2 
 .text.USB_DevInit
                0x0800a04c      0x18c CMakeFiles/HNU_RM_DM02.elf.dir/Drivers/STM32H7xx_HAL_Driver/Src/stm32h7xx_ll_usb.c.obj
                0x0800a04c                USB_DevInit
 .text.USB_GetDevSpeed
                0x0800a1d8       0x22 CMakeFiles/HNU_RM_DM02.elf.dir/Drivers/STM32H7xx_HAL_Driver/Src/stm32h7xx_ll_usb.c.obj
                0x0800a1d8                USB_GetDevSpeed
 *fill*         0x0800a1fa        0x2 
 .text.USB_ActivateEndpoint
                0x0800a1fc       0x98 CMakeFiles/HNU_RM_DM02.elf.dir/Drivers/STM32H7xx_HAL_Driver/Src/stm32h7xx_ll_usb.c.obj
                0x0800a1fc                USB_ActivateEndpoint
 .text.USB_DeactivateEndpoint
                0x0800a294       0xe0 CMakeFiles/HNU_RM_DM02.elf.dir/Drivers/STM32H7xx_HAL_Driver/Src/stm32h7xx_ll_usb.c.obj
                0x0800a294                USB_DeactivateEndpoint
 .text.USB_EPStopXfer
                0x0800a374       0xbe CMakeFiles/HNU_RM_DM02.elf.dir/Drivers/STM32H7xx_HAL_Driver/Src/stm32h7xx_ll_usb.c.obj
                0x0800a374                USB_EPStopXfer
 .text.USB_WritePacket
                0x0800a432       0x2e CMakeFiles/HNU_RM_DM02.elf.dir/Drivers/STM32H7xx_HAL_Driver/Src/stm32h7xx_ll_usb.c.obj
                0x0800a432                USB_WritePacket
 .text.USB_EPStartXfer
                0x0800a460      0x244 CMakeFiles/HNU_RM_DM02.elf.dir/Drivers/STM32H7xx_HAL_Driver/Src/stm32h7xx_ll_usb.c.obj
                0x0800a460                USB_EPStartXfer
 .text.USB_ReadPacket
                0x0800a6a4       0x46 CMakeFiles/HNU_RM_DM02.elf.dir/Drivers/STM32H7xx_HAL_Driver/Src/stm32h7xx_ll_usb.c.obj
                0x0800a6a4                USB_ReadPacket
 .text.USB_EPSetStall
                0x0800a6ea       0x5a CMakeFiles/HNU_RM_DM02.elf.dir/Drivers/STM32H7xx_HAL_Driver/Src/stm32h7xx_ll_usb.c.obj
                0x0800a6ea                USB_EPSetStall
 .text.USB_EPClearStall
                0x0800a744       0x5c CMakeFiles/HNU_RM_DM02.elf.dir/Drivers/STM32H7xx_HAL_Driver/Src/stm32h7xx_ll_usb.c.obj
                0x0800a744                USB_EPClearStall
 .text.USB_SetDevAddress
                0x0800a7a0       0x20 CMakeFiles/HNU_RM_DM02.elf.dir/Drivers/STM32H7xx_HAL_Driver/Src/stm32h7xx_ll_usb.c.obj
                0x0800a7a0                USB_SetDevAddress
 .text.USB_DevConnect
                0x0800a7c0       0x1c CMakeFiles/HNU_RM_DM02.elf.dir/Drivers/STM32H7xx_HAL_Driver/Src/stm32h7xx_ll_usb.c.obj
                0x0800a7c0                USB_DevConnect
 .text.USB_DevDisconnect
                0x0800a7dc       0x1c CMakeFiles/HNU_RM_DM02.elf.dir/Drivers/STM32H7xx_HAL_Driver/Src/stm32h7xx_ll_usb.c.obj
                0x0800a7dc                USB_DevDisconnect
 .text.USB_ReadInterrupts
                0x0800a7f8        0x8 CMakeFiles/HNU_RM_DM02.elf.dir/Drivers/STM32H7xx_HAL_Driver/Src/stm32h7xx_ll_usb.c.obj
                0x0800a7f8                USB_ReadInterrupts
 .text.USB_ReadDevAllOutEpInterrupt
                0x0800a800       0x10 CMakeFiles/HNU_RM_DM02.elf.dir/Drivers/STM32H7xx_HAL_Driver/Src/stm32h7xx_ll_usb.c.obj
                0x0800a800                USB_ReadDevAllOutEpInterrupt
 .text.USB_ReadDevAllInEpInterrupt
                0x0800a810       0x10 CMakeFiles/HNU_RM_DM02.elf.dir/Drivers/STM32H7xx_HAL_Driver/Src/stm32h7xx_ll_usb.c.obj
                0x0800a810                USB_ReadDevAllInEpInterrupt
 .text.USB_ReadDevOutEPInterrupt
                0x0800a820       0x12 CMakeFiles/HNU_RM_DM02.elf.dir/Drivers/STM32H7xx_HAL_Driver/Src/stm32h7xx_ll_usb.c.obj
                0x0800a820                USB_ReadDevOutEPInterrupt
 .text.USB_ReadDevInEPInterrupt
                0x0800a832       0x24 CMakeFiles/HNU_RM_DM02.elf.dir/Drivers/STM32H7xx_HAL_Driver/Src/stm32h7xx_ll_usb.c.obj
                0x0800a832                USB_ReadDevInEPInterrupt
 .text.USB_GetMode
                0x0800a856        0x8 CMakeFiles/HNU_RM_DM02.elf.dir/Drivers/STM32H7xx_HAL_Driver/Src/stm32h7xx_ll_usb.c.obj
                0x0800a856                USB_GetMode
 .text.USB_SetCurrentMode
                0x0800a85e       0x62 CMakeFiles/HNU_RM_DM02.elf.dir/Drivers/STM32H7xx_HAL_Driver/Src/stm32h7xx_ll_usb.c.obj
                0x0800a85e                USB_SetCurrentMode
 .text.USB_ActivateSetup
                0x0800a8c0       0x1c CMakeFiles/HNU_RM_DM02.elf.dir/Drivers/STM32H7xx_HAL_Driver/Src/stm32h7xx_ll_usb.c.obj
                0x0800a8c0                USB_ActivateSetup
 .text.USB_EP0_OutStart
                0x0800a8dc       0x60 CMakeFiles/HNU_RM_DM02.elf.dir/Drivers/STM32H7xx_HAL_Driver/Src/stm32h7xx_ll_usb.c.obj
                0x0800a8dc                USB_EP0_OutStart
 .text.USBD_CDC_EP0_RxReady
                0x0800a93c       0x40 CMakeFiles/HNU_RM_DM02.elf.dir/Middlewares/ST/STM32_USB_Device_Library/Class/CDC/Src/usbd_cdc.c.obj
 .text.USBD_CDC_GetDeviceQualifierDescriptor
                0x0800a97c        0xc CMakeFiles/HNU_RM_DM02.elf.dir/Middlewares/ST/STM32_USB_Device_Library/Class/CDC/Src/usbd_cdc.c.obj
                0x0800a97c                USBD_CDC_GetDeviceQualifierDescriptor
 .text.USBD_CDC_GetOtherSpeedCfgDesc
                0x0800a988       0x48 CMakeFiles/HNU_RM_DM02.elf.dir/Middlewares/ST/STM32_USB_Device_Library/Class/CDC/Src/usbd_cdc.c.obj
 .text.USBD_CDC_GetFSCfgDesc
                0x0800a9d0       0x48 CMakeFiles/HNU_RM_DM02.elf.dir/Middlewares/ST/STM32_USB_Device_Library/Class/CDC/Src/usbd_cdc.c.obj
 .text.USBD_CDC_GetHSCfgDesc
                0x0800aa18       0x48 CMakeFiles/HNU_RM_DM02.elf.dir/Middlewares/ST/STM32_USB_Device_Library/Class/CDC/Src/usbd_cdc.c.obj
 .text.USBD_CDC_DataOut
                0x0800aa60       0x38 CMakeFiles/HNU_RM_DM02.elf.dir/Middlewares/ST/STM32_USB_Device_Library/Class/CDC/Src/usbd_cdc.c.obj
 .text.USBD_CDC_DataIn
                0x0800aa98       0x7c CMakeFiles/HNU_RM_DM02.elf.dir/Middlewares/ST/STM32_USB_Device_Library/Class/CDC/Src/usbd_cdc.c.obj
 .text.USBD_CDC_Setup
                0x0800ab14      0x11a CMakeFiles/HNU_RM_DM02.elf.dir/Middlewares/ST/STM32_USB_Device_Library/Class/CDC/Src/usbd_cdc.c.obj
 .text.USBD_CDC_DeInit
                0x0800ac2e       0x64 CMakeFiles/HNU_RM_DM02.elf.dir/Middlewares/ST/STM32_USB_Device_Library/Class/CDC/Src/usbd_cdc.c.obj
 .text.USBD_CDC_Init
                0x0800ac92       0xee CMakeFiles/HNU_RM_DM02.elf.dir/Middlewares/ST/STM32_USB_Device_Library/Class/CDC/Src/usbd_cdc.c.obj
 .text.USBD_CDC_RegisterInterface
                0x0800ad80       0x16 CMakeFiles/HNU_RM_DM02.elf.dir/Middlewares/ST/STM32_USB_Device_Library/Class/CDC/Src/usbd_cdc.c.obj
                0x0800ad80                USBD_CDC_RegisterInterface
 .text.USBD_CDC_SetTxBuffer
                0x0800ad96       0x1c CMakeFiles/HNU_RM_DM02.elf.dir/Middlewares/ST/STM32_USB_Device_Library/Class/CDC/Src/usbd_cdc.c.obj
                0x0800ad96                USBD_CDC_SetTxBuffer
 .text.USBD_CDC_SetRxBuffer
                0x0800adb2       0x18 CMakeFiles/HNU_RM_DM02.elf.dir/Middlewares/ST/STM32_USB_Device_Library/Class/CDC/Src/usbd_cdc.c.obj
                0x0800adb2                USBD_CDC_SetRxBuffer
 .text.USBD_CDC_TransmitPacket
                0x0800adca       0x36 CMakeFiles/HNU_RM_DM02.elf.dir/Middlewares/ST/STM32_USB_Device_Library/Class/CDC/Src/usbd_cdc.c.obj
                0x0800adca                USBD_CDC_TransmitPacket
 .text.USBD_CDC_ReceivePacket
                0x0800ae00       0x38 CMakeFiles/HNU_RM_DM02.elf.dir/Middlewares/ST/STM32_USB_Device_Library/Class/CDC/Src/usbd_cdc.c.obj
                0x0800ae00                USBD_CDC_ReceivePacket
 .text.USBD_Init
                0x0800ae38       0x2e CMakeFiles/HNU_RM_DM02.elf.dir/Middlewares/ST/STM32_USB_Device_Library/Core/Src/usbd_core.c.obj
                0x0800ae38                USBD_Init
 .text.USBD_RegisterClass
                0x0800ae66       0x40 CMakeFiles/HNU_RM_DM02.elf.dir/Middlewares/ST/STM32_USB_Device_Library/Core/Src/usbd_core.c.obj
                0x0800ae66                USBD_RegisterClass
 .text.USBD_Start
                0x0800aea6        0x8 CMakeFiles/HNU_RM_DM02.elf.dir/Middlewares/ST/STM32_USB_Device_Library/Core/Src/usbd_core.c.obj
                0x0800aea6                USBD_Start
 .text.USBD_SetClassConfig
                0x0800aeae       0x12 CMakeFiles/HNU_RM_DM02.elf.dir/Middlewares/ST/STM32_USB_Device_Library/Core/Src/usbd_core.c.obj
                0x0800aeae                USBD_SetClassConfig
 .text.USBD_ClrClassConfig
                0x0800aec0       0x12 CMakeFiles/HNU_RM_DM02.elf.dir/Middlewares/ST/STM32_USB_Device_Library/Core/Src/usbd_core.c.obj
                0x0800aec0                USBD_ClrClassConfig
 .text.USBD_LL_SetupStage
                0x0800aed2       0x58 CMakeFiles/HNU_RM_DM02.elf.dir/Middlewares/ST/STM32_USB_Device_Library/Core/Src/usbd_core.c.obj
                0x0800aed2                USBD_LL_SetupStage
 .text.USBD_LL_Reset
                0x0800af2a       0x64 CMakeFiles/HNU_RM_DM02.elf.dir/Middlewares/ST/STM32_USB_Device_Library/Core/Src/usbd_core.c.obj
                0x0800af2a                USBD_LL_Reset
 .text.USBD_LL_SetSpeed
                0x0800af8e        0x6 CMakeFiles/HNU_RM_DM02.elf.dir/Middlewares/ST/STM32_USB_Device_Library/Core/Src/usbd_core.c.obj
                0x0800af8e                USBD_LL_SetSpeed
 .text.USBD_LL_Suspend
                0x0800af94       0x1e CMakeFiles/HNU_RM_DM02.elf.dir/Middlewares/ST/STM32_USB_Device_Library/Core/Src/usbd_core.c.obj
                0x0800af94                USBD_LL_Suspend
 .text.USBD_LL_Resume
                0x0800afb2       0x1a CMakeFiles/HNU_RM_DM02.elf.dir/Middlewares/ST/STM32_USB_Device_Library/Core/Src/usbd_core.c.obj
                0x0800afb2                USBD_LL_Resume
 .text.USBD_LL_SOF
                0x0800afcc       0x22 CMakeFiles/HNU_RM_DM02.elf.dir/Middlewares/ST/STM32_USB_Device_Library/Core/Src/usbd_core.c.obj
                0x0800afcc                USBD_LL_SOF
 .text.USBD_LL_IsoINIncomplete
                0x0800afee       0x2e CMakeFiles/HNU_RM_DM02.elf.dir/Middlewares/ST/STM32_USB_Device_Library/Core/Src/usbd_core.c.obj
                0x0800afee                USBD_LL_IsoINIncomplete
 .text.USBD_LL_IsoOUTIncomplete
                0x0800b01c       0x2e CMakeFiles/HNU_RM_DM02.elf.dir/Middlewares/ST/STM32_USB_Device_Library/Core/Src/usbd_core.c.obj
                0x0800b01c                USBD_LL_IsoOUTIncomplete
 .text.USBD_LL_DevConnected
                0x0800b04a        0x4 CMakeFiles/HNU_RM_DM02.elf.dir/Middlewares/ST/STM32_USB_Device_Library/Core/Src/usbd_core.c.obj
                0x0800b04a                USBD_LL_DevConnected
 .text.USBD_LL_DevDisconnected
                0x0800b04e       0x20 CMakeFiles/HNU_RM_DM02.elf.dir/Middlewares/ST/STM32_USB_Device_Library/Core/Src/usbd_core.c.obj
                0x0800b04e                USBD_LL_DevDisconnected
 .text.USBD_CoreFindIF
                0x0800b06e        0x4 CMakeFiles/HNU_RM_DM02.elf.dir/Middlewares/ST/STM32_USB_Device_Library/Core/Src/usbd_core.c.obj
                0x0800b06e                USBD_CoreFindIF
 .text.USBD_CoreFindEP
                0x0800b072        0x4 CMakeFiles/HNU_RM_DM02.elf.dir/Middlewares/ST/STM32_USB_Device_Library/Core/Src/usbd_core.c.obj
                0x0800b072                USBD_CoreFindEP
 .text.USBD_LL_DataOutStage
                0x0800b076       0xc4 CMakeFiles/HNU_RM_DM02.elf.dir/Middlewares/ST/STM32_USB_Device_Library/Core/Src/usbd_core.c.obj
                0x0800b076                USBD_LL_DataOutStage
 .text.USBD_LL_DataInStage
                0x0800b13a       0xd6 CMakeFiles/HNU_RM_DM02.elf.dir/Middlewares/ST/STM32_USB_Device_Library/Core/Src/usbd_core.c.obj
                0x0800b13a                USBD_LL_DataInStage
 .text.USBD_GetNextDesc
                0x0800b210        0xe CMakeFiles/HNU_RM_DM02.elf.dir/Middlewares/ST/STM32_USB_Device_Library/Core/Src/usbd_core.c.obj
                0x0800b210                USBD_GetNextDesc
 .text.USBD_GetEpDesc
                0x0800b21e       0x3e CMakeFiles/HNU_RM_DM02.elf.dir/Middlewares/ST/STM32_USB_Device_Library/Core/Src/usbd_core.c.obj
                0x0800b21e                USBD_GetEpDesc
 .text.USBD_GetLen
                0x0800b25c       0x14 CMakeFiles/HNU_RM_DM02.elf.dir/Middlewares/ST/STM32_USB_Device_Library/Core/Src/usbd_ctlreq.c.obj
 .text.USBD_ParseSetupRequest
                0x0800b270       0x28 CMakeFiles/HNU_RM_DM02.elf.dir/Middlewares/ST/STM32_USB_Device_Library/Core/Src/usbd_ctlreq.c.obj
                0x0800b270                USBD_ParseSetupRequest
 .text.USBD_CtlError
                0x0800b298       0x14 CMakeFiles/HNU_RM_DM02.elf.dir/Middlewares/ST/STM32_USB_Device_Library/Core/Src/usbd_ctlreq.c.obj
                0x0800b298                USBD_CtlError
 .text.USBD_GetDescriptor
                0x0800b2ac      0x1ac CMakeFiles/HNU_RM_DM02.elf.dir/Middlewares/ST/STM32_USB_Device_Library/Core/Src/usbd_ctlreq.c.obj
 .text.USBD_SetAddress
                0x0800b458       0x50 CMakeFiles/HNU_RM_DM02.elf.dir/Middlewares/ST/STM32_USB_Device_Library/Core/Src/usbd_ctlreq.c.obj
 .text.USBD_SetConfig
                0x0800b4a8       0xcc CMakeFiles/HNU_RM_DM02.elf.dir/Middlewares/ST/STM32_USB_Device_Library/Core/Src/usbd_ctlreq.c.obj
 .text.USBD_GetConfig
                0x0800b574       0x40 CMakeFiles/HNU_RM_DM02.elf.dir/Middlewares/ST/STM32_USB_Device_Library/Core/Src/usbd_ctlreq.c.obj
 .text.USBD_GetStatus
                0x0800b5b4       0x38 CMakeFiles/HNU_RM_DM02.elf.dir/Middlewares/ST/STM32_USB_Device_Library/Core/Src/usbd_ctlreq.c.obj
 .text.USBD_SetFeature
                0x0800b5ec       0x2a CMakeFiles/HNU_RM_DM02.elf.dir/Middlewares/ST/STM32_USB_Device_Library/Core/Src/usbd_ctlreq.c.obj
 .text.USBD_ClrFeature
                0x0800b616       0x26 CMakeFiles/HNU_RM_DM02.elf.dir/Middlewares/ST/STM32_USB_Device_Library/Core/Src/usbd_ctlreq.c.obj
 .text.USBD_StdDevReq
                0x0800b63c       0x76 CMakeFiles/HNU_RM_DM02.elf.dir/Middlewares/ST/STM32_USB_Device_Library/Core/Src/usbd_ctlreq.c.obj
                0x0800b63c                USBD_StdDevReq
 .text.USBD_StdItfReq
                0x0800b6b2       0x84 CMakeFiles/HNU_RM_DM02.elf.dir/Middlewares/ST/STM32_USB_Device_Library/Core/Src/usbd_ctlreq.c.obj
                0x0800b6b2                USBD_StdItfReq
 .text.USBD_StdEPReq
                0x0800b736      0x232 CMakeFiles/HNU_RM_DM02.elf.dir/Middlewares/ST/STM32_USB_Device_Library/Core/Src/usbd_ctlreq.c.obj
                0x0800b736                USBD_StdEPReq
 .text.USBD_GetString
                0x0800b968       0x46 CMakeFiles/HNU_RM_DM02.elf.dir/Middlewares/ST/STM32_USB_Device_Library/Core/Src/usbd_ctlreq.c.obj
                0x0800b968                USBD_GetString
 .text.USBD_CtlSendData
                0x0800b9ae       0x1a CMakeFiles/HNU_RM_DM02.elf.dir/Middlewares/ST/STM32_USB_Device_Library/Core/Src/usbd_ioreq.c.obj
                0x0800b9ae                USBD_CtlSendData
 .text.USBD_CtlContinueSendData
                0x0800b9c8       0x10 CMakeFiles/HNU_RM_DM02.elf.dir/Middlewares/ST/STM32_USB_Device_Library/Core/Src/usbd_ioreq.c.obj
                0x0800b9c8                USBD_CtlContinueSendData
 .text.USBD_CtlPrepareRx
                0x0800b9d8       0x1e CMakeFiles/HNU_RM_DM02.elf.dir/Middlewares/ST/STM32_USB_Device_Library/Core/Src/usbd_ioreq.c.obj
                0x0800b9d8                USBD_CtlPrepareRx
 .text.USBD_CtlContinueRx
                0x0800b9f6       0x10 CMakeFiles/HNU_RM_DM02.elf.dir/Middlewares/ST/STM32_USB_Device_Library/Core/Src/usbd_ioreq.c.obj
                0x0800b9f6                USBD_CtlContinueRx
 .text.USBD_CtlSendStatus
                0x0800ba06       0x16 CMakeFiles/HNU_RM_DM02.elf.dir/Middlewares/ST/STM32_USB_Device_Library/Core/Src/usbd_ioreq.c.obj
                0x0800ba06                USBD_CtlSendStatus
 .text.USBD_CtlReceiveStatus
                0x0800ba1c       0x16 CMakeFiles/HNU_RM_DM02.elf.dir/Middlewares/ST/STM32_USB_Device_Library/Core/Src/usbd_ioreq.c.obj
                0x0800ba1c                USBD_CtlReceiveStatus
 .text.makeFreeRtosPriority
                0x0800ba32        0xc CMakeFiles/HNU_RM_DM02.elf.dir/Middlewares/Third_Party/FreeRTOS/Source/CMSIS_RTOS/cmsis_os.c.obj
 .text.inHandlerMode
                0x0800ba3e        0xc CMakeFiles/HNU_RM_DM02.elf.dir/Middlewares/Third_Party/FreeRTOS/Source/CMSIS_RTOS/cmsis_os.c.obj
 .text.osKernelStart
                0x0800ba4a        0xa CMakeFiles/HNU_RM_DM02.elf.dir/Middlewares/Third_Party/FreeRTOS/Source/CMSIS_RTOS/cmsis_os.c.obj
                0x0800ba4a                osKernelStart
 .text.osThreadCreate
                0x0800ba54       0x66 CMakeFiles/HNU_RM_DM02.elf.dir/Middlewares/Third_Party/FreeRTOS/Source/CMSIS_RTOS/cmsis_os.c.obj
                0x0800ba54                osThreadCreate
 .text.osDelay  0x0800baba        0xe CMakeFiles/HNU_RM_DM02.elf.dir/Middlewares/Third_Party/FreeRTOS/Source/CMSIS_RTOS/cmsis_os.c.obj
                0x0800baba                osDelay
 .text.osMessageGet
                0x0800bac8       0x88 CMakeFiles/HNU_RM_DM02.elf.dir/Middlewares/Third_Party/FreeRTOS/Source/CMSIS_RTOS/cmsis_os.c.obj
                0x0800bac8                osMessageGet
 .text.vListInitialise
                0x0800bb50       0x16 CMakeFiles/HNU_RM_DM02.elf.dir/Middlewares/Third_Party/FreeRTOS/Source/list.c.obj
                0x0800bb50                vListInitialise
 .text.vListInitialiseItem
                0x0800bb66        0x6 CMakeFiles/HNU_RM_DM02.elf.dir/Middlewares/Third_Party/FreeRTOS/Source/list.c.obj
                0x0800bb66                vListInitialiseItem
 .text.vListInsertEnd
                0x0800bb6c       0x16 CMakeFiles/HNU_RM_DM02.elf.dir/Middlewares/Third_Party/FreeRTOS/Source/list.c.obj
                0x0800bb6c                vListInsertEnd
 .text.vListInsert
                0x0800bb82       0x32 CMakeFiles/HNU_RM_DM02.elf.dir/Middlewares/Third_Party/FreeRTOS/Source/list.c.obj
                0x0800bb82                vListInsert
 .text.uxListRemove
                0x0800bbb4       0x26 CMakeFiles/HNU_RM_DM02.elf.dir/Middlewares/Third_Party/FreeRTOS/Source/list.c.obj
                0x0800bbb4                uxListRemove
 *fill*         0x0800bbda        0x2 
 .text.prvTaskExitError
                0x0800bbdc       0x40 CMakeFiles/HNU_RM_DM02.elf.dir/Middlewares/Third_Party/FreeRTOS/Source/portable/GCC/ARM_CM4F/port.c.obj
 .text.prvPortStartFirstTask
                0x0800bc1c       0x28 CMakeFiles/HNU_RM_DM02.elf.dir/Middlewares/Third_Party/FreeRTOS/Source/portable/GCC/ARM_CM4F/port.c.obj
 .text.vPortEnableVFP
                0x0800bc44       0x14 CMakeFiles/HNU_RM_DM02.elf.dir/Middlewares/Third_Party/FreeRTOS/Source/portable/GCC/ARM_CM4F/port.c.obj
 .text.pxPortInitialiseStack
                0x0800bc58       0x2c CMakeFiles/HNU_RM_DM02.elf.dir/Middlewares/Third_Party/FreeRTOS/Source/portable/GCC/ARM_CM4F/port.c.obj
                0x0800bc58                pxPortInitialiseStack
 *fill*         0x0800bc84        0xc 
 .text.SVC_Handler
                0x0800bc90       0x24 CMakeFiles/HNU_RM_DM02.elf.dir/Middlewares/Third_Party/FreeRTOS/Source/portable/GCC/ARM_CM4F/port.c.obj
                0x0800bc90                SVC_Handler
 .text.vPortEnterCritical
                0x0800bcb4       0x44 CMakeFiles/HNU_RM_DM02.elf.dir/Middlewares/Third_Party/FreeRTOS/Source/portable/GCC/ARM_CM4F/port.c.obj
                0x0800bcb4                vPortEnterCritical
 .text.vPortExitCritical
                0x0800bcf8       0x2c CMakeFiles/HNU_RM_DM02.elf.dir/Middlewares/Third_Party/FreeRTOS/Source/portable/GCC/ARM_CM4F/port.c.obj
                0x0800bcf8                vPortExitCritical
 *fill*         0x0800bd24        0xc 
 .text.PendSV_Handler
                0x0800bd30       0x64 CMakeFiles/HNU_RM_DM02.elf.dir/Middlewares/Third_Party/FreeRTOS/Source/portable/GCC/ARM_CM4F/port.c.obj
                0x0800bd30                PendSV_Handler
 .text.SysTick_Handler
                0x0800bd94       0x2c CMakeFiles/HNU_RM_DM02.elf.dir/Middlewares/Third_Party/FreeRTOS/Source/portable/GCC/ARM_CM4F/port.c.obj
                0x0800bd94                SysTick_Handler
 .text.vPortSetupTimerInterrupt
                0x0800bdc0       0x28 CMakeFiles/HNU_RM_DM02.elf.dir/Middlewares/Third_Party/FreeRTOS/Source/portable/GCC/ARM_CM4F/port.c.obj
                0x0800bdc0                vPortSetupTimerInterrupt
 .text.xPortStartScheduler
                0x0800bde8      0x118 CMakeFiles/HNU_RM_DM02.elf.dir/Middlewares/Third_Party/FreeRTOS/Source/portable/GCC/ARM_CM4F/port.c.obj
                0x0800bde8                xPortStartScheduler
 .text.vPortValidateInterruptPriority
                0x0800bf00       0x5c CMakeFiles/HNU_RM_DM02.elf.dir/Middlewares/Third_Party/FreeRTOS/Source/portable/GCC/ARM_CM4F/port.c.obj
                0x0800bf00                vPortValidateInterruptPriority
 .text.prvHeapInit
                0x0800bf5c       0x64 CMakeFiles/HNU_RM_DM02.elf.dir/Middlewares/Third_Party/FreeRTOS/Source/portable/MemMang/heap_4.c.obj
 .text.prvInsertBlockIntoFreeList
                0x0800bfc0       0x64 CMakeFiles/HNU_RM_DM02.elf.dir/Middlewares/Third_Party/FreeRTOS/Source/portable/MemMang/heap_4.c.obj
 .text.pvPortMalloc
                0x0800c024      0x104 CMakeFiles/HNU_RM_DM02.elf.dir/Middlewares/Third_Party/FreeRTOS/Source/portable/MemMang/heap_4.c.obj
                0x0800c024                pvPortMalloc
 .text.vPortFree
                0x0800c128       0x7c CMakeFiles/HNU_RM_DM02.elf.dir/Middlewares/Third_Party/FreeRTOS/Source/portable/MemMang/heap_4.c.obj
                0x0800c128                vPortFree
 .text.prvIsQueueFull
                0x0800c1a4       0x1e CMakeFiles/HNU_RM_DM02.elf.dir/Middlewares/Third_Party/FreeRTOS/Source/queue.c.obj
 .text.prvIsQueueEmpty
                0x0800c1c2       0x1a CMakeFiles/HNU_RM_DM02.elf.dir/Middlewares/Third_Party/FreeRTOS/Source/queue.c.obj
 .text.prvCopyDataToQueue
                0x0800c1dc       0x76 CMakeFiles/HNU_RM_DM02.elf.dir/Middlewares/Third_Party/FreeRTOS/Source/queue.c.obj
 .text.prvCopyDataFromQueue
                0x0800c252       0x24 CMakeFiles/HNU_RM_DM02.elf.dir/Middlewares/Third_Party/FreeRTOS/Source/queue.c.obj
 .text.prvUnlockQueue
                0x0800c276       0x6e CMakeFiles/HNU_RM_DM02.elf.dir/Middlewares/Third_Party/FreeRTOS/Source/queue.c.obj
 .text.xQueueGenericReset
                0x0800c2e4       0x84 CMakeFiles/HNU_RM_DM02.elf.dir/Middlewares/Third_Party/FreeRTOS/Source/queue.c.obj
                0x0800c2e4                xQueueGenericReset
 .text.prvInitialiseNewQueue
                0x0800c368       0x22 CMakeFiles/HNU_RM_DM02.elf.dir/Middlewares/Third_Party/FreeRTOS/Source/queue.c.obj
 .text.xQueueGenericCreateStatic
                0x0800c38a       0xa6 CMakeFiles/HNU_RM_DM02.elf.dir/Middlewares/Third_Party/FreeRTOS/Source/queue.c.obj
                0x0800c38a                xQueueGenericCreateStatic
 .text.xQueueGenericSend
                0x0800c430      0x188 CMakeFiles/HNU_RM_DM02.elf.dir/Middlewares/Third_Party/FreeRTOS/Source/queue.c.obj
                0x0800c430                xQueueGenericSend
 .text.xQueueGenericSendFromISR
                0x0800c5b8       0xce CMakeFiles/HNU_RM_DM02.elf.dir/Middlewares/Third_Party/FreeRTOS/Source/queue.c.obj
                0x0800c5b8                xQueueGenericSendFromISR
 .text.xQueueReceive
                0x0800c686      0x15e CMakeFiles/HNU_RM_DM02.elf.dir/Middlewares/Third_Party/FreeRTOS/Source/queue.c.obj
                0x0800c686                xQueueReceive
 .text.xQueueReceiveFromISR
                0x0800c7e4       0xae CMakeFiles/HNU_RM_DM02.elf.dir/Middlewares/Third_Party/FreeRTOS/Source/queue.c.obj
                0x0800c7e4                xQueueReceiveFromISR
 *fill*         0x0800c892        0x2 
 .text.vQueueAddToRegistry
                0x0800c894       0x28 CMakeFiles/HNU_RM_DM02.elf.dir/Middlewares/Third_Party/FreeRTOS/Source/queue.c.obj
                0x0800c894                vQueueAddToRegistry
 .text.vQueueWaitForMessageRestricted
                0x0800c8bc       0x52 CMakeFiles/HNU_RM_DM02.elf.dir/Middlewares/Third_Party/FreeRTOS/Source/queue.c.obj
                0x0800c8bc                vQueueWaitForMessageRestricted
 *fill*         0x0800c90e        0x2 
 .text.prvResetNextTaskUnblockTime
                0x0800c910       0x2c CMakeFiles/HNU_RM_DM02.elf.dir/Middlewares/Third_Party/FreeRTOS/Source/tasks.c.obj
 .text.prvInitialiseNewTask
                0x0800c93c       0xa2 CMakeFiles/HNU_RM_DM02.elf.dir/Middlewares/Third_Party/FreeRTOS/Source/tasks.c.obj
 *fill*         0x0800c9de        0x2 
 .text.prvInitialiseTaskLists
                0x0800c9e0       0x68 CMakeFiles/HNU_RM_DM02.elf.dir/Middlewares/Third_Party/FreeRTOS/Source/tasks.c.obj
 .text.prvAddNewTaskToReadyList
                0x0800ca48       0xac CMakeFiles/HNU_RM_DM02.elf.dir/Middlewares/Third_Party/FreeRTOS/Source/tasks.c.obj
 .text.prvDeleteTCB
                0x0800caf4       0x38 CMakeFiles/HNU_RM_DM02.elf.dir/Middlewares/Third_Party/FreeRTOS/Source/tasks.c.obj
 .text.prvCheckTasksWaitingTermination
                0x0800cb2c       0x4c CMakeFiles/HNU_RM_DM02.elf.dir/Middlewares/Third_Party/FreeRTOS/Source/tasks.c.obj
 .text.prvIdleTask
                0x0800cb78       0x28 CMakeFiles/HNU_RM_DM02.elf.dir/Middlewares/Third_Party/FreeRTOS/Source/tasks.c.obj
 .text.prvAddCurrentTaskToDelayedList
                0x0800cba0       0xa0 CMakeFiles/HNU_RM_DM02.elf.dir/Middlewares/Third_Party/FreeRTOS/Source/tasks.c.obj
 .text.xTaskCreateStatic
                0x0800cc40       0x76 CMakeFiles/HNU_RM_DM02.elf.dir/Middlewares/Third_Party/FreeRTOS/Source/tasks.c.obj
                0x0800cc40                xTaskCreateStatic
 .text.xTaskCreate
                0x0800ccb6       0x64 CMakeFiles/HNU_RM_DM02.elf.dir/Middlewares/Third_Party/FreeRTOS/Source/tasks.c.obj
                0x0800ccb6                xTaskCreate
 *fill*         0x0800cd1a        0x2 
 .text.vTaskStartScheduler
                0x0800cd1c       0x98 CMakeFiles/HNU_RM_DM02.elf.dir/Middlewares/Third_Party/FreeRTOS/Source/tasks.c.obj
                0x0800cd1c                vTaskStartScheduler
 .text.vTaskSuspendAll
                0x0800cdb4       0x10 CMakeFiles/HNU_RM_DM02.elf.dir/Middlewares/Third_Party/FreeRTOS/Source/tasks.c.obj
                0x0800cdb4                vTaskSuspendAll
 .text.xTaskGetTickCount
                0x0800cdc4        0xc CMakeFiles/HNU_RM_DM02.elf.dir/Middlewares/Third_Party/FreeRTOS/Source/tasks.c.obj
                0x0800cdc4                xTaskGetTickCount
 .text.xTaskIncrementTick
                0x0800cdd0      0x118 CMakeFiles/HNU_RM_DM02.elf.dir/Middlewares/Third_Party/FreeRTOS/Source/tasks.c.obj
                0x0800cdd0                xTaskIncrementTick
 .text.xTaskResumeAll
                0x0800cee8       0xf8 CMakeFiles/HNU_RM_DM02.elf.dir/Middlewares/Third_Party/FreeRTOS/Source/tasks.c.obj
                0x0800cee8                xTaskResumeAll
 .text.vTaskDelay
                0x0800cfe0       0x4c CMakeFiles/HNU_RM_DM02.elf.dir/Middlewares/Third_Party/FreeRTOS/Source/tasks.c.obj
                0x0800cfe0                vTaskDelay
 .text.vTaskSwitchContext
                0x0800d02c       0x98 CMakeFiles/HNU_RM_DM02.elf.dir/Middlewares/Third_Party/FreeRTOS/Source/tasks.c.obj
                0x0800d02c                vTaskSwitchContext
 .text.vTaskPlaceOnEventList
                0x0800d0c4       0x30 CMakeFiles/HNU_RM_DM02.elf.dir/Middlewares/Third_Party/FreeRTOS/Source/tasks.c.obj
                0x0800d0c4                vTaskPlaceOnEventList
 .text.vTaskPlaceOnEventListRestricted
                0x0800d0f4       0x38 CMakeFiles/HNU_RM_DM02.elf.dir/Middlewares/Third_Party/FreeRTOS/Source/tasks.c.obj
                0x0800d0f4                vTaskPlaceOnEventListRestricted
 .text.xTaskRemoveFromEventList
                0x0800d12c       0x8c CMakeFiles/HNU_RM_DM02.elf.dir/Middlewares/Third_Party/FreeRTOS/Source/tasks.c.obj
                0x0800d12c                xTaskRemoveFromEventList
 .text.vTaskInternalSetTimeOutState
                0x0800d1b8       0x18 CMakeFiles/HNU_RM_DM02.elf.dir/Middlewares/Third_Party/FreeRTOS/Source/tasks.c.obj
                0x0800d1b8                vTaskInternalSetTimeOutState
 .text.xTaskCheckForTimeOut
                0x0800d1d0       0x84 CMakeFiles/HNU_RM_DM02.elf.dir/Middlewares/Third_Party/FreeRTOS/Source/tasks.c.obj
                0x0800d1d0                xTaskCheckForTimeOut
 .text.vTaskMissedYield
                0x0800d254        0xc CMakeFiles/HNU_RM_DM02.elf.dir/Middlewares/Third_Party/FreeRTOS/Source/tasks.c.obj
                0x0800d254                vTaskMissedYield
 .text.xTaskGetSchedulerState
                0x0800d260       0x20 CMakeFiles/HNU_RM_DM02.elf.dir/Middlewares/Third_Party/FreeRTOS/Source/tasks.c.obj
                0x0800d260                xTaskGetSchedulerState
 .text.xTaskPriorityDisinherit
                0x0800d280       0xb0 CMakeFiles/HNU_RM_DM02.elf.dir/Middlewares/Third_Party/FreeRTOS/Source/tasks.c.obj
                0x0800d280                xTaskPriorityDisinherit
 .text.prvGetNextExpireTime
                0x0800d330       0x20 CMakeFiles/HNU_RM_DM02.elf.dir/Middlewares/Third_Party/FreeRTOS/Source/timers.c.obj
 .text.prvInsertTimerInActiveList